[2.317s] Invoking command in '/home/zach/huy/tendon_clf/ros/build/spirob_ros': AMENT_PREFIX_PATH=/home/zach/huy/tendon_clf/ros/install/spirob_interfaces:${AMENT_PREFIX_PATH} CMAKE_PREFIX_PATH=/home/zach/huy/tendon_clf/ros/install/spirob_interfaces:${CMAKE_PREFIX_PATH} DEBUGINFOD_URLS=https://debuginfod.ubuntu.com LD_LIBRARY_PATH=/home/zach/huy/tendon_clf/ros/install/spirob_interfaces/lib:${LD_LIBRARY_PATH} PYTHONPATH=/home/zach/huy/tendon_clf/ros/build/spirob_ros/prefix_override:/usr/lib/python3/dist-packages/colcon_core/task/python/colcon_distutils_commands:/home/zach/huy/tendon_clf/ros/install/spirob_ros/lib/python3.12/site-packages:/home/zach/huy/tendon_clf/ros/install/spirob_interfaces/lib/python3.12/site-packages:${PYTHONPATH} /usr/bin/python3 -W ignore:setup.py install is deprecated -W ignore:easy_install command is deprecated setup.py develop --editable --build-directory /home/zach/huy/tendon_clf/ros/build/spirob_ros/build --no-deps symlink_data
[3.097s] running develop
[3.592s] running egg_info
[3.644s] writing spirob_ros.egg-info/PKG-INFO
[3.644s] writing dependency_links to spirob_ros.egg-info/dependency_links.txt
[3.645s] writing entry points to spirob_ros.egg-info/entry_points.txt
[3.645s] writing requirements to spirob_ros.egg-info/requires.txt
[3.645s] writing top-level names to spirob_ros.egg-info/top_level.txt
[3.740s] reading manifest file 'spirob_ros.egg-info/SOURCES.txt'
[3.743s] writing manifest file 'spirob_ros.egg-info/SOURCES.txt'
[3.797s] running build_ext
[3.797s] Creating /home/zach/huy/tendon_clf/ros/install/spirob_ros/lib/python3.12/site-packages/spirob-ros.egg-link (link to .)
[3.799s] Installing control_node script to /home/zach/huy/tendon_clf/ros/install/spirob_ros/lib/spirob_ros
[3.799s] Installing get_state_node script to /home/zach/huy/tendon_clf/ros/install/spirob_ros/lib/spirob_ros
[3.799s] Installing hardware_node script to /home/zach/huy/tendon_clf/ros/install/spirob_ros/lib/spirob_ros
[3.800s] Installing simulation_node script to /home/zach/huy/tendon_clf/ros/install/spirob_ros/lib/spirob_ros
[3.800s] Installing state_estimation_node script to /home/zach/huy/tendon_clf/ros/install/spirob_ros/lib/spirob_ros
[3.800s] Installing virtual_measurement_node script to /home/zach/huy/tendon_clf/ros/install/spirob_ros/lib/spirob_ros
[3.801s] 
[3.801s] Installed /home/zach/huy/tendon_clf/ros/build/spirob_ros
[3.801s] running symlink_data
[3.876s] Invoked command in '/home/zach/huy/tendon_clf/ros/build/spirob_ros' returned '0': AMENT_PREFIX_PATH=/home/zach/huy/tendon_clf/ros/install/spirob_interfaces:${AMENT_PREFIX_PATH} CMAKE_PREFIX_PATH=/home/zach/huy/tendon_clf/ros/install/spirob_interfaces:${CMAKE_PREFIX_PATH} DEBUGINFOD_URLS=https://debuginfod.ubuntu.com LD_LIBRARY_PATH=/home/zach/huy/tendon_clf/ros/install/spirob_interfaces/lib:${LD_LIBRARY_PATH} PYTHONPATH=/home/zach/huy/tendon_clf/ros/build/spirob_ros/prefix_override:/usr/lib/python3/dist-packages/colcon_core/task/python/colcon_distutils_commands:/home/zach/huy/tendon_clf/ros/install/spirob_ros/lib/python3.12/site-packages:/home/zach/huy/tendon_clf/ros/install/spirob_interfaces/lib/python3.12/site-packages:${PYTHONPATH} /usr/bin/python3 -W ignore:setup.py install is deprecated -W ignore:easy_install command is deprecated setup.py develop --editable --build-directory /home/zach/huy/tendon_clf/ros/build/spirob_ros/build --no-deps symlink_data
