[0.167s] DEBUG:colcon:Command line arguments: ['/usr/bin/colcon', 'build', '--symlink-install']
[0.167s] DEBUG:colcon:Parsed command line arguments: Namespace(log_base=None, log_level=None, verb_name='build', build_base='build', install_base='install', merge_install=False, symlink_install=True, test_result_base=None, continue_on_error=False, executor='parallel', parallel_workers=16, event_handlers=None, ignore_user_meta=False, metas=['./colcon.meta'], base_paths=['.'], packages_ignore=None, packages_ignore_regex=None, paths=None, packages_up_to=None, packages_up_to_regex=None, packages_above=None, packages_above_and_dependencies=None, packages_above_depth=None, packages_select_by_dep=None, packages_skip_by_dep=None, packages_skip_up_to=None, packages_select_build_failed=False, packages_skip_build_finished=False, packages_select_test_failures=False, packages_skip_test_passed=False, packages_select=None, packages_skip=None, packages_select_regex=None, packages_skip_regex=None, packages_start=None, packages_end=None, cmake_args=None, cmake_target=None, cmake_target_skip_unavailable=False, cmake_clean_cache=False, cmake_clean_first=False, cmake_force_configure=False, ament_cmake_args=None, catkin_cmake_args=None, catkin_skip_building_tests=False, verb_parser=<colcon_defaults.argument_parser.defaults.DefaultArgumentsDecorator object at 0x72ffd1552fc0>, verb_extension=<colcon_core.verb.build.BuildVerb object at 0x72ffd1552ed0>, main=<bound method BuildVerb.main of <colcon_core.verb.build.BuildVerb object at 0x72ffd1552ed0>>)
[0.230s] Level 1:colcon.colcon_core.package_discovery:discover_packages(colcon_meta) check parameters
[0.231s] Level 1:colcon.colcon_core.package_discovery:discover_packages(recursive) check parameters
[0.231s] Level 1:colcon.colcon_core.package_discovery:discover_packages(ignore) check parameters
[0.231s] Level 1:colcon.colcon_core.package_discovery:discover_packages(path) check parameters
[0.231s] Level 1:colcon.colcon_core.package_discovery:discover_packages(colcon_meta) discover
[0.231s] Level 1:colcon.colcon_core.package_discovery:discover_packages(recursive) discover
[0.231s] INFO:colcon.colcon_core.package_discovery:Crawling recursively for packages in '/home/zach/huy/tendon_clf/ros'
[0.231s] Level 1:colcon.colcon_core.package_identification:_identify(.) by extensions ['ignore', 'ignore_ament_install']
[0.231s] Level 1:colcon.colcon_core.package_identification:_identify(.) by extension 'ignore'
[0.231s] Level 1:colcon.colcon_core.package_identification:_identify(.) by extension 'ignore_ament_install'
[0.232s] Level 1:colcon.colcon_core.package_identification:_identify(.) by extensions ['colcon_pkg']
[0.232s] Level 1:colcon.colcon_core.package_identification:_identify(.) by extension 'colcon_pkg'
[0.232s] Level 1:colcon.colcon_core.package_identification:_identify(.) by extensions ['colcon_meta']
[0.232s] Level 1:colcon.colcon_core.package_identification:_identify(.) by extension 'colcon_meta'
[0.232s] Level 1:colcon.colcon_core.package_identification:_identify(.) by extensions ['ros']
[0.232s] Level 1:colcon.colcon_core.package_identification:_identify(.) by extension 'ros'
[0.273s] Level 1:colcon.colcon_core.package_identification:_identify(.) by extensions ['cmake', 'python']
[0.273s] Level 1:colcon.colcon_core.package_identification:_identify(.) by extension 'cmake'
[0.273s] Level 1:colcon.colcon_core.package_identification:_identify(.) by extension 'python'
[0.273s] Level 1:colcon.colcon_core.package_identification:_identify(.) by extensions ['python_setup_py']
[0.273s] Level 1:colcon.colcon_core.package_identification:_identify(.) by extension 'python_setup_py'
[0.273s] Level 1:colcon.colcon_core.package_identification:_identify(build) by extensions ['ignore', 'ignore_ament_install']
[0.273s] Level 1:colcon.colcon_core.package_identification:_identify(build) by extension 'ignore'
[0.274s] Level 1:colcon.colcon_core.package_identification:_identify(build) ignored
[0.274s] Level 1:colcon.colcon_core.package_identification:_identify(install) by extensions ['ignore', 'ignore_ament_install']
[0.274s] Level 1:colcon.colcon_core.package_identification:_identify(install) by extension 'ignore'
[0.274s] Level 1:colcon.colcon_core.package_identification:_identify(install) ignored
[0.274s] Level 1:colcon.colcon_core.package_identification:_identify(log) by extensions ['ignore', 'ignore_ament_install']
[0.274s] Level 1:colcon.colcon_core.package_identification:_identify(log) by extension 'ignore'
[0.274s] Level 1:colcon.colcon_core.package_identification:_identify(log) ignored
[0.274s] Level 1:colcon.colcon_core.package_identification:_identify(spirob_interfaces) by extensions ['ignore', 'ignore_ament_install']
[0.274s] Level 1:colcon.colcon_core.package_identification:_identify(spirob_interfaces) by extension 'ignore'
[0.274s] Level 1:colcon.colcon_core.package_identification:_identify(spirob_interfaces) by extension 'ignore_ament_install'
[0.274s] Level 1:colcon.colcon_core.package_identification:_identify(spirob_interfaces) by extensions ['colcon_pkg']
[0.275s] Level 1:colcon.colcon_core.package_identification:_identify(spirob_interfaces) by extension 'colcon_pkg'
[0.275s] Level 1:colcon.colcon_core.package_identification:_identify(spirob_interfaces) by extensions ['colcon_meta']
[0.275s] Level 1:colcon.colcon_core.package_identification:_identify(spirob_interfaces) by extension 'colcon_meta'
[0.275s] Level 1:colcon.colcon_core.package_identification:_identify(spirob_interfaces) by extensions ['ros']
[0.275s] Level 1:colcon.colcon_core.package_identification:_identify(spirob_interfaces) by extension 'ros'
[0.278s] DEBUG:colcon.colcon_core.package_identification:Package 'spirob_interfaces' with type 'ros.ament_cmake' and name 'spirob_interfaces'
[0.279s] Level 1:colcon.colcon_core.package_identification:_identify(spirob_ros) by extensions ['ignore', 'ignore_ament_install']
[0.279s] Level 1:colcon.colcon_core.package_identification:_identify(spirob_ros) by extension 'ignore'
[0.279s] Level 1:colcon.colcon_core.package_identification:_identify(spirob_ros) by extension 'ignore_ament_install'
[0.279s] Level 1:colcon.colcon_core.package_identification:_identify(spirob_ros) by extensions ['colcon_pkg']
[0.279s] Level 1:colcon.colcon_core.package_identification:_identify(spirob_ros) by extension 'colcon_pkg'
[0.279s] Level 1:colcon.colcon_core.package_identification:_identify(spirob_ros) by extensions ['colcon_meta']
[0.279s] Level 1:colcon.colcon_core.package_identification:_identify(spirob_ros) by extension 'colcon_meta'
[0.279s] Level 1:colcon.colcon_core.package_identification:_identify(spirob_ros) by extensions ['ros']
[0.279s] Level 1:colcon.colcon_core.package_identification:_identify(spirob_ros) by extension 'ros'
[0.280s] DEBUG:colcon.colcon_core.package_identification:Package 'spirob_ros' with type 'ros.ament_python' and name 'spirob_ros'
[0.280s] Level 1:colcon.colcon_core.package_discovery:discover_packages(recursive) using defaults
[0.280s] Level 1:colcon.colcon_core.package_discovery:discover_packages(ignore) discover
[0.280s] Level 1:colcon.colcon_core.package_discovery:discover_packages(ignore) using defaults
[0.280s] Level 1:colcon.colcon_core.package_discovery:discover_packages(path) discover
[0.280s] Level 1:colcon.colcon_core.package_discovery:discover_packages(path) using defaults
[0.308s] Level 5:colcon.colcon_core.verb:set package 'spirob_interfaces' build argument 'cmake_args' from command line to 'None'
[0.308s] Level 5:colcon.colcon_core.verb:set package 'spirob_interfaces' build argument 'cmake_target' from command line to 'None'
[0.308s] Level 5:colcon.colcon_core.verb:set package 'spirob_interfaces' build argument 'cmake_target_skip_unavailable' from command line to 'False'
[0.308s] Level 5:colcon.colcon_core.verb:set package 'spirob_interfaces' build argument 'cmake_clean_cache' from command line to 'False'
[0.308s] Level 5:colcon.colcon_core.verb:set package 'spirob_interfaces' build argument 'cmake_clean_first' from command line to 'False'
[0.309s] Level 5:colcon.colcon_core.verb:set package 'spirob_interfaces' build argument 'cmake_force_configure' from command line to 'False'
[0.309s] Level 5:colcon.colcon_core.verb:set package 'spirob_interfaces' build argument 'ament_cmake_args' from command line to 'None'
[0.309s] Level 5:colcon.colcon_core.verb:set package 'spirob_interfaces' build argument 'catkin_cmake_args' from command line to 'None'
[0.309s] Level 5:colcon.colcon_core.verb:set package 'spirob_interfaces' build argument 'catkin_skip_building_tests' from command line to 'False'
[0.309s] DEBUG:colcon.colcon_core.verb:Building package 'spirob_interfaces' with the following arguments: {'ament_cmake_args': None, 'build_base': '/home/zach/huy/tendon_clf/ros/build/spirob_interfaces', 'catkin_cmake_args': None, 'catkin_skip_building_tests': False, 'cmake_args': None, 'cmake_clean_cache': False, 'cmake_clean_first': False, 'cmake_force_configure': False, 'cmake_target': None, 'cmake_target_skip_unavailable': False, 'install_base': '/home/zach/huy/tendon_clf/ros/install/spirob_interfaces', 'merge_install': False, 'path': '/home/zach/huy/tendon_clf/ros/spirob_interfaces', 'symlink_install': True, 'test_result_base': None}
[0.309s] Level 5:colcon.colcon_core.verb:set package 'spirob_ros' build argument 'cmake_args' from command line to 'None'
[0.309s] Level 5:colcon.colcon_core.verb:set package 'spirob_ros' build argument 'cmake_target' from command line to 'None'
[0.309s] Level 5:colcon.colcon_core.verb:set package 'spirob_ros' build argument 'cmake_target_skip_unavailable' from command line to 'False'
[0.309s] Level 5:colcon.colcon_core.verb:set package 'spirob_ros' build argument 'cmake_clean_cache' from command line to 'False'
[0.309s] Level 5:colcon.colcon_core.verb:set package 'spirob_ros' build argument 'cmake_clean_first' from command line to 'False'
[0.309s] Level 5:colcon.colcon_core.verb:set package 'spirob_ros' build argument 'cmake_force_configure' from command line to 'False'
[0.309s] Level 5:colcon.colcon_core.verb:set package 'spirob_ros' build argument 'ament_cmake_args' from command line to 'None'
[0.309s] Level 5:colcon.colcon_core.verb:set package 'spirob_ros' build argument 'catkin_cmake_args' from command line to 'None'
[0.309s] Level 5:colcon.colcon_core.verb:set package 'spirob_ros' build argument 'catkin_skip_building_tests' from command line to 'False'
[0.309s] DEBUG:colcon.colcon_core.verb:Building package 'spirob_ros' with the following arguments: {'ament_cmake_args': None, 'build_base': '/home/zach/huy/tendon_clf/ros/build/spirob_ros', 'catkin_cmake_args': None, 'catkin_skip_building_tests': False, 'cmake_args': None, 'cmake_clean_cache': False, 'cmake_clean_first': False, 'cmake_force_configure': False, 'cmake_target': None, 'cmake_target_skip_unavailable': False, 'install_base': '/home/zach/huy/tendon_clf/ros/install/spirob_ros', 'merge_install': False, 'path': '/home/zach/huy/tendon_clf/ros/spirob_ros', 'symlink_install': True, 'test_result_base': None}
[0.309s] INFO:colcon.colcon_core.executor:Executing jobs using 'parallel' executor
[0.311s] DEBUG:colcon.colcon_parallel_executor.executor.parallel:run_until_complete
[0.311s] INFO:colcon.colcon_ros.task.ament_cmake.build:Building ROS package in '/home/zach/huy/tendon_clf/ros/spirob_interfaces' with build type 'ament_cmake'
[0.311s] INFO:colcon.colcon_cmake.task.cmake.build:Building CMake package in '/home/zach/huy/tendon_clf/ros/spirob_interfaces'
[0.314s] INFO:colcon.colcon_core.plugin_system:Skipping extension 'colcon_core.shell.bat': Not used on non-Windows systems
[0.314s] DEBUG:colcon.colcon_core.shell:Skip shell extension 'dsv' for command environment
[0.338s] DEBUG:colcon.colcon_core.event_handler.log_command:Invoking command in '/home/zach/huy/tendon_clf/ros/build/spirob_interfaces': CMAKE_PREFIX_PATH=${CMAKE_PREFIX_PATH}:/home/zach/drl-turtle/ros2_ws/install/turtle_rl:/home/zach/drl-turtle/ros2_ws/install/turtle_hardware:/home/zach/drl-turtle/ros2_ws/install/opencv_tests:/opt/ros/jazzy DEBUGINFOD_URLS=https://debuginfod.ubuntu.com /usr/bin/cmake /home/zach/huy/tendon_clf/ros/spirob_interfaces -DAMENT_CMAKE_SYMLINK_INSTALL=1 -DCMAKE_INSTALL_PREFIX=/home/zach/huy/tendon_clf/ros/install/spirob_interfaces
[3.263s] DEBUG:colcon.colcon_core.event_handler.log_command:Invoked command in '/home/zach/huy/tendon_clf/ros/build/spirob_interfaces' returned '0': CMAKE_PREFIX_PATH=${CMAKE_PREFIX_PATH}:/home/zach/drl-turtle/ros2_ws/install/turtle_rl:/home/zach/drl-turtle/ros2_ws/install/turtle_hardware:/home/zach/drl-turtle/ros2_ws/install/opencv_tests:/opt/ros/jazzy DEBUGINFOD_URLS=https://debuginfod.ubuntu.com /usr/bin/cmake /home/zach/huy/tendon_clf/ros/spirob_interfaces -DAMENT_CMAKE_SYMLINK_INSTALL=1 -DCMAKE_INSTALL_PREFIX=/home/zach/huy/tendon_clf/ros/install/spirob_interfaces
[3.264s] DEBUG:colcon.colcon_core.event_handler.log_command:Invoking command in '/home/zach/huy/tendon_clf/ros/build/spirob_interfaces': CMAKE_PREFIX_PATH=${CMAKE_PREFIX_PATH}:/home/zach/drl-turtle/ros2_ws/install/turtle_rl:/home/zach/drl-turtle/ros2_ws/install/turtle_hardware:/home/zach/drl-turtle/ros2_ws/install/opencv_tests:/opt/ros/jazzy DEBUGINFOD_URLS=https://debuginfod.ubuntu.com /usr/bin/cmake --build /home/zach/huy/tendon_clf/ros/build/spirob_interfaces -- -j16 -l16
[4.334s] DEBUG:colcon.colcon_core.event_handler.log_command:Invoked command in '/home/zach/huy/tendon_clf/ros/build/spirob_interfaces' returned '0': CMAKE_PREFIX_PATH=${CMAKE_PREFIX_PATH}:/home/zach/drl-turtle/ros2_ws/install/turtle_rl:/home/zach/drl-turtle/ros2_ws/install/turtle_hardware:/home/zach/drl-turtle/ros2_ws/install/opencv_tests:/opt/ros/jazzy DEBUGINFOD_URLS=https://debuginfod.ubuntu.com /usr/bin/cmake --build /home/zach/huy/tendon_clf/ros/build/spirob_interfaces -- -j16 -l16
[4.359s] DEBUG:colcon.colcon_core.event_handler.log_command:Invoking command in '/home/zach/huy/tendon_clf/ros/build/spirob_interfaces': CMAKE_PREFIX_PATH=${CMAKE_PREFIX_PATH}:/home/zach/drl-turtle/ros2_ws/install/turtle_rl:/home/zach/drl-turtle/ros2_ws/install/turtle_hardware:/home/zach/drl-turtle/ros2_ws/install/opencv_tests:/opt/ros/jazzy DEBUGINFOD_URLS=https://debuginfod.ubuntu.com /usr/bin/cmake --install /home/zach/huy/tendon_clf/ros/build/spirob_interfaces
[4.545s] Level 1:colcon.colcon_core.environment:create_environment_scripts_only(spirob_interfaces)
[4.546s] DEBUG:colcon.colcon_core.event_handler.log_command:Invoked command in '/home/zach/huy/tendon_clf/ros/build/spirob_interfaces' returned '0': CMAKE_PREFIX_PATH=${CMAKE_PREFIX_PATH}:/home/zach/drl-turtle/ros2_ws/install/turtle_rl:/home/zach/drl-turtle/ros2_ws/install/turtle_hardware:/home/zach/drl-turtle/ros2_ws/install/opencv_tests:/opt/ros/jazzy DEBUGINFOD_URLS=https://debuginfod.ubuntu.com /usr/bin/cmake --install /home/zach/huy/tendon_clf/ros/build/spirob_interfaces
[4.549s] Level 1:colcon.colcon_core.environment:checking '/home/zach/huy/tendon_clf/ros/install/spirob_interfaces' for CMake module files
[4.551s] Level 1:colcon.colcon_core.environment:checking '/home/zach/huy/tendon_clf/ros/install/spirob_interfaces' for CMake config files
[4.552s] Level 1:colcon.colcon_core.shell:create_environment_hook('spirob_interfaces', 'cmake_prefix_path')
[4.552s] INFO:colcon.colcon_core.shell:Creating environment descriptor '/home/zach/huy/tendon_clf/ros/install/spirob_interfaces/share/spirob_interfaces/hook/cmake_prefix_path.dsv'
[4.553s] INFO:colcon.colcon_core.shell:Creating environment hook '/home/zach/huy/tendon_clf/ros/install/spirob_interfaces/share/spirob_interfaces/hook/cmake_prefix_path.sh'
[4.555s] Level 1:colcon.colcon_core.environment:checking '/home/zach/huy/tendon_clf/ros/install/spirob_interfaces/lib'
[4.555s] Level 1:colcon.colcon_core.shell:create_environment_hook('spirob_interfaces', 'ld_library_path_lib')
[4.556s] INFO:colcon.colcon_core.shell:Creating environment descriptor '/home/zach/huy/tendon_clf/ros/install/spirob_interfaces/share/spirob_interfaces/hook/ld_library_path_lib.dsv'
[4.556s] INFO:colcon.colcon_core.shell:Creating environment hook '/home/zach/huy/tendon_clf/ros/install/spirob_interfaces/share/spirob_interfaces/hook/ld_library_path_lib.sh'
[4.557s] Level 1:colcon.colcon_core.environment:checking '/home/zach/huy/tendon_clf/ros/install/spirob_interfaces/bin'
[4.557s] Level 1:colcon.colcon_core.environment:checking '/home/zach/huy/tendon_clf/ros/install/spirob_interfaces/lib/pkgconfig/spirob_interfaces.pc'
[4.563s] Level 1:colcon.colcon_core.environment:checking '/home/zach/huy/tendon_clf/ros/install/spirob_interfaces/lib/python3.12/site-packages'
[4.563s] Level 1:colcon.colcon_core.shell:create_environment_hook('spirob_interfaces', 'pythonpath')
[4.563s] INFO:colcon.colcon_core.shell:Creating environment descriptor '/home/zach/huy/tendon_clf/ros/install/spirob_interfaces/share/spirob_interfaces/hook/pythonpath.dsv'
[4.564s] INFO:colcon.colcon_core.shell:Creating environment hook '/home/zach/huy/tendon_clf/ros/install/spirob_interfaces/share/spirob_interfaces/hook/pythonpath.sh'
[4.565s] Level 1:colcon.colcon_core.environment:checking '/home/zach/huy/tendon_clf/ros/install/spirob_interfaces/bin'
[4.566s] INFO:colcon.colcon_core.shell:Creating package descriptor '/home/zach/huy/tendon_clf/ros/install/spirob_interfaces/share/spirob_interfaces/package.dsv'
[4.567s] INFO:colcon.colcon_core.shell:Creating package script '/home/zach/huy/tendon_clf/ros/install/spirob_interfaces/share/spirob_interfaces/package.sh'
[4.568s] INFO:colcon.colcon_core.shell:Creating package script '/home/zach/huy/tendon_clf/ros/install/spirob_interfaces/share/spirob_interfaces/package.bash'
[4.568s] INFO:colcon.colcon_core.shell:Creating package script '/home/zach/huy/tendon_clf/ros/install/spirob_interfaces/share/spirob_interfaces/package.zsh'
[4.569s] Level 1:colcon.colcon_core.environment:create_file_with_runtime_dependencies(/home/zach/huy/tendon_clf/ros/install/spirob_interfaces/share/colcon-core/packages/spirob_interfaces)
[4.570s] Level 1:colcon.colcon_core.environment:create_environment_scripts_only(spirob_interfaces)
[4.570s] Level 1:colcon.colcon_core.environment:checking '/home/zach/huy/tendon_clf/ros/install/spirob_interfaces' for CMake module files
[4.572s] Level 1:colcon.colcon_core.environment:checking '/home/zach/huy/tendon_clf/ros/install/spirob_interfaces' for CMake config files
[4.572s] Level 1:colcon.colcon_core.shell:create_environment_hook('spirob_interfaces', 'cmake_prefix_path')
[4.573s] INFO:colcon.colcon_core.shell:Creating environment descriptor '/home/zach/huy/tendon_clf/ros/install/spirob_interfaces/share/spirob_interfaces/hook/cmake_prefix_path.dsv'
[4.573s] INFO:colcon.colcon_core.shell:Creating environment hook '/home/zach/huy/tendon_clf/ros/install/spirob_interfaces/share/spirob_interfaces/hook/cmake_prefix_path.sh'
[4.574s] Level 1:colcon.colcon_core.environment:checking '/home/zach/huy/tendon_clf/ros/install/spirob_interfaces/lib'
[4.574s] Level 1:colcon.colcon_core.shell:create_environment_hook('spirob_interfaces', 'ld_library_path_lib')
[4.574s] INFO:colcon.colcon_core.shell:Creating environment descriptor '/home/zach/huy/tendon_clf/ros/install/spirob_interfaces/share/spirob_interfaces/hook/ld_library_path_lib.dsv'
[4.575s] INFO:colcon.colcon_core.shell:Creating environment hook '/home/zach/huy/tendon_clf/ros/install/spirob_interfaces/share/spirob_interfaces/hook/ld_library_path_lib.sh'
[4.576s] Level 1:colcon.colcon_core.environment:checking '/home/zach/huy/tendon_clf/ros/install/spirob_interfaces/bin'
[4.576s] Level 1:colcon.colcon_core.environment:checking '/home/zach/huy/tendon_clf/ros/install/spirob_interfaces/lib/pkgconfig/spirob_interfaces.pc'
[4.576s] Level 1:colcon.colcon_core.environment:checking '/home/zach/huy/tendon_clf/ros/install/spirob_interfaces/lib/python3.12/site-packages'
[4.576s] Level 1:colcon.colcon_core.shell:create_environment_hook('spirob_interfaces', 'pythonpath')
[4.577s] INFO:colcon.colcon_core.shell:Creating environment descriptor '/home/zach/huy/tendon_clf/ros/install/spirob_interfaces/share/spirob_interfaces/hook/pythonpath.dsv'
[4.577s] INFO:colcon.colcon_core.shell:Creating environment hook '/home/zach/huy/tendon_clf/ros/install/spirob_interfaces/share/spirob_interfaces/hook/pythonpath.sh'
[4.578s] Level 1:colcon.colcon_core.environment:checking '/home/zach/huy/tendon_clf/ros/install/spirob_interfaces/bin'
[4.578s] INFO:colcon.colcon_core.shell:Creating package descriptor '/home/zach/huy/tendon_clf/ros/install/spirob_interfaces/share/spirob_interfaces/package.dsv'
[4.579s] INFO:colcon.colcon_core.shell:Creating package script '/home/zach/huy/tendon_clf/ros/install/spirob_interfaces/share/spirob_interfaces/package.sh'
[4.580s] INFO:colcon.colcon_core.shell:Creating package script '/home/zach/huy/tendon_clf/ros/install/spirob_interfaces/share/spirob_interfaces/package.bash'
[4.581s] INFO:colcon.colcon_core.shell:Creating package script '/home/zach/huy/tendon_clf/ros/install/spirob_interfaces/share/spirob_interfaces/package.zsh'
[4.582s] Level 1:colcon.colcon_core.environment:create_file_with_runtime_dependencies(/home/zach/huy/tendon_clf/ros/install/spirob_interfaces/share/colcon-core/packages/spirob_interfaces)
[4.582s] INFO:colcon.colcon_ros.task.ament_python.build:Building ROS package in '/home/zach/huy/tendon_clf/ros/spirob_ros' with build type 'ament_python'
[4.582s] Level 1:colcon.colcon_core.shell:create_environment_hook('spirob_ros', 'ament_prefix_path')
[4.583s] INFO:colcon.colcon_core.shell:Creating environment descriptor '/home/zach/huy/tendon_clf/ros/install/spirob_ros/share/spirob_ros/hook/ament_prefix_path.dsv'
[4.584s] INFO:colcon.colcon_core.shell:Creating environment hook '/home/zach/huy/tendon_clf/ros/install/spirob_ros/share/spirob_ros/hook/ament_prefix_path.sh'
[4.585s] DEBUG:colcon.colcon_core.shell:Skip shell extension 'dsv' for command environment
[5.079s] INFO:colcon.colcon_core.task.python.build:Building Python package in '/home/zach/huy/tendon_clf/ros/spirob_ros'
[5.079s] DEBUG:colcon.colcon_core.shell:Skip shell extension 'dsv' for command environment
[6.198s] DEBUG:colcon.colcon_core.task.python.build:While undoing a previous installation files outside the Python library path are being ignored: /home/zach/huy/tendon_clf/ros/install/spirob_ros/share/ament_index/resource_index/packages/spirob_ros
[6.198s] DEBUG:colcon.colcon_core.task.python.build:While undoing a previous installation files outside the Python library path are being ignored: /home/zach/huy/tendon_clf/ros/install/spirob_ros/share/spirob_ros/package.xml
[6.198s] DEBUG:colcon.colcon_core.task.python.build:While undoing a previous installation files outside the Python library path are being ignored: /home/zach/huy/tendon_clf/ros/install/spirob_ros/share/spirob_ros/launch/spirob.launch.py
[6.198s] DEBUG:colcon.colcon_core.task.python.build:While undoing a previous installation files outside the Python library path are being ignored: /home/zach/huy/tendon_clf/ros/install/spirob_ros/lib/spirob_ros/control_node
[6.198s] DEBUG:colcon.colcon_core.task.python.build:While undoing a previous installation files outside the Python library path are being ignored: /home/zach/huy/tendon_clf/ros/install/spirob_ros/lib/spirob_ros/hardware_node
[6.198s] DEBUG:colcon.colcon_core.task.python.build:While undoing a previous installation files outside the Python library path are being ignored: /home/zach/huy/tendon_clf/ros/install/spirob_ros/lib/spirob_ros/simulation_node
[6.198s] DEBUG:colcon.colcon_core.task.python.build:While undoing a previous installation files outside the Python library path are being ignored: /home/zach/huy/tendon_clf/ros/install/spirob_ros/lib/spirob_ros/state_estimation_node
[6.198s] DEBUG:colcon.colcon_core.task.python.build:While undoing a previous installation files outside the Python library path are being ignored: /home/zach/huy/tendon_clf/ros/install/spirob_ros/lib/spirob_ros/virtual_measurement_node
[6.201s] DEBUG:colcon.colcon_core.event_handler.log_command:Invoking command in '/home/zach/huy/tendon_clf/ros/build/spirob_ros': AMENT_PREFIX_PATH=/home/zach/huy/tendon_clf/ros/install/spirob_interfaces:${AMENT_PREFIX_PATH} CMAKE_PREFIX_PATH=/home/zach/huy/tendon_clf/ros/install/spirob_interfaces:${CMAKE_PREFIX_PATH} DEBUGINFOD_URLS=https://debuginfod.ubuntu.com LD_LIBRARY_PATH=/home/zach/huy/tendon_clf/ros/install/spirob_interfaces/lib:${LD_LIBRARY_PATH} PYTHONPATH=/home/zach/huy/tendon_clf/ros/build/spirob_ros/prefix_override:/usr/lib/python3/dist-packages/colcon_core/task/python/colcon_distutils_commands:/home/zach/huy/tendon_clf/ros/install/spirob_ros/lib/python3.12/site-packages:/home/zach/huy/tendon_clf/ros/install/spirob_interfaces/lib/python3.12/site-packages:${PYTHONPATH} /usr/bin/python3 -W ignore:setup.py install is deprecated -W ignore:easy_install command is deprecated setup.py develop --editable --build-directory /home/zach/huy/tendon_clf/ros/build/spirob_ros/build --no-deps symlink_data --force
[7.281s] Level 1:colcon.colcon_core.shell:create_environment_hook('spirob_ros', 'pythonpath_develop')
[7.282s] INFO:colcon.colcon_core.shell:Creating environment descriptor '/home/zach/huy/tendon_clf/ros/build/spirob_ros/share/spirob_ros/hook/pythonpath_develop.dsv'
[7.282s] DEBUG:colcon.colcon_core.event_handler.log_command:Invoked command in '/home/zach/huy/tendon_clf/ros/build/spirob_ros' returned '0': AMENT_PREFIX_PATH=/home/zach/huy/tendon_clf/ros/install/spirob_interfaces:${AMENT_PREFIX_PATH} CMAKE_PREFIX_PATH=/home/zach/huy/tendon_clf/ros/install/spirob_interfaces:${CMAKE_PREFIX_PATH} DEBUGINFOD_URLS=https://debuginfod.ubuntu.com LD_LIBRARY_PATH=/home/zach/huy/tendon_clf/ros/install/spirob_interfaces/lib:${LD_LIBRARY_PATH} PYTHONPATH=/home/zach/huy/tendon_clf/ros/build/spirob_ros/prefix_override:/usr/lib/python3/dist-packages/colcon_core/task/python/colcon_distutils_commands:/home/zach/huy/tendon_clf/ros/install/spirob_ros/lib/python3.12/site-packages:/home/zach/huy/tendon_clf/ros/install/spirob_interfaces/lib/python3.12/site-packages:${PYTHONPATH} /usr/bin/python3 -W ignore:setup.py install is deprecated -W ignore:easy_install command is deprecated setup.py develop --editable --build-directory /home/zach/huy/tendon_clf/ros/build/spirob_ros/build --no-deps symlink_data --force
[7.283s] INFO:colcon.colcon_core.shell:Creating environment hook '/home/zach/huy/tendon_clf/ros/build/spirob_ros/share/spirob_ros/hook/pythonpath_develop.sh'
[7.284s] Level 1:colcon.colcon_core.environment:checking '/home/zach/huy/tendon_clf/ros/install/spirob_ros' for CMake module files
[7.285s] Level 1:colcon.colcon_core.environment:checking '/home/zach/huy/tendon_clf/ros/install/spirob_ros' for CMake config files
[7.285s] Level 1:colcon.colcon_core.environment:checking '/home/zach/huy/tendon_clf/ros/install/spirob_ros/lib'
[7.286s] Level 1:colcon.colcon_core.environment:checking '/home/zach/huy/tendon_clf/ros/install/spirob_ros/bin'
[7.286s] Level 1:colcon.colcon_core.environment:checking '/home/zach/huy/tendon_clf/ros/install/spirob_ros/lib/pkgconfig/spirob_ros.pc'
[7.286s] Level 1:colcon.colcon_core.environment:checking '/home/zach/huy/tendon_clf/ros/install/spirob_ros/lib/python3.12/site-packages'
[7.286s] Level 1:colcon.colcon_core.shell:create_environment_hook('spirob_ros', 'pythonpath')
[7.286s] INFO:colcon.colcon_core.shell:Creating environment descriptor '/home/zach/huy/tendon_clf/ros/install/spirob_ros/share/spirob_ros/hook/pythonpath.dsv'
[7.287s] INFO:colcon.colcon_core.shell:Creating environment hook '/home/zach/huy/tendon_clf/ros/install/spirob_ros/share/spirob_ros/hook/pythonpath.sh'
[7.288s] Level 1:colcon.colcon_core.environment:checking '/home/zach/huy/tendon_clf/ros/install/spirob_ros/bin'
[7.288s] Level 1:colcon.colcon_core.environment:create_environment_scripts_only(spirob_ros)
[7.288s] INFO:colcon.colcon_core.shell:Creating package descriptor '/home/zach/huy/tendon_clf/ros/install/spirob_ros/share/spirob_ros/package.dsv'
[7.289s] INFO:colcon.colcon_core.shell:Creating package script '/home/zach/huy/tendon_clf/ros/install/spirob_ros/share/spirob_ros/package.sh'
[7.289s] INFO:colcon.colcon_core.shell:Creating package script '/home/zach/huy/tendon_clf/ros/install/spirob_ros/share/spirob_ros/package.bash'
[7.290s] INFO:colcon.colcon_core.shell:Creating package script '/home/zach/huy/tendon_clf/ros/install/spirob_ros/share/spirob_ros/package.zsh'
[7.290s] Level 1:colcon.colcon_core.environment:create_file_with_runtime_dependencies(/home/zach/huy/tendon_clf/ros/install/spirob_ros/share/colcon-core/packages/spirob_ros)
[7.291s] DEBUG:colcon.colcon_parallel_executor.executor.parallel:closing loop
[7.291s] DEBUG:colcon.colcon_parallel_executor.executor.parallel:loop closed
[7.291s] DEBUG:colcon.colcon_parallel_executor.executor.parallel:run_until_complete finished with '0'
[7.292s] DEBUG:colcon.colcon_core.event_reactor:joining thread
[7.306s] INFO:colcon.colcon_core.plugin_system:Skipping extension 'colcon_notification.desktop_notification.terminal_notifier': Not used on non-Darwin systems
[7.306s] INFO:colcon.colcon_core.plugin_system:Skipping extension 'colcon_notification.desktop_notification.win32': Not used on non-Windows systems
[7.306s] INFO:colcon.colcon_notification.desktop_notification:Sending desktop notification using 'notify2'
[7.333s] DEBUG:colcon.colcon_core.event_reactor:joined thread
[7.334s] INFO:colcon.colcon_core.shell:Creating prefix script '/home/zach/huy/tendon_clf/ros/install/local_setup.sh'
[7.335s] INFO:colcon.colcon_core.shell:Creating prefix util module '/home/zach/huy/tendon_clf/ros/install/_local_setup_util_sh.py'
[7.337s] INFO:colcon.colcon_core.shell:Creating prefix chain script '/home/zach/huy/tendon_clf/ros/install/setup.sh'
[7.339s] INFO:colcon.colcon_core.shell:Creating prefix script '/home/zach/huy/tendon_clf/ros/install/local_setup.bash'
[7.340s] INFO:colcon.colcon_core.shell:Creating prefix chain script '/home/zach/huy/tendon_clf/ros/install/setup.bash'
[7.342s] INFO:colcon.colcon_core.shell:Creating prefix script '/home/zach/huy/tendon_clf/ros/install/local_setup.zsh'
[7.343s] INFO:colcon.colcon_core.shell:Creating prefix chain script '/home/zach/huy/tendon_clf/ros/install/setup.zsh'
