[0.179s] DEBUG:colcon:Command line arguments: ['/usr/bin/colcon', 'build', '--symlink-install']
[0.179s] DEBUG:colcon:Parsed command line arguments: Namespace(log_base=None, log_level=None, verb_name='build', build_base='build', install_base='install', merge_install=False, symlink_install=True, test_result_base=None, continue_on_error=False, executor='parallel', parallel_workers=16, event_handlers=None, ignore_user_meta=False, metas=['./colcon.meta'], base_paths=['.'], packages_ignore=None, packages_ignore_regex=None, paths=None, packages_up_to=None, packages_up_to_regex=None, packages_above=None, packages_above_and_dependencies=None, packages_above_depth=None, packages_select_by_dep=None, packages_skip_by_dep=None, packages_skip_up_to=None, packages_select_build_failed=False, packages_skip_build_finished=False, packages_select_test_failures=False, packages_skip_test_passed=False, packages_select=None, packages_skip=None, packages_select_regex=None, packages_skip_regex=None, packages_start=None, packages_end=None, cmake_args=None, cmake_target=None, cmake_target_skip_unavailable=False, cmake_clean_cache=False, cmake_clean_first=False, cmake_force_configure=False, ament_cmake_args=None, catkin_cmake_args=None, catkin_skip_building_tests=False, verb_parser=<colcon_defaults.argument_parser.defaults.DefaultArgumentsDecorator object at 0x70f355063890>, verb_extension=<colcon_core.verb.build.BuildVerb object at 0x70f3550636b0>, main=<bound method BuildVerb.main of <colcon_core.verb.build.BuildVerb object at 0x70f3550636b0>>)
[0.254s] Level 1:colcon.colcon_core.package_discovery:discover_packages(colcon_meta) check parameters
[0.254s] Level 1:colcon.colcon_core.package_discovery:discover_packages(recursive) check parameters
[0.254s] Level 1:colcon.colcon_core.package_discovery:discover_packages(ignore) check parameters
[0.254s] Level 1:colcon.colcon_core.package_discovery:discover_packages(path) check parameters
[0.254s] Level 1:colcon.colcon_core.package_discovery:discover_packages(colcon_meta) discover
[0.255s] Level 1:colcon.colcon_core.package_discovery:discover_packages(recursive) discover
[0.255s] INFO:colcon.colcon_core.package_discovery:Crawling recursively for packages in '/home/zach/huy/tendon_clf/ros'
[0.255s] Level 1:colcon.colcon_core.package_identification:_identify(.) by extensions ['ignore', 'ignore_ament_install']
[0.255s] Level 1:colcon.colcon_core.package_identification:_identify(.) by extension 'ignore'
[0.255s] Level 1:colcon.colcon_core.package_identification:_identify(.) by extension 'ignore_ament_install'
[0.255s] Level 1:colcon.colcon_core.package_identification:_identify(.) by extensions ['colcon_pkg']
[0.255s] Level 1:colcon.colcon_core.package_identification:_identify(.) by extension 'colcon_pkg'
[0.255s] Level 1:colcon.colcon_core.package_identification:_identify(.) by extensions ['colcon_meta']
[0.255s] Level 1:colcon.colcon_core.package_identification:_identify(.) by extension 'colcon_meta'
[0.255s] Level 1:colcon.colcon_core.package_identification:_identify(.) by extensions ['ros']
[0.255s] Level 1:colcon.colcon_core.package_identification:_identify(.) by extension 'ros'
[0.302s] Level 1:colcon.colcon_core.package_identification:_identify(.) by extensions ['cmake', 'python']
[0.302s] Level 1:colcon.colcon_core.package_identification:_identify(.) by extension 'cmake'
[0.302s] Level 1:colcon.colcon_core.package_identification:_identify(.) by extension 'python'
[0.302s] Level 1:colcon.colcon_core.package_identification:_identify(.) by extensions ['python_setup_py']
[0.303s] Level 1:colcon.colcon_core.package_identification:_identify(.) by extension 'python_setup_py'
[0.303s] Level 1:colcon.colcon_core.package_identification:_identify(build) by extensions ['ignore', 'ignore_ament_install']
[0.303s] Level 1:colcon.colcon_core.package_identification:_identify(build) by extension 'ignore'
[0.303s] Level 1:colcon.colcon_core.package_identification:_identify(build) ignored
[0.303s] Level 1:colcon.colcon_core.package_identification:_identify(install) by extensions ['ignore', 'ignore_ament_install']
[0.303s] Level 1:colcon.colcon_core.package_identification:_identify(install) by extension 'ignore'
[0.303s] Level 1:colcon.colcon_core.package_identification:_identify(install) ignored
[0.303s] Level 1:colcon.colcon_core.package_identification:_identify(log) by extensions ['ignore', 'ignore_ament_install']
[0.304s] Level 1:colcon.colcon_core.package_identification:_identify(log) by extension 'ignore'
[0.304s] Level 1:colcon.colcon_core.package_identification:_identify(log) ignored
[0.304s] Level 1:colcon.colcon_core.package_identification:_identify(spirob_interfaces) by extensions ['ignore', 'ignore_ament_install']
[0.304s] Level 1:colcon.colcon_core.package_identification:_identify(spirob_interfaces) by extension 'ignore'
[0.304s] Level 1:colcon.colcon_core.package_identification:_identify(spirob_interfaces) by extension 'ignore_ament_install'
[0.304s] Level 1:colcon.colcon_core.package_identification:_identify(spirob_interfaces) by extensions ['colcon_pkg']
[0.304s] Level 1:colcon.colcon_core.package_identification:_identify(spirob_interfaces) by extension 'colcon_pkg'
[0.304s] Level 1:colcon.colcon_core.package_identification:_identify(spirob_interfaces) by extensions ['colcon_meta']
[0.304s] Level 1:colcon.colcon_core.package_identification:_identify(spirob_interfaces) by extension 'colcon_meta'
[0.304s] Level 1:colcon.colcon_core.package_identification:_identify(spirob_interfaces) by extensions ['ros']
[0.304s] Level 1:colcon.colcon_core.package_identification:_identify(spirob_interfaces) by extension 'ros'
[0.308s] DEBUG:colcon.colcon_core.package_identification:Package 'spirob_interfaces' with type 'ros.ament_cmake' and name 'spirob_interfaces'
[0.308s] Level 1:colcon.colcon_core.package_identification:_identify(spirob_ros) by extensions ['ignore', 'ignore_ament_install']
[0.308s] Level 1:colcon.colcon_core.package_identification:_identify(spirob_ros) by extension 'ignore'
[0.309s] Level 1:colcon.colcon_core.package_identification:_identify(spirob_ros) by extension 'ignore_ament_install'
[0.309s] Level 1:colcon.colcon_core.package_identification:_identify(spirob_ros) by extensions ['colcon_pkg']
[0.309s] Level 1:colcon.colcon_core.package_identification:_identify(spirob_ros) by extension 'colcon_pkg'
[0.309s] Level 1:colcon.colcon_core.package_identification:_identify(spirob_ros) by extensions ['colcon_meta']
[0.309s] Level 1:colcon.colcon_core.package_identification:_identify(spirob_ros) by extension 'colcon_meta'
[0.309s] Level 1:colcon.colcon_core.package_identification:_identify(spirob_ros) by extensions ['ros']
[0.309s] Level 1:colcon.colcon_core.package_identification:_identify(spirob_ros) by extension 'ros'
[0.310s] DEBUG:colcon.colcon_core.package_identification:Package 'spirob_ros' with type 'ros.ament_python' and name 'spirob_ros'
[0.310s] Level 1:colcon.colcon_core.package_discovery:discover_packages(recursive) using defaults
[0.310s] Level 1:colcon.colcon_core.package_discovery:discover_packages(ignore) discover
[0.310s] Level 1:colcon.colcon_core.package_discovery:discover_packages(ignore) using defaults
[0.310s] Level 1:colcon.colcon_core.package_discovery:discover_packages(path) discover
[0.310s] Level 1:colcon.colcon_core.package_discovery:discover_packages(path) using defaults
[0.348s] Level 5:colcon.colcon_core.verb:set package 'spirob_interfaces' build argument 'cmake_args' from command line to 'None'
[0.349s] Level 5:colcon.colcon_core.verb:set package 'spirob_interfaces' build argument 'cmake_target' from command line to 'None'
[0.349s] Level 5:colcon.colcon_core.verb:set package 'spirob_interfaces' build argument 'cmake_target_skip_unavailable' from command line to 'False'
[0.349s] Level 5:colcon.colcon_core.verb:set package 'spirob_interfaces' build argument 'cmake_clean_cache' from command line to 'False'
[0.349s] Level 5:colcon.colcon_core.verb:set package 'spirob_interfaces' build argument 'cmake_clean_first' from command line to 'False'
[0.349s] Level 5:colcon.colcon_core.verb:set package 'spirob_interfaces' build argument 'cmake_force_configure' from command line to 'False'
[0.349s] Level 5:colcon.colcon_core.verb:set package 'spirob_interfaces' build argument 'ament_cmake_args' from command line to 'None'
[0.349s] Level 5:colcon.colcon_core.verb:set package 'spirob_interfaces' build argument 'catkin_cmake_args' from command line to 'None'
[0.349s] Level 5:colcon.colcon_core.verb:set package 'spirob_interfaces' build argument 'catkin_skip_building_tests' from command line to 'False'
[0.349s] DEBUG:colcon.colcon_core.verb:Building package 'spirob_interfaces' with the following arguments: {'ament_cmake_args': None, 'build_base': '/home/zach/huy/tendon_clf/ros/build/spirob_interfaces', 'catkin_cmake_args': None, 'catkin_skip_building_tests': False, 'cmake_args': None, 'cmake_clean_cache': False, 'cmake_clean_first': False, 'cmake_force_configure': False, 'cmake_target': None, 'cmake_target_skip_unavailable': False, 'install_base': '/home/zach/huy/tendon_clf/ros/install/spirob_interfaces', 'merge_install': False, 'path': '/home/zach/huy/tendon_clf/ros/spirob_interfaces', 'symlink_install': True, 'test_result_base': None}
[0.350s] Level 5:colcon.colcon_core.verb:set package 'spirob_ros' build argument 'cmake_args' from command line to 'None'
[0.350s] Level 5:colcon.colcon_core.verb:set package 'spirob_ros' build argument 'cmake_target' from command line to 'None'
[0.350s] Level 5:colcon.colcon_core.verb:set package 'spirob_ros' build argument 'cmake_target_skip_unavailable' from command line to 'False'
[0.350s] Level 5:colcon.colcon_core.verb:set package 'spirob_ros' build argument 'cmake_clean_cache' from command line to 'False'
[0.350s] Level 5:colcon.colcon_core.verb:set package 'spirob_ros' build argument 'cmake_clean_first' from command line to 'False'
[0.350s] Level 5:colcon.colcon_core.verb:set package 'spirob_ros' build argument 'cmake_force_configure' from command line to 'False'
[0.350s] Level 5:colcon.colcon_core.verb:set package 'spirob_ros' build argument 'ament_cmake_args' from command line to 'None'
[0.350s] Level 5:colcon.colcon_core.verb:set package 'spirob_ros' build argument 'catkin_cmake_args' from command line to 'None'
[0.350s] Level 5:colcon.colcon_core.verb:set package 'spirob_ros' build argument 'catkin_skip_building_tests' from command line to 'False'
[0.350s] DEBUG:colcon.colcon_core.verb:Building package 'spirob_ros' with the following arguments: {'ament_cmake_args': None, 'build_base': '/home/zach/huy/tendon_clf/ros/build/spirob_ros', 'catkin_cmake_args': None, 'catkin_skip_building_tests': False, 'cmake_args': None, 'cmake_clean_cache': False, 'cmake_clean_first': False, 'cmake_force_configure': False, 'cmake_target': None, 'cmake_target_skip_unavailable': False, 'install_base': '/home/zach/huy/tendon_clf/ros/install/spirob_ros', 'merge_install': False, 'path': '/home/zach/huy/tendon_clf/ros/spirob_ros', 'symlink_install': True, 'test_result_base': None}
[0.350s] INFO:colcon.colcon_core.executor:Executing jobs using 'parallel' executor
[0.354s] DEBUG:colcon.colcon_parallel_executor.executor.parallel:run_until_complete
[0.354s] INFO:colcon.colcon_ros.task.ament_cmake.build:Building ROS package in '/home/zach/huy/tendon_clf/ros/spirob_interfaces' with build type 'ament_cmake'
[0.354s] INFO:colcon.colcon_cmake.task.cmake.build:Building CMake package in '/home/zach/huy/tendon_clf/ros/spirob_interfaces'
[0.359s] INFO:colcon.colcon_core.plugin_system:Skipping extension 'colcon_core.shell.bat': Not used on non-Windows systems
[0.359s] DEBUG:colcon.colcon_core.shell:Skip shell extension 'dsv' for command environment
[0.390s] DEBUG:colcon.colcon_core.event_handler.log_command:Invoking command in '/home/zach/huy/tendon_clf/ros/build/spirob_interfaces': CMAKE_PREFIX_PATH=${CMAKE_PREFIX_PATH}:/home/zach/huy/tendon_clf/ros/install/spirob_ros:/home/zach/drl-turtle/ros2_ws/install/turtle_rl:/home/zach/drl-turtle/ros2_ws/install/turtle_hardware:/home/zach/drl-turtle/ros2_ws/install/opencv_tests:/opt/ros/jazzy DEBUGINFOD_URLS=https://debuginfod.ubuntu.com /usr/bin/cmake --build /home/zach/huy/tendon_clf/ros/build/spirob_interfaces -- -j16 -l16
[1.273s] DEBUG:colcon.colcon_core.event_handler.log_command:Invoked command in '/home/zach/huy/tendon_clf/ros/build/spirob_interfaces' returned '0': CMAKE_PREFIX_PATH=${CMAKE_PREFIX_PATH}:/home/zach/huy/tendon_clf/ros/install/spirob_ros:/home/zach/drl-turtle/ros2_ws/install/turtle_rl:/home/zach/drl-turtle/ros2_ws/install/turtle_hardware:/home/zach/drl-turtle/ros2_ws/install/opencv_tests:/opt/ros/jazzy DEBUGINFOD_URLS=https://debuginfod.ubuntu.com /usr/bin/cmake --build /home/zach/huy/tendon_clf/ros/build/spirob_interfaces -- -j16 -l16
[1.294s] DEBUG:colcon.colcon_core.event_handler.log_command:Invoking command in '/home/zach/huy/tendon_clf/ros/build/spirob_interfaces': CMAKE_PREFIX_PATH=${CMAKE_PREFIX_PATH}:/home/zach/huy/tendon_clf/ros/install/spirob_ros:/home/zach/drl-turtle/ros2_ws/install/turtle_rl:/home/zach/drl-turtle/ros2_ws/install/turtle_hardware:/home/zach/drl-turtle/ros2_ws/install/opencv_tests:/opt/ros/jazzy DEBUGINFOD_URLS=https://debuginfod.ubuntu.com /usr/bin/cmake --install /home/zach/huy/tendon_clf/ros/build/spirob_interfaces
[1.446s] Level 1:colcon.colcon_core.environment:create_environment_scripts_only(spirob_interfaces)
[1.447s] DEBUG:colcon.colcon_core.event_handler.log_command:Invoked command in '/home/zach/huy/tendon_clf/ros/build/spirob_interfaces' returned '0': CMAKE_PREFIX_PATH=${CMAKE_PREFIX_PATH}:/home/zach/huy/tendon_clf/ros/install/spirob_ros:/home/zach/drl-turtle/ros2_ws/install/turtle_rl:/home/zach/drl-turtle/ros2_ws/install/turtle_hardware:/home/zach/drl-turtle/ros2_ws/install/opencv_tests:/opt/ros/jazzy DEBUGINFOD_URLS=https://debuginfod.ubuntu.com /usr/bin/cmake --install /home/zach/huy/tendon_clf/ros/build/spirob_interfaces
[1.450s] Level 1:colcon.colcon_core.environment:checking '/home/zach/huy/tendon_clf/ros/install/spirob_interfaces' for CMake module files
[1.451s] Level 1:colcon.colcon_core.environment:checking '/home/zach/huy/tendon_clf/ros/install/spirob_interfaces' for CMake config files
[1.452s] Level 1:colcon.colcon_core.shell:create_environment_hook('spirob_interfaces', 'cmake_prefix_path')
[1.452s] INFO:colcon.colcon_core.shell:Creating environment descriptor '/home/zach/huy/tendon_clf/ros/install/spirob_interfaces/share/spirob_interfaces/hook/cmake_prefix_path.dsv'
[1.453s] INFO:colcon.colcon_core.shell:Creating environment hook '/home/zach/huy/tendon_clf/ros/install/spirob_interfaces/share/spirob_interfaces/hook/cmake_prefix_path.sh'
[1.454s] Level 1:colcon.colcon_core.environment:checking '/home/zach/huy/tendon_clf/ros/install/spirob_interfaces/lib'
[1.455s] Level 1:colcon.colcon_core.shell:create_environment_hook('spirob_interfaces', 'ld_library_path_lib')
[1.455s] INFO:colcon.colcon_core.shell:Creating environment descriptor '/home/zach/huy/tendon_clf/ros/install/spirob_interfaces/share/spirob_interfaces/hook/ld_library_path_lib.dsv'
[1.455s] INFO:colcon.colcon_core.shell:Creating environment hook '/home/zach/huy/tendon_clf/ros/install/spirob_interfaces/share/spirob_interfaces/hook/ld_library_path_lib.sh'
[1.456s] Level 1:colcon.colcon_core.environment:checking '/home/zach/huy/tendon_clf/ros/install/spirob_interfaces/bin'
[1.456s] Level 1:colcon.colcon_core.environment:checking '/home/zach/huy/tendon_clf/ros/install/spirob_interfaces/lib/pkgconfig/spirob_interfaces.pc'
[1.459s] Level 1:colcon.colcon_core.environment:checking '/home/zach/huy/tendon_clf/ros/install/spirob_interfaces/lib/python3.12/site-packages'
[1.460s] Level 1:colcon.colcon_core.shell:create_environment_hook('spirob_interfaces', 'pythonpath')
[1.460s] INFO:colcon.colcon_core.shell:Creating environment descriptor '/home/zach/huy/tendon_clf/ros/install/spirob_interfaces/share/spirob_interfaces/hook/pythonpath.dsv'
[1.460s] INFO:colcon.colcon_core.shell:Creating environment hook '/home/zach/huy/tendon_clf/ros/install/spirob_interfaces/share/spirob_interfaces/hook/pythonpath.sh'
[1.461s] Level 1:colcon.colcon_core.environment:checking '/home/zach/huy/tendon_clf/ros/install/spirob_interfaces/bin'
[1.462s] INFO:colcon.colcon_core.shell:Creating package descriptor '/home/zach/huy/tendon_clf/ros/install/spirob_interfaces/share/spirob_interfaces/package.dsv'
[1.462s] INFO:colcon.colcon_core.shell:Creating package script '/home/zach/huy/tendon_clf/ros/install/spirob_interfaces/share/spirob_interfaces/package.sh'
[1.463s] INFO:colcon.colcon_core.shell:Creating package script '/home/zach/huy/tendon_clf/ros/install/spirob_interfaces/share/spirob_interfaces/package.bash'
[1.464s] INFO:colcon.colcon_core.shell:Creating package script '/home/zach/huy/tendon_clf/ros/install/spirob_interfaces/share/spirob_interfaces/package.zsh'
[1.465s] Level 1:colcon.colcon_core.environment:create_file_with_runtime_dependencies(/home/zach/huy/tendon_clf/ros/install/spirob_interfaces/share/colcon-core/packages/spirob_interfaces)
[1.466s] Level 1:colcon.colcon_core.environment:create_environment_scripts_only(spirob_interfaces)
[1.466s] Level 1:colcon.colcon_core.environment:checking '/home/zach/huy/tendon_clf/ros/install/spirob_interfaces' for CMake module files
[1.467s] Level 1:colcon.colcon_core.environment:checking '/home/zach/huy/tendon_clf/ros/install/spirob_interfaces' for CMake config files
[1.468s] Level 1:colcon.colcon_core.shell:create_environment_hook('spirob_interfaces', 'cmake_prefix_path')
[1.468s] INFO:colcon.colcon_core.shell:Creating environment descriptor '/home/zach/huy/tendon_clf/ros/install/spirob_interfaces/share/spirob_interfaces/hook/cmake_prefix_path.dsv'
[1.468s] INFO:colcon.colcon_core.shell:Creating environment hook '/home/zach/huy/tendon_clf/ros/install/spirob_interfaces/share/spirob_interfaces/hook/cmake_prefix_path.sh'
[1.469s] Level 1:colcon.colcon_core.environment:checking '/home/zach/huy/tendon_clf/ros/install/spirob_interfaces/lib'
[1.469s] Level 1:colcon.colcon_core.shell:create_environment_hook('spirob_interfaces', 'ld_library_path_lib')
[1.470s] INFO:colcon.colcon_core.shell:Creating environment descriptor '/home/zach/huy/tendon_clf/ros/install/spirob_interfaces/share/spirob_interfaces/hook/ld_library_path_lib.dsv'
[1.471s] INFO:colcon.colcon_core.shell:Creating environment hook '/home/zach/huy/tendon_clf/ros/install/spirob_interfaces/share/spirob_interfaces/hook/ld_library_path_lib.sh'
[1.472s] Level 1:colcon.colcon_core.environment:checking '/home/zach/huy/tendon_clf/ros/install/spirob_interfaces/bin'
[1.472s] Level 1:colcon.colcon_core.environment:checking '/home/zach/huy/tendon_clf/ros/install/spirob_interfaces/lib/pkgconfig/spirob_interfaces.pc'
[1.472s] Level 1:colcon.colcon_core.environment:checking '/home/zach/huy/tendon_clf/ros/install/spirob_interfaces/lib/python3.12/site-packages'
[1.473s] Level 1:colcon.colcon_core.shell:create_environment_hook('spirob_interfaces', 'pythonpath')
[1.473s] INFO:colcon.colcon_core.shell:Creating environment descriptor '/home/zach/huy/tendon_clf/ros/install/spirob_interfaces/share/spirob_interfaces/hook/pythonpath.dsv'
[1.473s] INFO:colcon.colcon_core.shell:Creating environment hook '/home/zach/huy/tendon_clf/ros/install/spirob_interfaces/share/spirob_interfaces/hook/pythonpath.sh'
[1.475s] Level 1:colcon.colcon_core.environment:checking '/home/zach/huy/tendon_clf/ros/install/spirob_interfaces/bin'
[1.475s] INFO:colcon.colcon_core.shell:Creating package descriptor '/home/zach/huy/tendon_clf/ros/install/spirob_interfaces/share/spirob_interfaces/package.dsv'
[1.476s] INFO:colcon.colcon_core.shell:Creating package script '/home/zach/huy/tendon_clf/ros/install/spirob_interfaces/share/spirob_interfaces/package.sh'
[1.477s] INFO:colcon.colcon_core.shell:Creating package script '/home/zach/huy/tendon_clf/ros/install/spirob_interfaces/share/spirob_interfaces/package.bash'
[1.478s] INFO:colcon.colcon_core.shell:Creating package script '/home/zach/huy/tendon_clf/ros/install/spirob_interfaces/share/spirob_interfaces/package.zsh'
[1.479s] Level 1:colcon.colcon_core.environment:create_file_with_runtime_dependencies(/home/zach/huy/tendon_clf/ros/install/spirob_interfaces/share/colcon-core/packages/spirob_interfaces)
[1.479s] INFO:colcon.colcon_ros.task.ament_python.build:Building ROS package in '/home/zach/huy/tendon_clf/ros/spirob_ros' with build type 'ament_python'
[1.480s] Level 1:colcon.colcon_core.shell:create_environment_hook('spirob_ros', 'ament_prefix_path')
[1.480s] INFO:colcon.colcon_core.shell:Creating environment descriptor '/home/zach/huy/tendon_clf/ros/install/spirob_ros/share/spirob_ros/hook/ament_prefix_path.dsv'
[1.482s] INFO:colcon.colcon_core.shell:Creating environment hook '/home/zach/huy/tendon_clf/ros/install/spirob_ros/share/spirob_ros/hook/ament_prefix_path.sh'
[1.483s] DEBUG:colcon.colcon_core.shell:Skip shell extension 'dsv' for command environment
[1.845s] INFO:colcon.colcon_core.task.python.build:Building Python package in '/home/zach/huy/tendon_clf/ros/spirob_ros'
[1.846s] DEBUG:colcon.colcon_core.shell:Skip shell extension 'dsv' for command environment
[2.806s] DEBUG:colcon.colcon_core.event_handler.log_command:Invoking command in '/home/zach/huy/tendon_clf/ros/build/spirob_ros': DEBUGINFOD_URLS=https://debuginfod.ubuntu.com PYTHONPATH=/home/zach/huy/tendon_clf/ros/build/spirob_ros/prefix_override:/usr/lib/python3/dist-packages/colcon_core/task/python/colcon_distutils_commands:/home/zach/huy/tendon_clf/ros/install/spirob_ros/lib/python3.12/site-packages:/home/zach/huy/tendon_clf/ros/install/spirob_interfaces/lib/python3.12/site-packages:/home/zach/huy/tendon_clf/ros/build/spirob_ros:/home/zach/huy/tendon_clf/ros/install/spirob_ros/lib/python3.12/site-packages:/home/zach/drl-turtle/ros2_ws/install/turtle_rl/lib/python3.12/site-packages:/home/zach/drl-turtle/ros2_ws/install/turtle_interfaces/lib/python3.12/site-packages:/home/zach/drl-turtle/ros2_ws/install/turtle_hardware/lib/python3.12/site-packages:/home/zach/drl-turtle/ros2_ws/install/turtle_actions/lib/python3.12/site-packages:/home/zach/drl-turtle/ros2_ws/install/opencv_tests/lib/python3.12/site-packages:/home/zach/drl-turtle/ros2_ws/install/image_geometry/lib/python3.12/site-packages:/home/zach/drl-turtle/ros2_ws/install/cv_bridge/lib/python3.12/site-packages:/opt/ros/jazzy/lib/python3.12/site-packages /usr/bin/python3 -W ignore:setup.py install is deprecated -W ignore:easy_install command is deprecated setup.py develop --editable --build-directory /home/zach/huy/tendon_clf/ros/build/spirob_ros/build --no-deps symlink_data
[3.983s] Level 1:colcon.colcon_core.shell:create_environment_hook('spirob_ros', 'pythonpath_develop')
[3.983s] INFO:colcon.colcon_core.shell:Creating environment descriptor '/home/zach/huy/tendon_clf/ros/build/spirob_ros/share/spirob_ros/hook/pythonpath_develop.dsv'
[3.984s] DEBUG:colcon.colcon_core.event_handler.log_command:Invoked command in '/home/zach/huy/tendon_clf/ros/build/spirob_ros' returned '0': DEBUGINFOD_URLS=https://debuginfod.ubuntu.com PYTHONPATH=/home/zach/huy/tendon_clf/ros/build/spirob_ros/prefix_override:/usr/lib/python3/dist-packages/colcon_core/task/python/colcon_distutils_commands:/home/zach/huy/tendon_clf/ros/install/spirob_ros/lib/python3.12/site-packages:/home/zach/huy/tendon_clf/ros/install/spirob_interfaces/lib/python3.12/site-packages:/home/zach/huy/tendon_clf/ros/build/spirob_ros:/home/zach/huy/tendon_clf/ros/install/spirob_ros/lib/python3.12/site-packages:/home/zach/drl-turtle/ros2_ws/install/turtle_rl/lib/python3.12/site-packages:/home/zach/drl-turtle/ros2_ws/install/turtle_interfaces/lib/python3.12/site-packages:/home/zach/drl-turtle/ros2_ws/install/turtle_hardware/lib/python3.12/site-packages:/home/zach/drl-turtle/ros2_ws/install/turtle_actions/lib/python3.12/site-packages:/home/zach/drl-turtle/ros2_ws/install/opencv_tests/lib/python3.12/site-packages:/home/zach/drl-turtle/ros2_ws/install/image_geometry/lib/python3.12/site-packages:/home/zach/drl-turtle/ros2_ws/install/cv_bridge/lib/python3.12/site-packages:/opt/ros/jazzy/lib/python3.12/site-packages /usr/bin/python3 -W ignore:setup.py install is deprecated -W ignore:easy_install command is deprecated setup.py develop --editable --build-directory /home/zach/huy/tendon_clf/ros/build/spirob_ros/build --no-deps symlink_data
[3.984s] INFO:colcon.colcon_core.shell:Creating environment hook '/home/zach/huy/tendon_clf/ros/build/spirob_ros/share/spirob_ros/hook/pythonpath_develop.sh'
[3.985s] Level 1:colcon.colcon_core.environment:checking '/home/zach/huy/tendon_clf/ros/install/spirob_ros' for CMake module files
[3.986s] Level 1:colcon.colcon_core.environment:checking '/home/zach/huy/tendon_clf/ros/install/spirob_ros' for CMake config files
[3.987s] Level 1:colcon.colcon_core.environment:checking '/home/zach/huy/tendon_clf/ros/install/spirob_ros/lib'
[3.987s] Level 1:colcon.colcon_core.environment:checking '/home/zach/huy/tendon_clf/ros/install/spirob_ros/bin'
[3.987s] Level 1:colcon.colcon_core.environment:checking '/home/zach/huy/tendon_clf/ros/install/spirob_ros/lib/pkgconfig/spirob_ros.pc'
[3.988s] Level 1:colcon.colcon_core.environment:checking '/home/zach/huy/tendon_clf/ros/install/spirob_ros/lib/python3.12/site-packages'
[3.988s] Level 1:colcon.colcon_core.shell:create_environment_hook('spirob_ros', 'pythonpath')
[3.988s] INFO:colcon.colcon_core.shell:Creating environment descriptor '/home/zach/huy/tendon_clf/ros/install/spirob_ros/share/spirob_ros/hook/pythonpath.dsv'
[3.989s] INFO:colcon.colcon_core.shell:Creating environment hook '/home/zach/huy/tendon_clf/ros/install/spirob_ros/share/spirob_ros/hook/pythonpath.sh'
[3.989s] Level 1:colcon.colcon_core.environment:checking '/home/zach/huy/tendon_clf/ros/install/spirob_ros/bin'
[3.990s] Level 1:colcon.colcon_core.environment:create_environment_scripts_only(spirob_ros)
[3.990s] INFO:colcon.colcon_core.shell:Creating package descriptor '/home/zach/huy/tendon_clf/ros/install/spirob_ros/share/spirob_ros/package.dsv'
[3.991s] INFO:colcon.colcon_core.shell:Creating package script '/home/zach/huy/tendon_clf/ros/install/spirob_ros/share/spirob_ros/package.sh'
[3.992s] INFO:colcon.colcon_core.shell:Creating package script '/home/zach/huy/tendon_clf/ros/install/spirob_ros/share/spirob_ros/package.bash'
[3.993s] INFO:colcon.colcon_core.shell:Creating package script '/home/zach/huy/tendon_clf/ros/install/spirob_ros/share/spirob_ros/package.zsh'
[3.993s] Level 1:colcon.colcon_core.environment:create_file_with_runtime_dependencies(/home/zach/huy/tendon_clf/ros/install/spirob_ros/share/colcon-core/packages/spirob_ros)
[3.994s] DEBUG:colcon.colcon_parallel_executor.executor.parallel:closing loop
[3.994s] DEBUG:colcon.colcon_parallel_executor.executor.parallel:loop closed
[3.995s] DEBUG:colcon.colcon_parallel_executor.executor.parallel:run_until_complete finished with '0'
[3.995s] DEBUG:colcon.colcon_core.event_reactor:joining thread
[4.004s] INFO:colcon.colcon_core.plugin_system:Skipping extension 'colcon_notification.desktop_notification.terminal_notifier': Not used on non-Darwin systems
[4.004s] INFO:colcon.colcon_core.plugin_system:Skipping extension 'colcon_notification.desktop_notification.win32': Not used on non-Windows systems
[4.004s] INFO:colcon.colcon_notification.desktop_notification:Sending desktop notification using 'notify2'
[4.029s] DEBUG:colcon.colcon_core.event_reactor:joined thread
[4.030s] INFO:colcon.colcon_core.shell:Creating prefix script '/home/zach/huy/tendon_clf/ros/install/local_setup.sh'
[4.031s] INFO:colcon.colcon_core.shell:Creating prefix util module '/home/zach/huy/tendon_clf/ros/install/_local_setup_util_sh.py'
[4.033s] INFO:colcon.colcon_core.shell:Creating prefix chain script '/home/zach/huy/tendon_clf/ros/install/setup.sh'
[4.036s] INFO:colcon.colcon_core.shell:Creating prefix script '/home/zach/huy/tendon_clf/ros/install/local_setup.bash'
[4.037s] INFO:colcon.colcon_core.shell:Creating prefix chain script '/home/zach/huy/tendon_clf/ros/install/setup.bash'
[4.039s] INFO:colcon.colcon_core.shell:Creating prefix script '/home/zach/huy/tendon_clf/ros/install/local_setup.zsh'
[4.041s] INFO:colcon.colcon_core.shell:Creating prefix chain script '/home/zach/huy/tendon_clf/ros/install/setup.zsh'
