[1.912s] Invoking command in '/home/zach/huy/tendon_clf/ros/build/spirob_ros': CONDA_PROMPT_MODIFIER=(nonlinear) DEBUGINFOD_URLS=https://debuginfod.ubuntu.com PYTHONPATH=/home/zach/huy/tendon_clf/ros/build/spirob_ros/prefix_override:/usr/lib/python3/dist-packages/colcon_core/task/python/colcon_distutils_commands:/home/zach/huy/tendon_clf/ros/install/spirob_ros/lib/python3.12/site-packages:/home/zach/huy/tendon_clf/ros/install/spirob_interfaces/lib/python3.12/site-packages:/home/zach/huy/tendon_clf/ros/build/spirob_ros:/home/zach/huy/tendon_clf/ros/install/spirob_ros/lib/python3.12/site-packages:/home/zach/drl-turtle/ros2_ws/install/turtle_rl/lib/python3.12/site-packages:/home/zach/drl-turtle/ros2_ws/install/turtle_interfaces/lib/python3.12/site-packages:/home/zach/drl-turtle/ros2_ws/install/turtle_hardware/lib/python3.12/site-packages:/home/zach/drl-turtle/ros2_ws/install/turtle_actions/lib/python3.12/site-packages:/home/zach/drl-turtle/ros2_ws/install/opencv_tests/lib/python3.12/site-packages:/home/zach/drl-turtle/ros2_ws/install/image_geometry/lib/python3.12/site-packages:/home/zach/drl-turtle/ros2_ws/install/cv_bridge/lib/python3.12/site-packages:/opt/ros/jazzy/lib/python3.12/site-packages /usr/bin/python3 -W ignore:setup.py install is deprecated -W ignore:easy_install command is deprecated setup.py develop --editable --build-directory /home/zach/huy/tendon_clf/ros/build/spirob_ros/build --no-deps symlink_data
[2.640s] running develop
[3.106s] running egg_info
[3.150s] writing spirob_ros.egg-info/PKG-INFO
[3.151s] writing dependency_links to spirob_ros.egg-info/dependency_links.txt
[3.151s] writing entry points to spirob_ros.egg-info/entry_points.txt
[3.151s] writing requirements to spirob_ros.egg-info/requires.txt
[3.152s] writing top-level names to spirob_ros.egg-info/top_level.txt
[3.240s] reading manifest file 'spirob_ros.egg-info/SOURCES.txt'
[3.241s] writing manifest file 'spirob_ros.egg-info/SOURCES.txt'
[3.289s] running build_ext
[3.289s] Creating /home/zach/huy/tendon_clf/ros/install/spirob_ros/lib/python3.12/site-packages/spirob-ros.egg-link (link to .)
[3.290s] Installing control_node script to /home/zach/huy/tendon_clf/ros/install/spirob_ros/lib/spirob_ros
[3.291s] Installing get_state_node script to /home/zach/huy/tendon_clf/ros/install/spirob_ros/lib/spirob_ros
[3.291s] Installing hardware_node script to /home/zach/huy/tendon_clf/ros/install/spirob_ros/lib/spirob_ros
[3.291s] Installing simulation_node script to /home/zach/huy/tendon_clf/ros/install/spirob_ros/lib/spirob_ros
[3.292s] Installing state_estimation_node script to /home/zach/huy/tendon_clf/ros/install/spirob_ros/lib/spirob_ros
[3.292s] Installing virtual_measurement_node script to /home/zach/huy/tendon_clf/ros/install/spirob_ros/lib/spirob_ros
[3.292s] 
[3.293s] Installed /home/zach/huy/tendon_clf/ros/build/spirob_ros
[3.293s] running symlink_data
[3.293s] error: can't copy '/home/zach/huy/tendon_clf/ros/build/spirob_ros/launch/spirob_ros.launch.py': doesn't exist or not a regular file
[3.357s] Invoked command in '/home/zach/huy/tendon_clf/ros/build/spirob_ros' returned '1': CONDA_PROMPT_MODIFIER=(nonlinear) DEBUGINFOD_URLS=https://debuginfod.ubuntu.com PYTHONPATH=/home/zach/huy/tendon_clf/ros/build/spirob_ros/prefix_override:/usr/lib/python3/dist-packages/colcon_core/task/python/colcon_distutils_commands:/home/zach/huy/tendon_clf/ros/install/spirob_ros/lib/python3.12/site-packages:/home/zach/huy/tendon_clf/ros/install/spirob_interfaces/lib/python3.12/site-packages:/home/zach/huy/tendon_clf/ros/build/spirob_ros:/home/zach/huy/tendon_clf/ros/install/spirob_ros/lib/python3.12/site-packages:/home/zach/drl-turtle/ros2_ws/install/turtle_rl/lib/python3.12/site-packages:/home/zach/drl-turtle/ros2_ws/install/turtle_interfaces/lib/python3.12/site-packages:/home/zach/drl-turtle/ros2_ws/install/turtle_hardware/lib/python3.12/site-packages:/home/zach/drl-turtle/ros2_ws/install/turtle_actions/lib/python3.12/site-packages:/home/zach/drl-turtle/ros2_ws/install/opencv_tests/lib/python3.12/site-packages:/home/zach/drl-turtle/ros2_ws/install/image_geometry/lib/python3.12/site-packages:/home/zach/drl-turtle/ros2_ws/install/cv_bridge/lib/python3.12/site-packages:/opt/ros/jazzy/lib/python3.12/site-packages /usr/bin/python3 -W ignore:setup.py install is deprecated -W ignore:easy_install command is deprecated setup.py develop --editable --build-directory /home/zach/huy/tendon_clf/ros/build/spirob_ros/build --no-deps symlink_data
