[0.023s] Invoking command in '/home/zach/huy/tendon_clf/ros/build/spirob_interfaces': CMAKE_PREFIX_PATH=${CMAKE_PREFIX_PATH}:/home/zach/huy/tendon_clf/ros/install/spirob_ros:/home/zach/drl-turtle/ros2_ws/install/turtle_rl:/home/zach/drl-turtle/ros2_ws/install/turtle_hardware:/home/zach/drl-turtle/ros2_ws/install/opencv_tests:/opt/ros/jazzy DEBUGINFOD_URLS=https://debuginfod.ubuntu.com /usr/bin/cmake --build /home/zach/huy/tendon_clf/ros/build/spirob_interfaces -- -j16 -l16
[0.123s] [  1%] Built target spirob_interfaces__rosidl_generator_type_description
[0.142s] [  1%] Built target ament_cmake_python_symlink_spirob_interfaces
[0.176s] [  3%] Built target spirob_interfaces__cpp
[0.181s] [ 24%] Built target spirob_interfaces__rosidl_generator_c
[0.249s] [ 42%] Built target spirob_interfaces__rosidl_typesupport_fastrtps_c
[0.249s] [ 42%] Built target spirob_interfaces__rosidl_typesupport_c
[0.249s] [ 51%] Built target spirob_interfaces__rosidl_typesupport_fastrtps_cpp
[0.266s] [ 72%] Built target spirob_interfaces__rosidl_typesupport_introspection_c
[0.267s] [ 77%] Built target spirob_interfaces__rosidl_typesupport_cpp
[0.267s] [ 79%] Built target spirob_interfaces__rosidl_typesupport_introspection_cpp
[0.314s] [ 79%] Built target spirob_interfaces
[0.363s] [ 81%] Built target spirob_interfaces__py
[0.427s] [ 88%] Built target spirob_interfaces__rosidl_generator_py
[0.480s] [100%] Built target spirob_interfaces_s__rosidl_typesupport_introspection_c
[0.480s] [100%] Built target spirob_interfaces_s__rosidl_typesupport_c
[0.480s] [100%] Built target spirob_interfaces_s__rosidl_typesupport_fastrtps_c
[0.600s] running egg_info
[0.635s] writing spirob_interfaces.egg-info/PKG-INFO
[0.635s] writing dependency_links to spirob_interfaces.egg-info/dependency_links.txt
[0.636s] writing top-level names to spirob_interfaces.egg-info/top_level.txt
[0.737s] reading manifest file 'spirob_interfaces.egg-info/SOURCES.txt'
[0.738s] writing manifest file 'spirob_interfaces.egg-info/SOURCES.txt'
[0.785s] [100%] Built target ament_cmake_python_build_spirob_interfaces_egg
[0.810s] Invoked command in '/home/zach/huy/tendon_clf/ros/build/spirob_interfaces' returned '0': CMAKE_PREFIX_PATH=${CMAKE_PREFIX_PATH}:/home/zach/huy/tendon_clf/ros/install/spirob_ros:/home/zach/drl-turtle/ros2_ws/install/turtle_rl:/home/zach/drl-turtle/ros2_ws/install/turtle_hardware:/home/zach/drl-turtle/ros2_ws/install/opencv_tests:/opt/ros/jazzy DEBUGINFOD_URLS=https://debuginfod.ubuntu.com /usr/bin/cmake --build /home/zach/huy/tendon_clf/ros/build/spirob_interfaces -- -j16 -l16
[0.829s] Invoking command in '/home/zach/huy/tendon_clf/ros/build/spirob_interfaces': CMAKE_PREFIX_PATH=${CMAKE_PREFIX_PATH}:/home/zach/huy/tendon_clf/ros/install/spirob_ros:/home/zach/drl-turtle/ros2_ws/install/turtle_rl:/home/zach/drl-turtle/ros2_ws/install/turtle_hardware:/home/zach/drl-turtle/ros2_ws/install/opencv_tests:/opt/ros/jazzy DEBUGINFOD_URLS=https://debuginfod.ubuntu.com /usr/bin/cmake --install /home/zach/huy/tendon_clf/ros/build/spirob_interfaces
[0.845s] -- Install configuration: ""
[0.845s] -- Execute custom install script
[0.846s] -- Up-to-date symlink: /home/zach/huy/tendon_clf/ros/install/spirob_interfaces/share/ament_index/resource_index/rosidl_interfaces/spirob_interfaces
[0.846s] -- Up-to-date symlink: /home/zach/huy/tendon_clf/ros/install/spirob_interfaces/share/spirob_interfaces/msg/MotorState.json
[0.846s] -- Up-to-date symlink: /home/zach/huy/tendon_clf/ros/install/spirob_interfaces/share/spirob_interfaces/msg/MotorCommand.json
[0.846s] -- Up-to-date symlink: /home/zach/huy/tendon_clf/ros/install/spirob_interfaces/share/spirob_interfaces/msg/RobotState.json
[0.848s] -- Up-to-date symlink: /home/zach/huy/tendon_clf/ros/install/spirob_interfaces/include/spirob_interfaces/spirob_interfaces/msg/detail/motor_command__functions.h
[0.848s] -- Up-to-date symlink: /home/zach/huy/tendon_clf/ros/install/spirob_interfaces/include/spirob_interfaces/spirob_interfaces/msg/detail/motor_command__struct.h
[0.848s] -- Up-to-date symlink: /home/zach/huy/tendon_clf/ros/install/spirob_interfaces/include/spirob_interfaces/spirob_interfaces/msg/detail/motor_command__type_support.h
[0.848s] -- Up-to-date symlink: /home/zach/huy/tendon_clf/ros/install/spirob_interfaces/include/spirob_interfaces/spirob_interfaces/msg/detail/motor_state__functions.h
[0.848s] -- Up-to-date symlink: /home/zach/huy/tendon_clf/ros/install/spirob_interfaces/include/spirob_interfaces/spirob_interfaces/msg/detail/motor_state__struct.h
[0.849s] -- Up-to-date symlink: /home/zach/huy/tendon_clf/ros/install/spirob_interfaces/include/spirob_interfaces/spirob_interfaces/msg/detail/motor_state__type_support.h
[0.849s] -- Up-to-date symlink: /home/zach/huy/tendon_clf/ros/install/spirob_interfaces/include/spirob_interfaces/spirob_interfaces/msg/detail/robot_state__functions.h
[0.849s] -- Up-to-date symlink: /home/zach/huy/tendon_clf/ros/install/spirob_interfaces/include/spirob_interfaces/spirob_interfaces/msg/detail/robot_state__struct.h
[0.850s] -- Up-to-date symlink: /home/zach/huy/tendon_clf/ros/install/spirob_interfaces/include/spirob_interfaces/spirob_interfaces/msg/detail/robot_state__type_support.h
[0.850s] -- Up-to-date symlink: /home/zach/huy/tendon_clf/ros/install/spirob_interfaces/include/spirob_interfaces/spirob_interfaces/msg/motor_command.h
[0.850s] -- Up-to-date symlink: /home/zach/huy/tendon_clf/ros/install/spirob_interfaces/include/spirob_interfaces/spirob_interfaces/msg/motor_state.h
[0.850s] -- Up-to-date symlink: /home/zach/huy/tendon_clf/ros/install/spirob_interfaces/include/spirob_interfaces/spirob_interfaces/msg/robot_state.h
[0.850s] -- Up-to-date symlink: /home/zach/huy/tendon_clf/ros/install/spirob_interfaces/include/spirob_interfaces/spirob_interfaces/msg/rosidl_generator_c__visibility_control.h
[0.851s] -- Up-to-date symlink: /home/zach/huy/tendon_clf/ros/install/spirob_interfaces/share/spirob_interfaces/environment/library_path.sh
[0.851s] -- Up-to-date symlink: /home/zach/huy/tendon_clf/ros/install/spirob_interfaces/share/spirob_interfaces/environment/library_path.dsv
[0.852s] -- Up-to-date symlink: /home/zach/huy/tendon_clf/ros/install/spirob_interfaces/include/spirob_interfaces/spirob_interfaces/msg/detail/motor_command__rosidl_typesupport_fastrtps_c.h
[0.852s] -- Up-to-date symlink: /home/zach/huy/tendon_clf/ros/install/spirob_interfaces/include/spirob_interfaces/spirob_interfaces/msg/detail/motor_state__rosidl_typesupport_fastrtps_c.h
[0.852s] -- Up-to-date symlink: /home/zach/huy/tendon_clf/ros/install/spirob_interfaces/include/spirob_interfaces/spirob_interfaces/msg/detail/robot_state__rosidl_typesupport_fastrtps_c.h
[0.852s] -- Up-to-date symlink: /home/zach/huy/tendon_clf/ros/install/spirob_interfaces/include/spirob_interfaces/spirob_interfaces/msg/rosidl_typesupport_fastrtps_c__visibility_control.h
[0.853s] -- Up-to-date symlink: /home/zach/huy/tendon_clf/ros/install/spirob_interfaces/include/spirob_interfaces/spirob_interfaces/msg/detail/motor_command__rosidl_typesupport_introspection_c.h
[0.853s] -- Up-to-date symlink: /home/zach/huy/tendon_clf/ros/install/spirob_interfaces/include/spirob_interfaces/spirob_interfaces/msg/detail/motor_state__rosidl_typesupport_introspection_c.h
[0.853s] -- Up-to-date symlink: /home/zach/huy/tendon_clf/ros/install/spirob_interfaces/include/spirob_interfaces/spirob_interfaces/msg/detail/robot_state__rosidl_typesupport_introspection_c.h
[0.854s] -- Up-to-date symlink: /home/zach/huy/tendon_clf/ros/install/spirob_interfaces/include/spirob_interfaces/spirob_interfaces/msg/rosidl_typesupport_introspection_c__visibility_control.h
[0.854s] -- Up-to-date symlink: /home/zach/huy/tendon_clf/ros/install/spirob_interfaces/include/spirob_interfaces/spirob_interfaces/msg/detail/motor_command__builder.hpp
[0.854s] -- Up-to-date symlink: /home/zach/huy/tendon_clf/ros/install/spirob_interfaces/include/spirob_interfaces/spirob_interfaces/msg/detail/motor_command__struct.hpp
[0.855s] -- Up-to-date symlink: /home/zach/huy/tendon_clf/ros/install/spirob_interfaces/include/spirob_interfaces/spirob_interfaces/msg/detail/motor_command__traits.hpp
[0.855s] -- Up-to-date symlink: /home/zach/huy/tendon_clf/ros/install/spirob_interfaces/include/spirob_interfaces/spirob_interfaces/msg/detail/motor_command__type_support.hpp
[0.855s] -- Up-to-date symlink: /home/zach/huy/tendon_clf/ros/install/spirob_interfaces/include/spirob_interfaces/spirob_interfaces/msg/detail/motor_state__builder.hpp
[0.855s] -- Up-to-date symlink: /home/zach/huy/tendon_clf/ros/install/spirob_interfaces/include/spirob_interfaces/spirob_interfaces/msg/detail/motor_state__struct.hpp
[0.856s] -- Up-to-date symlink: /home/zach/huy/tendon_clf/ros/install/spirob_interfaces/include/spirob_interfaces/spirob_interfaces/msg/detail/motor_state__traits.hpp
[0.856s] -- Up-to-date symlink: /home/zach/huy/tendon_clf/ros/install/spirob_interfaces/include/spirob_interfaces/spirob_interfaces/msg/detail/motor_state__type_support.hpp
[0.856s] -- Up-to-date symlink: /home/zach/huy/tendon_clf/ros/install/spirob_interfaces/include/spirob_interfaces/spirob_interfaces/msg/detail/robot_state__builder.hpp
[0.856s] -- Up-to-date symlink: /home/zach/huy/tendon_clf/ros/install/spirob_interfaces/include/spirob_interfaces/spirob_interfaces/msg/detail/robot_state__struct.hpp
[0.857s] -- Up-to-date symlink: /home/zach/huy/tendon_clf/ros/install/spirob_interfaces/include/spirob_interfaces/spirob_interfaces/msg/detail/robot_state__traits.hpp
[0.857s] -- Up-to-date symlink: /home/zach/huy/tendon_clf/ros/install/spirob_interfaces/include/spirob_interfaces/spirob_interfaces/msg/detail/robot_state__type_support.hpp
[0.857s] -- Up-to-date symlink: /home/zach/huy/tendon_clf/ros/install/spirob_interfaces/include/spirob_interfaces/spirob_interfaces/msg/motor_command.hpp
[0.857s] -- Up-to-date symlink: /home/zach/huy/tendon_clf/ros/install/spirob_interfaces/include/spirob_interfaces/spirob_interfaces/msg/motor_state.hpp
[0.858s] -- Up-to-date symlink: /home/zach/huy/tendon_clf/ros/install/spirob_interfaces/include/spirob_interfaces/spirob_interfaces/msg/robot_state.hpp
[0.858s] -- Up-to-date symlink: /home/zach/huy/tendon_clf/ros/install/spirob_interfaces/include/spirob_interfaces/spirob_interfaces/msg/rosidl_generator_cpp__visibility_control.hpp
[0.859s] -- Up-to-date symlink: /home/zach/huy/tendon_clf/ros/install/spirob_interfaces/include/spirob_interfaces/spirob_interfaces/msg/detail/motor_command__rosidl_typesupport_fastrtps_cpp.hpp
[0.859s] -- Up-to-date symlink: /home/zach/huy/tendon_clf/ros/install/spirob_interfaces/include/spirob_interfaces/spirob_interfaces/msg/detail/motor_state__rosidl_typesupport_fastrtps_cpp.hpp
[0.860s] -- Up-to-date symlink: /home/zach/huy/tendon_clf/ros/install/spirob_interfaces/include/spirob_interfaces/spirob_interfaces/msg/detail/robot_state__rosidl_typesupport_fastrtps_cpp.hpp
[0.860s] -- Up-to-date symlink: /home/zach/huy/tendon_clf/ros/install/spirob_interfaces/include/spirob_interfaces/spirob_interfaces/msg/rosidl_typesupport_fastrtps_cpp__visibility_control.h
[0.861s] -- Up-to-date symlink: /home/zach/huy/tendon_clf/ros/install/spirob_interfaces/include/spirob_interfaces/spirob_interfaces/msg/detail/motor_command__rosidl_typesupport_introspection_cpp.hpp
[0.861s] -- Up-to-date symlink: /home/zach/huy/tendon_clf/ros/install/spirob_interfaces/include/spirob_interfaces/spirob_interfaces/msg/detail/motor_state__rosidl_typesupport_introspection_cpp.hpp
[0.861s] -- Up-to-date symlink: /home/zach/huy/tendon_clf/ros/install/spirob_interfaces/include/spirob_interfaces/spirob_interfaces/msg/detail/robot_state__rosidl_typesupport_introspection_cpp.hpp
[0.861s] -- Up-to-date symlink: /home/zach/huy/tendon_clf/ros/install/spirob_interfaces/share/spirob_interfaces/environment/pythonpath.sh
[0.861s] -- Up-to-date symlink: /home/zach/huy/tendon_clf/ros/install/spirob_interfaces/share/spirob_interfaces/environment/pythonpath.dsv
[0.862s] -- Up-to-date symlink: /home/zach/huy/tendon_clf/ros/install/spirob_interfaces/lib/python3.12/site-packages/spirob_interfaces-0.0.1-py3.12.egg-info/PKG-INFO
[0.862s] -- Up-to-date symlink: /home/zach/huy/tendon_clf/ros/install/spirob_interfaces/lib/python3.12/site-packages/spirob_interfaces-0.0.1-py3.12.egg-info/SOURCES.txt
[0.862s] -- Up-to-date symlink: /home/zach/huy/tendon_clf/ros/install/spirob_interfaces/lib/python3.12/site-packages/spirob_interfaces-0.0.1-py3.12.egg-info/dependency_links.txt
[0.862s] -- Up-to-date symlink: /home/zach/huy/tendon_clf/ros/install/spirob_interfaces/lib/python3.12/site-packages/spirob_interfaces-0.0.1-py3.12.egg-info/top_level.txt
[0.863s] -- Up-to-date symlink: /home/zach/huy/tendon_clf/ros/install/spirob_interfaces/lib/python3.12/site-packages/spirob_interfaces/__init__.py
[0.863s] -- Up-to-date symlink: /home/zach/huy/tendon_clf/ros/install/spirob_interfaces/lib/python3.12/site-packages/spirob_interfaces/_spirob_interfaces_s.ep.rosidl_typesupport_c.c
[0.864s] -- Up-to-date symlink: /home/zach/huy/tendon_clf/ros/install/spirob_interfaces/lib/python3.12/site-packages/spirob_interfaces/_spirob_interfaces_s.ep.rosidl_typesupport_fastrtps_c.c
[0.864s] -- Up-to-date symlink: /home/zach/huy/tendon_clf/ros/install/spirob_interfaces/lib/python3.12/site-packages/spirob_interfaces/_spirob_interfaces_s.ep.rosidl_typesupport_introspection_c.c
[0.864s] -- Up-to-date symlink: /home/zach/huy/tendon_clf/ros/install/spirob_interfaces/lib/python3.12/site-packages/spirob_interfaces/msg/__init__.py
[0.864s] -- Up-to-date symlink: /home/zach/huy/tendon_clf/ros/install/spirob_interfaces/lib/python3.12/site-packages/spirob_interfaces/msg/_motor_command.py
[0.864s] -- Up-to-date symlink: /home/zach/huy/tendon_clf/ros/install/spirob_interfaces/lib/python3.12/site-packages/spirob_interfaces/msg/_motor_command_s.c
[0.865s] -- Up-to-date symlink: /home/zach/huy/tendon_clf/ros/install/spirob_interfaces/lib/python3.12/site-packages/spirob_interfaces/msg/_motor_state.py
[0.865s] -- Up-to-date symlink: /home/zach/huy/tendon_clf/ros/install/spirob_interfaces/lib/python3.12/site-packages/spirob_interfaces/msg/_motor_state_s.c
[0.865s] -- Up-to-date symlink: /home/zach/huy/tendon_clf/ros/install/spirob_interfaces/lib/python3.12/site-packages/spirob_interfaces/msg/_robot_state.py
[0.865s] -- Up-to-date symlink: /home/zach/huy/tendon_clf/ros/install/spirob_interfaces/lib/python3.12/site-packages/spirob_interfaces/msg/_robot_state_s.c
[0.865s] -- Up-to-date symlink: /home/zach/huy/tendon_clf/ros/install/spirob_interfaces/lib/python3.12/site-packages/spirob_interfaces/spirob_interfaces_s__rosidl_typesupport_c.so
[0.865s] -- Up-to-date symlink: /home/zach/huy/tendon_clf/ros/install/spirob_interfaces/lib/python3.12/site-packages/spirob_interfaces/spirob_interfaces_s__rosidl_typesupport_fastrtps_c.so
[0.866s] -- Up-to-date symlink: /home/zach/huy/tendon_clf/ros/install/spirob_interfaces/lib/python3.12/site-packages/spirob_interfaces/spirob_interfaces_s__rosidl_typesupport_introspection_c.so
[0.866s] -- Up-to-date symlink: /home/zach/huy/tendon_clf/ros/install/spirob_interfaces/lib/python3.12/site-packages/spirob_interfaces/spirob_interfaces_s__rosidl_typesupport_fastrtps_c.so
[0.866s] -- Up-to-date symlink: /home/zach/huy/tendon_clf/ros/install/spirob_interfaces/lib/python3.12/site-packages/spirob_interfaces/spirob_interfaces_s__rosidl_typesupport_introspection_c.so
[0.867s] -- Up-to-date symlink: /home/zach/huy/tendon_clf/ros/install/spirob_interfaces/lib/python3.12/site-packages/spirob_interfaces/spirob_interfaces_s__rosidl_typesupport_c.so
[0.867s] -- Up-to-date symlink: /home/zach/huy/tendon_clf/ros/install/spirob_interfaces/share/spirob_interfaces/msg/MotorState.idl
[0.867s] -- Up-to-date symlink: /home/zach/huy/tendon_clf/ros/install/spirob_interfaces/share/spirob_interfaces/msg/MotorCommand.idl
[0.868s] -- Up-to-date symlink: /home/zach/huy/tendon_clf/ros/install/spirob_interfaces/share/spirob_interfaces/msg/RobotState.idl
[0.868s] -- Up-to-date symlink: /home/zach/huy/tendon_clf/ros/install/spirob_interfaces/share/spirob_interfaces/msg/MotorState.msg
[0.868s] -- Up-to-date symlink: /home/zach/huy/tendon_clf/ros/install/spirob_interfaces/share/spirob_interfaces/msg/MotorCommand.msg
[0.869s] -- Up-to-date symlink: /home/zach/huy/tendon_clf/ros/install/spirob_interfaces/share/spirob_interfaces/msg/RobotState.msg
[0.869s] -- Up-to-date symlink: /home/zach/huy/tendon_clf/ros/install/spirob_interfaces/share/ament_index/resource_index/package_run_dependencies/spirob_interfaces
[0.869s] -- Up-to-date symlink: /home/zach/huy/tendon_clf/ros/install/spirob_interfaces/share/ament_index/resource_index/parent_prefix_path/spirob_interfaces
[0.869s] -- Up-to-date symlink: /home/zach/huy/tendon_clf/ros/install/spirob_interfaces/share/spirob_interfaces/environment/ament_prefix_path.sh
[0.870s] -- Up-to-date symlink: /home/zach/huy/tendon_clf/ros/install/spirob_interfaces/share/spirob_interfaces/environment/ament_prefix_path.dsv
[0.870s] -- Up-to-date symlink: /home/zach/huy/tendon_clf/ros/install/spirob_interfaces/share/spirob_interfaces/environment/path.sh
[0.870s] -- Up-to-date symlink: /home/zach/huy/tendon_clf/ros/install/spirob_interfaces/share/spirob_interfaces/environment/path.dsv
[0.871s] -- Up-to-date symlink: /home/zach/huy/tendon_clf/ros/install/spirob_interfaces/share/spirob_interfaces/local_setup.bash
[0.871s] -- Up-to-date symlink: /home/zach/huy/tendon_clf/ros/install/spirob_interfaces/share/spirob_interfaces/local_setup.sh
[0.871s] -- Up-to-date symlink: /home/zach/huy/tendon_clf/ros/install/spirob_interfaces/share/spirob_interfaces/local_setup.zsh
[0.871s] -- Up-to-date symlink: /home/zach/huy/tendon_clf/ros/install/spirob_interfaces/share/spirob_interfaces/local_setup.dsv
[0.872s] -- Symlinking: /home/zach/huy/tendon_clf/ros/install/spirob_interfaces/share/spirob_interfaces/package.dsv
[0.891s] -- Up-to-date symlink: /home/zach/huy/tendon_clf/ros/install/spirob_interfaces/share/ament_index/resource_index/packages/spirob_interfaces
[0.891s] -- Up-to-date symlink: /home/zach/huy/tendon_clf/ros/install/spirob_interfaces/share/spirob_interfaces/cmake/rosidl_cmake-extras.cmake
[0.891s] -- Up-to-date symlink: /home/zach/huy/tendon_clf/ros/install/spirob_interfaces/share/spirob_interfaces/cmake/ament_cmake_export_dependencies-extras.cmake
[0.892s] -- Up-to-date symlink: /home/zach/huy/tendon_clf/ros/install/spirob_interfaces/share/spirob_interfaces/cmake/ament_cmake_export_include_directories-extras.cmake
[0.892s] -- Up-to-date symlink: /home/zach/huy/tendon_clf/ros/install/spirob_interfaces/share/spirob_interfaces/cmake/ament_cmake_export_libraries-extras.cmake
[0.892s] -- Up-to-date symlink: /home/zach/huy/tendon_clf/ros/install/spirob_interfaces/share/spirob_interfaces/cmake/ament_cmake_export_targets-extras.cmake
[0.893s] -- Up-to-date symlink: /home/zach/huy/tendon_clf/ros/install/spirob_interfaces/share/spirob_interfaces/cmake/rosidl_cmake_export_typesupport_targets-extras.cmake
[0.893s] -- Up-to-date symlink: /home/zach/huy/tendon_clf/ros/install/spirob_interfaces/share/spirob_interfaces/cmake/rosidl_cmake_export_typesupport_libraries-extras.cmake
[0.893s] -- Up-to-date symlink: /home/zach/huy/tendon_clf/ros/install/spirob_interfaces/share/spirob_interfaces/cmake/spirob_interfacesConfig.cmake
[0.893s] -- Up-to-date symlink: /home/zach/huy/tendon_clf/ros/install/spirob_interfaces/share/spirob_interfaces/cmake/spirob_interfacesConfig-version.cmake
[0.893s] -- Up-to-date symlink: /home/zach/huy/tendon_clf/ros/install/spirob_interfaces/share/spirob_interfaces/package.xml
[0.894s] -- Up-to-date: /home/zach/huy/tendon_clf/ros/install/spirob_interfaces/lib/libspirob_interfaces__rosidl_generator_c.so
[0.895s] -- Up-to-date: /home/zach/huy/tendon_clf/ros/install/spirob_interfaces/lib/libspirob_interfaces__rosidl_typesupport_fastrtps_c.so
[0.895s] -- Up-to-date: /home/zach/huy/tendon_clf/ros/install/spirob_interfaces/lib/libspirob_interfaces__rosidl_typesupport_introspection_c.so
[0.896s] -- Up-to-date: /home/zach/huy/tendon_clf/ros/install/spirob_interfaces/lib/libspirob_interfaces__rosidl_typesupport_c.so
[0.896s] -- Up-to-date: /home/zach/huy/tendon_clf/ros/install/spirob_interfaces/lib/libspirob_interfaces__rosidl_typesupport_fastrtps_cpp.so
[0.897s] -- Up-to-date: /home/zach/huy/tendon_clf/ros/install/spirob_interfaces/lib/libspirob_interfaces__rosidl_typesupport_introspection_cpp.so
[0.897s] -- Up-to-date: /home/zach/huy/tendon_clf/ros/install/spirob_interfaces/lib/libspirob_interfaces__rosidl_typesupport_cpp.so
[0.962s] Listing '/home/zach/huy/tendon_clf/ros/install/spirob_interfaces/lib/python3.12/site-packages/spirob_interfaces'...
[0.963s] Listing '/home/zach/huy/tendon_clf/ros/install/spirob_interfaces/lib/python3.12/site-packages/spirob_interfaces/msg'...
[0.971s] -- Up-to-date: /home/zach/huy/tendon_clf/ros/install/spirob_interfaces/lib/libspirob_interfaces__rosidl_generator_py.so
[0.971s] -- Up-to-date: /home/zach/huy/tendon_clf/ros/install/spirob_interfaces/share/spirob_interfaces/cmake/export_spirob_interfaces__rosidl_generator_cExport.cmake
[0.971s] -- Up-to-date: /home/zach/huy/tendon_clf/ros/install/spirob_interfaces/share/spirob_interfaces/cmake/export_spirob_interfaces__rosidl_generator_cExport-noconfig.cmake
[0.971s] -- Up-to-date: /home/zach/huy/tendon_clf/ros/install/spirob_interfaces/share/spirob_interfaces/cmake/export_spirob_interfaces__rosidl_typesupport_fastrtps_cExport.cmake
[0.971s] -- Up-to-date: /home/zach/huy/tendon_clf/ros/install/spirob_interfaces/share/spirob_interfaces/cmake/export_spirob_interfaces__rosidl_typesupport_fastrtps_cExport-noconfig.cmake
[0.971s] -- Up-to-date: /home/zach/huy/tendon_clf/ros/install/spirob_interfaces/share/spirob_interfaces/cmake/spirob_interfaces__rosidl_typesupport_introspection_cExport.cmake
[0.972s] -- Up-to-date: /home/zach/huy/tendon_clf/ros/install/spirob_interfaces/share/spirob_interfaces/cmake/spirob_interfaces__rosidl_typesupport_introspection_cExport-noconfig.cmake
[0.972s] -- Up-to-date: /home/zach/huy/tendon_clf/ros/install/spirob_interfaces/share/spirob_interfaces/cmake/spirob_interfaces__rosidl_typesupport_cExport.cmake
[0.972s] -- Up-to-date: /home/zach/huy/tendon_clf/ros/install/spirob_interfaces/share/spirob_interfaces/cmake/spirob_interfaces__rosidl_typesupport_cExport-noconfig.cmake
[0.972s] -- Up-to-date: /home/zach/huy/tendon_clf/ros/install/spirob_interfaces/share/spirob_interfaces/cmake/export_spirob_interfaces__rosidl_generator_cppExport.cmake
[0.972s] -- Up-to-date: /home/zach/huy/tendon_clf/ros/install/spirob_interfaces/share/spirob_interfaces/cmake/export_spirob_interfaces__rosidl_typesupport_fastrtps_cppExport.cmake
[0.972s] -- Up-to-date: /home/zach/huy/tendon_clf/ros/install/spirob_interfaces/share/spirob_interfaces/cmake/export_spirob_interfaces__rosidl_typesupport_fastrtps_cppExport-noconfig.cmake
[0.972s] -- Up-to-date: /home/zach/huy/tendon_clf/ros/install/spirob_interfaces/share/spirob_interfaces/cmake/spirob_interfaces__rosidl_typesupport_introspection_cppExport.cmake
[0.973s] -- Up-to-date: /home/zach/huy/tendon_clf/ros/install/spirob_interfaces/share/spirob_interfaces/cmake/spirob_interfaces__rosidl_typesupport_introspection_cppExport-noconfig.cmake
[0.973s] -- Up-to-date: /home/zach/huy/tendon_clf/ros/install/spirob_interfaces/share/spirob_interfaces/cmake/spirob_interfaces__rosidl_typesupport_cppExport.cmake
[0.973s] -- Up-to-date: /home/zach/huy/tendon_clf/ros/install/spirob_interfaces/share/spirob_interfaces/cmake/spirob_interfaces__rosidl_typesupport_cppExport-noconfig.cmake
[0.973s] -- Up-to-date: /home/zach/huy/tendon_clf/ros/install/spirob_interfaces/share/spirob_interfaces/cmake/export_spirob_interfaces__rosidl_generator_pyExport.cmake
[0.973s] -- Up-to-date: /home/zach/huy/tendon_clf/ros/install/spirob_interfaces/share/spirob_interfaces/cmake/export_spirob_interfaces__rosidl_generator_pyExport-noconfig.cmake
[0.977s] Invoked command in '/home/zach/huy/tendon_clf/ros/build/spirob_interfaces' returned '0': CMAKE_PREFIX_PATH=${CMAKE_PREFIX_PATH}:/home/zach/huy/tendon_clf/ros/install/spirob_ros:/home/zach/drl-turtle/ros2_ws/install/turtle_rl:/home/zach/drl-turtle/ros2_ws/install/turtle_hardware:/home/zach/drl-turtle/ros2_ws/install/opencv_tests:/opt/ros/jazzy DEBUGINFOD_URLS=https://debuginfod.ubuntu.com /usr/bin/cmake --install /home/zach/huy/tendon_clf/ros/build/spirob_interfaces
