[0.018s] Invoking command in '/home/zach/huy/tendon_clf/ros/build/spirob_interfaces': CMAKE_PREFIX_PATH=${CMAKE_PREFIX_PATH}:/home/zach/huy/tendon_clf/ros/install/spirob_ros:/home/zach/drl-turtle/ros2_ws/install/turtle_rl:/home/zach/drl-turtle/ros2_ws/install/turtle_hardware:/home/zach/drl-turtle/ros2_ws/install/opencv_tests:/opt/ros/jazzy CONDA_PROMPT_MODIFIER=(nonlinear) DEBUGINFOD_URLS=https://debuginfod.ubuntu.com /usr/bin/cmake --build /home/zach/huy/tendon_clf/ros/build/spirob_interfaces -- -j16 -l16
[0.103s] [  1%] Built target spirob_interfaces__rosidl_generator_type_description
[0.124s] [  1%] Built target ament_cmake_python_symlink_spirob_interfaces
[0.150s] [  7%] Built target spirob_interfaces__cpp
[0.151s] [ 24%] Built target spirob_interfaces__rosidl_generator_c
[0.207s] [ 33%] Built target spirob_interfaces__rosidl_typesupport_cpp
[0.208s] [ 46%] Built target spirob_interfaces__rosidl_typesupport_c
[0.209s] [ 51%] Built target spirob_interfaces__rosidl_typesupport_introspection_c
[0.211s] [ 61%] Built target spirob_interfaces__rosidl_typesupport_fastrtps_cpp
[0.212s] [ 70%] Built target spirob_interfaces__rosidl_typesupport_fastrtps_c
[0.215s] [ 79%] Built target spirob_interfaces__rosidl_typesupport_introspection_cpp
[0.268s] [ 79%] Built target spirob_interfaces
[0.321s] [ 81%] Built target spirob_interfaces__py
[0.378s] [ 88%] Built target spirob_interfaces__rosidl_generator_py
[0.435s] [ 96%] Built target spirob_interfaces_s__rosidl_typesupport_introspection_c
[0.435s] [ 96%] Built target spirob_interfaces_s__rosidl_typesupport_c
[0.438s] [100%] Built target spirob_interfaces_s__rosidl_typesupport_fastrtps_c
[0.534s] running egg_info
[0.564s] writing spirob_interfaces.egg-info/PKG-INFO
[0.564s] writing dependency_links to spirob_interfaces.egg-info/dependency_links.txt
[0.564s] writing top-level names to spirob_interfaces.egg-info/top_level.txt
[0.651s] reading manifest file 'spirob_interfaces.egg-info/SOURCES.txt'
[0.652s] writing manifest file 'spirob_interfaces.egg-info/SOURCES.txt'
[0.689s] [100%] Built target ament_cmake_python_build_spirob_interfaces_egg
[0.711s] Invoked command in '/home/zach/huy/tendon_clf/ros/build/spirob_interfaces' returned '0': CMAKE_PREFIX_PATH=${CMAKE_PREFIX_PATH}:/home/zach/huy/tendon_clf/ros/install/spirob_ros:/home/zach/drl-turtle/ros2_ws/install/turtle_rl:/home/zach/drl-turtle/ros2_ws/install/turtle_hardware:/home/zach/drl-turtle/ros2_ws/install/opencv_tests:/opt/ros/jazzy CONDA_PROMPT_MODIFIER=(nonlinear) DEBUGINFOD_URLS=https://debuginfod.ubuntu.com /usr/bin/cmake --build /home/zach/huy/tendon_clf/ros/build/spirob_interfaces -- -j16 -l16
[0.730s] Invoking command in '/home/zach/huy/tendon_clf/ros/build/spirob_interfaces': CMAKE_PREFIX_PATH=${CMAKE_PREFIX_PATH}:/home/zach/huy/tendon_clf/ros/install/spirob_ros:/home/zach/drl-turtle/ros2_ws/install/turtle_rl:/home/zach/drl-turtle/ros2_ws/install/turtle_hardware:/home/zach/drl-turtle/ros2_ws/install/opencv_tests:/opt/ros/jazzy CONDA_PROMPT_MODIFIER=(nonlinear) DEBUGINFOD_URLS=https://debuginfod.ubuntu.com /usr/bin/cmake --install /home/zach/huy/tendon_clf/ros/build/spirob_interfaces
[0.744s] -- Install configuration: ""
[0.744s] -- Execute custom install script
[0.745s] -- Up-to-date symlink: /home/zach/huy/tendon_clf/ros/install/spirob_interfaces/share/ament_index/resource_index/rosidl_interfaces/spirob_interfaces
[0.745s] -- Up-to-date symlink: /home/zach/huy/tendon_clf/ros/install/spirob_interfaces/share/spirob_interfaces/msg/MotorState.json
[0.745s] -- Up-to-date symlink: /home/zach/huy/tendon_clf/ros/install/spirob_interfaces/share/spirob_interfaces/msg/MotorCommand.json
[0.746s] -- Up-to-date symlink: /home/zach/huy/tendon_clf/ros/install/spirob_interfaces/share/spirob_interfaces/msg/RobotState.json
[0.746s] -- Up-to-date symlink: /home/zach/huy/tendon_clf/ros/install/spirob_interfaces/include/spirob_interfaces/spirob_interfaces/msg/detail/motor_command__functions.h
[0.747s] -- Up-to-date symlink: /home/zach/huy/tendon_clf/ros/install/spirob_interfaces/include/spirob_interfaces/spirob_interfaces/msg/detail/motor_command__struct.h
[0.747s] -- Up-to-date symlink: /home/zach/huy/tendon_clf/ros/install/spirob_interfaces/include/spirob_interfaces/spirob_interfaces/msg/detail/motor_command__type_support.h
[0.747s] -- Up-to-date symlink: /home/zach/huy/tendon_clf/ros/install/spirob_interfaces/include/spirob_interfaces/spirob_interfaces/msg/detail/motor_state__functions.h
[0.747s] -- Up-to-date symlink: /home/zach/huy/tendon_clf/ros/install/spirob_interfaces/include/spirob_interfaces/spirob_interfaces/msg/detail/motor_state__struct.h
[0.747s] -- Up-to-date symlink: /home/zach/huy/tendon_clf/ros/install/spirob_interfaces/include/spirob_interfaces/spirob_interfaces/msg/detail/motor_state__type_support.h
[0.748s] -- Up-to-date symlink: /home/zach/huy/tendon_clf/ros/install/spirob_interfaces/include/spirob_interfaces/spirob_interfaces/msg/detail/robot_state__functions.h
[0.748s] -- Up-to-date symlink: /home/zach/huy/tendon_clf/ros/install/spirob_interfaces/include/spirob_interfaces/spirob_interfaces/msg/detail/robot_state__struct.h
[0.748s] -- Up-to-date symlink: /home/zach/huy/tendon_clf/ros/install/spirob_interfaces/include/spirob_interfaces/spirob_interfaces/msg/detail/robot_state__type_support.h
[0.748s] -- Up-to-date symlink: /home/zach/huy/tendon_clf/ros/install/spirob_interfaces/include/spirob_interfaces/spirob_interfaces/msg/motor_command.h
[0.748s] -- Up-to-date symlink: /home/zach/huy/tendon_clf/ros/install/spirob_interfaces/include/spirob_interfaces/spirob_interfaces/msg/motor_state.h
[0.748s] -- Up-to-date symlink: /home/zach/huy/tendon_clf/ros/install/spirob_interfaces/include/spirob_interfaces/spirob_interfaces/msg/robot_state.h
[0.749s] -- Up-to-date symlink: /home/zach/huy/tendon_clf/ros/install/spirob_interfaces/include/spirob_interfaces/spirob_interfaces/msg/rosidl_generator_c__visibility_control.h
[0.749s] -- Up-to-date symlink: /home/zach/huy/tendon_clf/ros/install/spirob_interfaces/share/spirob_interfaces/environment/library_path.sh
[0.749s] -- Up-to-date symlink: /home/zach/huy/tendon_clf/ros/install/spirob_interfaces/share/spirob_interfaces/environment/library_path.dsv
[0.750s] -- Up-to-date symlink: /home/zach/huy/tendon_clf/ros/install/spirob_interfaces/include/spirob_interfaces/spirob_interfaces/msg/detail/motor_command__rosidl_typesupport_fastrtps_c.h
[0.750s] -- Up-to-date symlink: /home/zach/huy/tendon_clf/ros/install/spirob_interfaces/include/spirob_interfaces/spirob_interfaces/msg/detail/motor_state__rosidl_typesupport_fastrtps_c.h
[0.750s] -- Up-to-date symlink: /home/zach/huy/tendon_clf/ros/install/spirob_interfaces/include/spirob_interfaces/spirob_interfaces/msg/detail/robot_state__rosidl_typesupport_fastrtps_c.h
[0.751s] -- Up-to-date symlink: /home/zach/huy/tendon_clf/ros/install/spirob_interfaces/include/spirob_interfaces/spirob_interfaces/msg/rosidl_typesupport_fastrtps_c__visibility_control.h
[0.751s] -- Up-to-date symlink: /home/zach/huy/tendon_clf/ros/install/spirob_interfaces/include/spirob_interfaces/spirob_interfaces/msg/detail/motor_command__rosidl_typesupport_introspection_c.h
[0.751s] -- Up-to-date symlink: /home/zach/huy/tendon_clf/ros/install/spirob_interfaces/include/spirob_interfaces/spirob_interfaces/msg/detail/motor_state__rosidl_typesupport_introspection_c.h
[0.751s] -- Up-to-date symlink: /home/zach/huy/tendon_clf/ros/install/spirob_interfaces/include/spirob_interfaces/spirob_interfaces/msg/detail/robot_state__rosidl_typesupport_introspection_c.h
[0.752s] -- Up-to-date symlink: /home/zach/huy/tendon_clf/ros/install/spirob_interfaces/include/spirob_interfaces/spirob_interfaces/msg/rosidl_typesupport_introspection_c__visibility_control.h
[0.752s] -- Up-to-date symlink: /home/zach/huy/tendon_clf/ros/install/spirob_interfaces/include/spirob_interfaces/spirob_interfaces/msg/detail/motor_command__builder.hpp
[0.753s] -- Up-to-date symlink: /home/zach/huy/tendon_clf/ros/install/spirob_interfaces/include/spirob_interfaces/spirob_interfaces/msg/detail/motor_command__struct.hpp
[0.753s] -- Up-to-date symlink: /home/zach/huy/tendon_clf/ros/install/spirob_interfaces/include/spirob_interfaces/spirob_interfaces/msg/detail/motor_command__traits.hpp
[0.753s] -- Up-to-date symlink: /home/zach/huy/tendon_clf/ros/install/spirob_interfaces/include/spirob_interfaces/spirob_interfaces/msg/detail/motor_command__type_support.hpp
[0.753s] -- Up-to-date symlink: /home/zach/huy/tendon_clf/ros/install/spirob_interfaces/include/spirob_interfaces/spirob_interfaces/msg/detail/motor_state__builder.hpp
[0.753s] -- Up-to-date symlink: /home/zach/huy/tendon_clf/ros/install/spirob_interfaces/include/spirob_interfaces/spirob_interfaces/msg/detail/motor_state__struct.hpp
[0.754s] -- Up-to-date symlink: /home/zach/huy/tendon_clf/ros/install/spirob_interfaces/include/spirob_interfaces/spirob_interfaces/msg/detail/motor_state__traits.hpp
[0.754s] -- Up-to-date symlink: /home/zach/huy/tendon_clf/ros/install/spirob_interfaces/include/spirob_interfaces/spirob_interfaces/msg/detail/motor_state__type_support.hpp
[0.754s] -- Up-to-date symlink: /home/zach/huy/tendon_clf/ros/install/spirob_interfaces/include/spirob_interfaces/spirob_interfaces/msg/detail/robot_state__builder.hpp
[0.754s] -- Up-to-date symlink: /home/zach/huy/tendon_clf/ros/install/spirob_interfaces/include/spirob_interfaces/spirob_interfaces/msg/detail/robot_state__struct.hpp
[0.754s] -- Up-to-date symlink: /home/zach/huy/tendon_clf/ros/install/spirob_interfaces/include/spirob_interfaces/spirob_interfaces/msg/detail/robot_state__traits.hpp
[0.754s] -- Up-to-date symlink: /home/zach/huy/tendon_clf/ros/install/spirob_interfaces/include/spirob_interfaces/spirob_interfaces/msg/detail/robot_state__type_support.hpp
[0.755s] -- Up-to-date symlink: /home/zach/huy/tendon_clf/ros/install/spirob_interfaces/include/spirob_interfaces/spirob_interfaces/msg/motor_command.hpp
[0.755s] -- Up-to-date symlink: /home/zach/huy/tendon_clf/ros/install/spirob_interfaces/include/spirob_interfaces/spirob_interfaces/msg/motor_state.hpp
[0.755s] -- Up-to-date symlink: /home/zach/huy/tendon_clf/ros/install/spirob_interfaces/include/spirob_interfaces/spirob_interfaces/msg/robot_state.hpp
[0.755s] -- Up-to-date symlink: /home/zach/huy/tendon_clf/ros/install/spirob_interfaces/include/spirob_interfaces/spirob_interfaces/msg/rosidl_generator_cpp__visibility_control.hpp
[0.756s] -- Up-to-date symlink: /home/zach/huy/tendon_clf/ros/install/spirob_interfaces/include/spirob_interfaces/spirob_interfaces/msg/detail/motor_command__rosidl_typesupport_fastrtps_cpp.hpp
[0.756s] -- Up-to-date symlink: /home/zach/huy/tendon_clf/ros/install/spirob_interfaces/include/spirob_interfaces/spirob_interfaces/msg/detail/motor_state__rosidl_typesupport_fastrtps_cpp.hpp
[0.756s] -- Up-to-date symlink: /home/zach/huy/tendon_clf/ros/install/spirob_interfaces/include/spirob_interfaces/spirob_interfaces/msg/detail/robot_state__rosidl_typesupport_fastrtps_cpp.hpp
[0.757s] -- Up-to-date symlink: /home/zach/huy/tendon_clf/ros/install/spirob_interfaces/include/spirob_interfaces/spirob_interfaces/msg/rosidl_typesupport_fastrtps_cpp__visibility_control.h
[0.757s] -- Up-to-date symlink: /home/zach/huy/tendon_clf/ros/install/spirob_interfaces/include/spirob_interfaces/spirob_interfaces/msg/detail/motor_command__rosidl_typesupport_introspection_cpp.hpp
[0.758s] -- Up-to-date symlink: /home/zach/huy/tendon_clf/ros/install/spirob_interfaces/include/spirob_interfaces/spirob_interfaces/msg/detail/motor_state__rosidl_typesupport_introspection_cpp.hpp
[0.758s] -- Up-to-date symlink: /home/zach/huy/tendon_clf/ros/install/spirob_interfaces/include/spirob_interfaces/spirob_interfaces/msg/detail/robot_state__rosidl_typesupport_introspection_cpp.hpp
[0.758s] -- Up-to-date symlink: /home/zach/huy/tendon_clf/ros/install/spirob_interfaces/share/spirob_interfaces/environment/pythonpath.sh
[0.758s] -- Up-to-date symlink: /home/zach/huy/tendon_clf/ros/install/spirob_interfaces/share/spirob_interfaces/environment/pythonpath.dsv
[0.759s] -- Up-to-date symlink: /home/zach/huy/tendon_clf/ros/install/spirob_interfaces/lib/python3.12/site-packages/spirob_interfaces-0.0.1-py3.12.egg-info/PKG-INFO
[0.759s] -- Up-to-date symlink: /home/zach/huy/tendon_clf/ros/install/spirob_interfaces/lib/python3.12/site-packages/spirob_interfaces-0.0.1-py3.12.egg-info/SOURCES.txt
[0.759s] -- Up-to-date symlink: /home/zach/huy/tendon_clf/ros/install/spirob_interfaces/lib/python3.12/site-packages/spirob_interfaces-0.0.1-py3.12.egg-info/dependency_links.txt
[0.759s] -- Up-to-date symlink: /home/zach/huy/tendon_clf/ros/install/spirob_interfaces/lib/python3.12/site-packages/spirob_interfaces-0.0.1-py3.12.egg-info/top_level.txt
[0.760s] -- Up-to-date symlink: /home/zach/huy/tendon_clf/ros/install/spirob_interfaces/lib/python3.12/site-packages/spirob_interfaces/__init__.py
[0.760s] -- Up-to-date symlink: /home/zach/huy/tendon_clf/ros/install/spirob_interfaces/lib/python3.12/site-packages/spirob_interfaces/_spirob_interfaces_s.ep.rosidl_typesupport_c.c
[0.760s] -- Up-to-date symlink: /home/zach/huy/tendon_clf/ros/install/spirob_interfaces/lib/python3.12/site-packages/spirob_interfaces/_spirob_interfaces_s.ep.rosidl_typesupport_fastrtps_c.c
[0.761s] -- Up-to-date symlink: /home/zach/huy/tendon_clf/ros/install/spirob_interfaces/lib/python3.12/site-packages/spirob_interfaces/_spirob_interfaces_s.ep.rosidl_typesupport_introspection_c.c
[0.761s] -- Up-to-date symlink: /home/zach/huy/tendon_clf/ros/install/spirob_interfaces/lib/python3.12/site-packages/spirob_interfaces/msg/__init__.py
[0.761s] -- Up-to-date symlink: /home/zach/huy/tendon_clf/ros/install/spirob_interfaces/lib/python3.12/site-packages/spirob_interfaces/msg/_motor_command.py
[0.761s] -- Up-to-date symlink: /home/zach/huy/tendon_clf/ros/install/spirob_interfaces/lib/python3.12/site-packages/spirob_interfaces/msg/_motor_command_s.c
[0.761s] -- Up-to-date symlink: /home/zach/huy/tendon_clf/ros/install/spirob_interfaces/lib/python3.12/site-packages/spirob_interfaces/msg/_motor_state.py
[0.762s] -- Up-to-date symlink: /home/zach/huy/tendon_clf/ros/install/spirob_interfaces/lib/python3.12/site-packages/spirob_interfaces/msg/_motor_state_s.c
[0.762s] -- Up-to-date symlink: /home/zach/huy/tendon_clf/ros/install/spirob_interfaces/lib/python3.12/site-packages/spirob_interfaces/msg/_robot_state.py
[0.762s] -- Up-to-date symlink: /home/zach/huy/tendon_clf/ros/install/spirob_interfaces/lib/python3.12/site-packages/spirob_interfaces/msg/_robot_state_s.c
[0.762s] -- Up-to-date symlink: /home/zach/huy/tendon_clf/ros/install/spirob_interfaces/lib/python3.12/site-packages/spirob_interfaces/spirob_interfaces_s__rosidl_typesupport_c.so
[0.762s] -- Up-to-date symlink: /home/zach/huy/tendon_clf/ros/install/spirob_interfaces/lib/python3.12/site-packages/spirob_interfaces/spirob_interfaces_s__rosidl_typesupport_fastrtps_c.so
[0.762s] -- Up-to-date symlink: /home/zach/huy/tendon_clf/ros/install/spirob_interfaces/lib/python3.12/site-packages/spirob_interfaces/spirob_interfaces_s__rosidl_typesupport_introspection_c.so
[0.763s] -- Up-to-date symlink: /home/zach/huy/tendon_clf/ros/install/spirob_interfaces/lib/python3.12/site-packages/spirob_interfaces/spirob_interfaces_s__rosidl_typesupport_fastrtps_c.so
[0.763s] -- Up-to-date symlink: /home/zach/huy/tendon_clf/ros/install/spirob_interfaces/lib/python3.12/site-packages/spirob_interfaces/spirob_interfaces_s__rosidl_typesupport_introspection_c.so
[0.764s] -- Up-to-date symlink: /home/zach/huy/tendon_clf/ros/install/spirob_interfaces/lib/python3.12/site-packages/spirob_interfaces/spirob_interfaces_s__rosidl_typesupport_c.so
[0.764s] -- Up-to-date symlink: /home/zach/huy/tendon_clf/ros/install/spirob_interfaces/share/spirob_interfaces/msg/MotorState.idl
[0.764s] -- Up-to-date symlink: /home/zach/huy/tendon_clf/ros/install/spirob_interfaces/share/spirob_interfaces/msg/MotorCommand.idl
[0.764s] -- Up-to-date symlink: /home/zach/huy/tendon_clf/ros/install/spirob_interfaces/share/spirob_interfaces/msg/RobotState.idl
[0.764s] -- Up-to-date symlink: /home/zach/huy/tendon_clf/ros/install/spirob_interfaces/share/spirob_interfaces/msg/MotorState.msg
[0.765s] -- Up-to-date symlink: /home/zach/huy/tendon_clf/ros/install/spirob_interfaces/share/spirob_interfaces/msg/MotorCommand.msg
[0.765s] -- Up-to-date symlink: /home/zach/huy/tendon_clf/ros/install/spirob_interfaces/share/spirob_interfaces/msg/RobotState.msg
[0.765s] -- Up-to-date symlink: /home/zach/huy/tendon_clf/ros/install/spirob_interfaces/share/ament_index/resource_index/package_run_dependencies/spirob_interfaces
[0.765s] -- Up-to-date symlink: /home/zach/huy/tendon_clf/ros/install/spirob_interfaces/share/ament_index/resource_index/parent_prefix_path/spirob_interfaces
[0.766s] -- Up-to-date symlink: /home/zach/huy/tendon_clf/ros/install/spirob_interfaces/share/spirob_interfaces/environment/ament_prefix_path.sh
[0.766s] -- Up-to-date symlink: /home/zach/huy/tendon_clf/ros/install/spirob_interfaces/share/spirob_interfaces/environment/ament_prefix_path.dsv
[0.766s] -- Up-to-date symlink: /home/zach/huy/tendon_clf/ros/install/spirob_interfaces/share/spirob_interfaces/environment/path.sh
[0.766s] -- Up-to-date symlink: /home/zach/huy/tendon_clf/ros/install/spirob_interfaces/share/spirob_interfaces/environment/path.dsv
[0.766s] -- Up-to-date symlink: /home/zach/huy/tendon_clf/ros/install/spirob_interfaces/share/spirob_interfaces/local_setup.bash
[0.767s] -- Up-to-date symlink: /home/zach/huy/tendon_clf/ros/install/spirob_interfaces/share/spirob_interfaces/local_setup.sh
[0.767s] -- Up-to-date symlink: /home/zach/huy/tendon_clf/ros/install/spirob_interfaces/share/spirob_interfaces/local_setup.zsh
[0.767s] -- Up-to-date symlink: /home/zach/huy/tendon_clf/ros/install/spirob_interfaces/share/spirob_interfaces/local_setup.dsv
[0.767s] -- Symlinking: /home/zach/huy/tendon_clf/ros/install/spirob_interfaces/share/spirob_interfaces/package.dsv
[0.783s] -- Up-to-date symlink: /home/zach/huy/tendon_clf/ros/install/spirob_interfaces/share/ament_index/resource_index/packages/spirob_interfaces
[0.783s] -- Up-to-date symlink: /home/zach/huy/tendon_clf/ros/install/spirob_interfaces/share/spirob_interfaces/cmake/rosidl_cmake-extras.cmake
[0.784s] -- Up-to-date symlink: /home/zach/huy/tendon_clf/ros/install/spirob_interfaces/share/spirob_interfaces/cmake/ament_cmake_export_dependencies-extras.cmake
[0.784s] -- Up-to-date symlink: /home/zach/huy/tendon_clf/ros/install/spirob_interfaces/share/spirob_interfaces/cmake/ament_cmake_export_include_directories-extras.cmake
[0.784s] -- Up-to-date symlink: /home/zach/huy/tendon_clf/ros/install/spirob_interfaces/share/spirob_interfaces/cmake/ament_cmake_export_libraries-extras.cmake
[0.784s] -- Up-to-date symlink: /home/zach/huy/tendon_clf/ros/install/spirob_interfaces/share/spirob_interfaces/cmake/ament_cmake_export_targets-extras.cmake
[0.784s] -- Up-to-date symlink: /home/zach/huy/tendon_clf/ros/install/spirob_interfaces/share/spirob_interfaces/cmake/rosidl_cmake_export_typesupport_targets-extras.cmake
[0.785s] -- Up-to-date symlink: /home/zach/huy/tendon_clf/ros/install/spirob_interfaces/share/spirob_interfaces/cmake/rosidl_cmake_export_typesupport_libraries-extras.cmake
[0.785s] -- Up-to-date symlink: /home/zach/huy/tendon_clf/ros/install/spirob_interfaces/share/spirob_interfaces/cmake/spirob_interfacesConfig.cmake
[0.785s] -- Up-to-date symlink: /home/zach/huy/tendon_clf/ros/install/spirob_interfaces/share/spirob_interfaces/cmake/spirob_interfacesConfig-version.cmake
[0.785s] -- Up-to-date symlink: /home/zach/huy/tendon_clf/ros/install/spirob_interfaces/share/spirob_interfaces/package.xml
[0.786s] -- Up-to-date: /home/zach/huy/tendon_clf/ros/install/spirob_interfaces/lib/libspirob_interfaces__rosidl_generator_c.so
[0.786s] -- Up-to-date: /home/zach/huy/tendon_clf/ros/install/spirob_interfaces/lib/libspirob_interfaces__rosidl_typesupport_fastrtps_c.so
[0.787s] -- Up-to-date: /home/zach/huy/tendon_clf/ros/install/spirob_interfaces/lib/libspirob_interfaces__rosidl_typesupport_introspection_c.so
[0.787s] -- Up-to-date: /home/zach/huy/tendon_clf/ros/install/spirob_interfaces/lib/libspirob_interfaces__rosidl_typesupport_c.so
[0.788s] -- Up-to-date: /home/zach/huy/tendon_clf/ros/install/spirob_interfaces/lib/libspirob_interfaces__rosidl_typesupport_fastrtps_cpp.so
[0.788s] -- Up-to-date: /home/zach/huy/tendon_clf/ros/install/spirob_interfaces/lib/libspirob_interfaces__rosidl_typesupport_introspection_cpp.so
[0.789s] -- Up-to-date: /home/zach/huy/tendon_clf/ros/install/spirob_interfaces/lib/libspirob_interfaces__rosidl_typesupport_cpp.so
[0.848s] Listing '/home/zach/huy/tendon_clf/ros/install/spirob_interfaces/lib/python3.12/site-packages/spirob_interfaces'...
[0.848s] Listing '/home/zach/huy/tendon_clf/ros/install/spirob_interfaces/lib/python3.12/site-packages/spirob_interfaces/msg'...
[0.855s] -- Up-to-date: /home/zach/huy/tendon_clf/ros/install/spirob_interfaces/lib/libspirob_interfaces__rosidl_generator_py.so
[0.855s] -- Up-to-date: /home/zach/huy/tendon_clf/ros/install/spirob_interfaces/share/spirob_interfaces/cmake/export_spirob_interfaces__rosidl_generator_cExport.cmake
[0.855s] -- Up-to-date: /home/zach/huy/tendon_clf/ros/install/spirob_interfaces/share/spirob_interfaces/cmake/export_spirob_interfaces__rosidl_generator_cExport-noconfig.cmake
[0.856s] -- Up-to-date: /home/zach/huy/tendon_clf/ros/install/spirob_interfaces/share/spirob_interfaces/cmake/export_spirob_interfaces__rosidl_typesupport_fastrtps_cExport.cmake
[0.856s] -- Up-to-date: /home/zach/huy/tendon_clf/ros/install/spirob_interfaces/share/spirob_interfaces/cmake/export_spirob_interfaces__rosidl_typesupport_fastrtps_cExport-noconfig.cmake
[0.856s] -- Up-to-date: /home/zach/huy/tendon_clf/ros/install/spirob_interfaces/share/spirob_interfaces/cmake/spirob_interfaces__rosidl_typesupport_introspection_cExport.cmake
[0.856s] -- Up-to-date: /home/zach/huy/tendon_clf/ros/install/spirob_interfaces/share/spirob_interfaces/cmake/spirob_interfaces__rosidl_typesupport_introspection_cExport-noconfig.cmake
[0.856s] -- Up-to-date: /home/zach/huy/tendon_clf/ros/install/spirob_interfaces/share/spirob_interfaces/cmake/spirob_interfaces__rosidl_typesupport_cExport.cmake
[0.856s] -- Up-to-date: /home/zach/huy/tendon_clf/ros/install/spirob_interfaces/share/spirob_interfaces/cmake/spirob_interfaces__rosidl_typesupport_cExport-noconfig.cmake
[0.856s] -- Up-to-date: /home/zach/huy/tendon_clf/ros/install/spirob_interfaces/share/spirob_interfaces/cmake/export_spirob_interfaces__rosidl_generator_cppExport.cmake
[0.856s] -- Up-to-date: /home/zach/huy/tendon_clf/ros/install/spirob_interfaces/share/spirob_interfaces/cmake/export_spirob_interfaces__rosidl_typesupport_fastrtps_cppExport.cmake
[0.857s] -- Up-to-date: /home/zach/huy/tendon_clf/ros/install/spirob_interfaces/share/spirob_interfaces/cmake/export_spirob_interfaces__rosidl_typesupport_fastrtps_cppExport-noconfig.cmake
[0.857s] -- Up-to-date: /home/zach/huy/tendon_clf/ros/install/spirob_interfaces/share/spirob_interfaces/cmake/spirob_interfaces__rosidl_typesupport_introspection_cppExport.cmake
[0.857s] -- Up-to-date: /home/zach/huy/tendon_clf/ros/install/spirob_interfaces/share/spirob_interfaces/cmake/spirob_interfaces__rosidl_typesupport_introspection_cppExport-noconfig.cmake
[0.857s] -- Up-to-date: /home/zach/huy/tendon_clf/ros/install/spirob_interfaces/share/spirob_interfaces/cmake/spirob_interfaces__rosidl_typesupport_cppExport.cmake
[0.857s] -- Up-to-date: /home/zach/huy/tendon_clf/ros/install/spirob_interfaces/share/spirob_interfaces/cmake/spirob_interfaces__rosidl_typesupport_cppExport-noconfig.cmake
[0.857s] -- Up-to-date: /home/zach/huy/tendon_clf/ros/install/spirob_interfaces/share/spirob_interfaces/cmake/export_spirob_interfaces__rosidl_generator_pyExport.cmake
[0.857s] -- Up-to-date: /home/zach/huy/tendon_clf/ros/install/spirob_interfaces/share/spirob_interfaces/cmake/export_spirob_interfaces__rosidl_generator_pyExport-noconfig.cmake
[0.861s] Invoked command in '/home/zach/huy/tendon_clf/ros/build/spirob_interfaces' returned '0': CMAKE_PREFIX_PATH=${CMAKE_PREFIX_PATH}:/home/zach/huy/tendon_clf/ros/install/spirob_ros:/home/zach/drl-turtle/ros2_ws/install/turtle_rl:/home/zach/drl-turtle/ros2_ws/install/turtle_hardware:/home/zach/drl-turtle/ros2_ws/install/opencv_tests:/opt/ros/jazzy CONDA_PROMPT_MODIFIER=(nonlinear) DEBUGINFOD_URLS=https://debuginfod.ubuntu.com /usr/bin/cmake --install /home/zach/huy/tendon_clf/ros/build/spirob_interfaces
