[0.905s] Invoking command in '/home/zach/huy/tendon_clf/ros/build/spirob_ros': AMENT_PREFIX_PATH=/home/zach/huy/tendon_clf/ros/install/spirob_interfaces:${AMENT_PREFIX_PATH} CMAKE_PREFIX_PATH=/home/zach/huy/tendon_clf/ros/install/spirob_interfaces:${CMAKE_PREFIX_PATH} DEBUGINFOD_URLS=https://debuginfod.ubuntu.com LD_LIBRARY_PATH=/home/zach/huy/tendon_clf/ros/install/spirob_interfaces/lib:${LD_LIBRARY_PATH} PYTHONPATH=/home/zach/huy/tendon_clf/ros/build/spirob_ros/prefix_override:/usr/lib/python3/dist-packages/colcon_core/task/python/colcon_distutils_commands:/home/zach/huy/tendon_clf/ros/install/spirob_ros/lib/python3.12/site-packages:/home/zach/huy/tendon_clf/ros/install/spirob_interfaces/lib/python3.12/site-packages:${PYTHONPATH} /usr/bin/python3 -W ignore:setup.py install is deprecated -W ignore:easy_install command is deprecated setup.py develop --editable --build-directory /home/zach/huy/tendon_clf/ros/build/spirob_ros/build --no-deps symlink_data
[1.179s] running develop
[1.397s] running egg_info
[1.397s] creating spirob_ros.egg-info
[1.420s] writing spirob_ros.egg-info/PKG-INFO
[1.421s] writing dependency_links to spirob_ros.egg-info/dependency_links.txt
[1.421s] writing entry points to spirob_ros.egg-info/entry_points.txt
[1.421s] writing requirements to spirob_ros.egg-info/requires.txt
[1.421s] writing top-level names to spirob_ros.egg-info/top_level.txt
[1.421s] writing manifest file 'spirob_ros.egg-info/SOURCES.txt'
[1.465s] reading manifest file 'spirob_ros.egg-info/SOURCES.txt'
[1.465s] writing manifest file 'spirob_ros.egg-info/SOURCES.txt'
[1.488s] running build_ext
[1.488s] Creating /home/zach/huy/tendon_clf/ros/install/spirob_ros/lib/python3.12/site-packages/spirob-ros.egg-link (link to .)
[1.488s] Installing control_node script to /home/zach/huy/tendon_clf/ros/install/spirob_ros/lib/spirob_ros
[1.488s] Installing hardware_node script to /home/zach/huy/tendon_clf/ros/install/spirob_ros/lib/spirob_ros
[1.488s] Installing state_estimation_node script to /home/zach/huy/tendon_clf/ros/install/spirob_ros/lib/spirob_ros
[1.488s] Installing virtual_measurement_node script to /home/zach/huy/tendon_clf/ros/install/spirob_ros/lib/spirob_ros
[1.489s] 
[1.489s] Installed /home/zach/huy/tendon_clf/ros/build/spirob_ros
[1.489s] running symlink_data
[1.489s] creating /home/zach/huy/tendon_clf/ros/install/spirob_ros/share/ament_index
[1.489s] creating /home/zach/huy/tendon_clf/ros/install/spirob_ros/share/ament_index/resource_index
[1.489s] creating /home/zach/huy/tendon_clf/ros/install/spirob_ros/share/ament_index/resource_index/packages
[1.489s] symbolically linking /home/zach/huy/tendon_clf/ros/build/spirob_ros/resource/spirob_ros -> /home/zach/huy/tendon_clf/ros/install/spirob_ros/share/ament_index/resource_index/packages
[1.489s] symbolically linking /home/zach/huy/tendon_clf/ros/build/spirob_ros/package.xml -> /home/zach/huy/tendon_clf/ros/install/spirob_ros/share/spirob_ros
[1.489s] creating /home/zach/huy/tendon_clf/ros/install/spirob_ros/share/spirob_ros/launch
[1.489s] symbolically linking /home/zach/huy/tendon_clf/ros/build/spirob_ros/launch/spirob.launch.py -> /home/zach/huy/tendon_clf/ros/install/spirob_ros/share/spirob_ros/launch
[1.537s] Invoked command in '/home/zach/huy/tendon_clf/ros/build/spirob_ros' returned '0': AMENT_PREFIX_PATH=/home/zach/huy/tendon_clf/ros/install/spirob_interfaces:${AMENT_PREFIX_PATH} CMAKE_PREFIX_PATH=/home/zach/huy/tendon_clf/ros/install/spirob_interfaces:${CMAKE_PREFIX_PATH} DEBUGINFOD_URLS=https://debuginfod.ubuntu.com LD_LIBRARY_PATH=/home/zach/huy/tendon_clf/ros/install/spirob_interfaces/lib:${LD_LIBRARY_PATH} PYTHONPATH=/home/zach/huy/tendon_clf/ros/build/spirob_ros/prefix_override:/usr/lib/python3/dist-packages/colcon_core/task/python/colcon_distutils_commands:/home/zach/huy/tendon_clf/ros/install/spirob_ros/lib/python3.12/site-packages:/home/zach/huy/tendon_clf/ros/install/spirob_interfaces/lib/python3.12/site-packages:${PYTHONPATH} /usr/bin/python3 -W ignore:setup.py install is deprecated -W ignore:easy_install command is deprecated setup.py develop --editable --build-directory /home/zach/huy/tendon_clf/ros/build/spirob_ros/build --no-deps symlink_data
