[1.738s] Invoking command in '/home/zach/huy/tendon_clf/ros/build/spirob_ros': DEBUGINFOD_URLS=https://debuginfod.ubuntu.com PYTHONPATH=/home/zach/huy/tendon_clf/ros/build/spirob_ros/prefix_override:/usr/lib/python3/dist-packages/colcon_core/task/python/colcon_distutils_commands:/home/zach/huy/tendon_clf/ros/install/spirob_ros/lib/python3.12/site-packages:/home/zach/huy/tendon_clf/ros/install/spirob_interfaces/lib/python3.12/site-packages:/home/zach/huy/tendon_clf/ros/build/spirob_ros:/home/zach/huy/tendon_clf/ros/install/spirob_ros/lib/python3.12/site-packages:/home/zach/drl-turtle/ros2_ws/install/turtle_rl/lib/python3.12/site-packages:/home/zach/drl-turtle/ros2_ws/install/turtle_interfaces/lib/python3.12/site-packages:/home/zach/drl-turtle/ros2_ws/install/turtle_hardware/lib/python3.12/site-packages:/home/zach/drl-turtle/ros2_ws/install/turtle_actions/lib/python3.12/site-packages:/home/zach/drl-turtle/ros2_ws/install/opencv_tests/lib/python3.12/site-packages:/home/zach/drl-turtle/ros2_ws/install/image_geometry/lib/python3.12/site-packages:/home/zach/drl-turtle/ros2_ws/install/cv_bridge/lib/python3.12/site-packages:/opt/ros/jazzy/lib/python3.12/site-packages /usr/bin/python3 -W ignore:setup.py install is deprecated -W ignore:easy_install command is deprecated setup.py develop --editable --build-directory /home/zach/huy/tendon_clf/ros/build/spirob_ros/build --no-deps symlink_data
[2.338s] running develop
[2.714s] running egg_info
[2.751s] writing spirob_ros.egg-info/PKG-INFO
[2.751s] writing dependency_links to spirob_ros.egg-info/dependency_links.txt
[2.751s] writing entry points to spirob_ros.egg-info/entry_points.txt
[2.752s] writing requirements to spirob_ros.egg-info/requires.txt
[2.752s] writing top-level names to spirob_ros.egg-info/top_level.txt
[2.824s] reading manifest file 'spirob_ros.egg-info/SOURCES.txt'
[2.825s] writing manifest file 'spirob_ros.egg-info/SOURCES.txt'
[2.868s] running build_ext
[2.868s] Creating /home/zach/huy/tendon_clf/ros/install/spirob_ros/lib/python3.12/site-packages/spirob-ros.egg-link (link to .)
[2.869s] Installing control_node script to /home/zach/huy/tendon_clf/ros/install/spirob_ros/lib/spirob_ros
[2.869s] Installing hardware_node script to /home/zach/huy/tendon_clf/ros/install/spirob_ros/lib/spirob_ros
[2.869s] Installing simulation_node script to /home/zach/huy/tendon_clf/ros/install/spirob_ros/lib/spirob_ros
[2.869s] Installing state_estimation_node script to /home/zach/huy/tendon_clf/ros/install/spirob_ros/lib/spirob_ros
[2.870s] Installing virtual_measurement_node script to /home/zach/huy/tendon_clf/ros/install/spirob_ros/lib/spirob_ros
[2.870s] 
[2.870s] Installed /home/zach/huy/tendon_clf/ros/build/spirob_ros
[2.870s] running symlink_data
[2.926s] Invoked command in '/home/zach/huy/tendon_clf/ros/build/spirob_ros' returned '0': DEBUGINFOD_URLS=https://debuginfod.ubuntu.com PYTHONPATH=/home/zach/huy/tendon_clf/ros/build/spirob_ros/prefix_override:/usr/lib/python3/dist-packages/colcon_core/task/python/colcon_distutils_commands:/home/zach/huy/tendon_clf/ros/install/spirob_ros/lib/python3.12/site-packages:/home/zach/huy/tendon_clf/ros/install/spirob_interfaces/lib/python3.12/site-packages:/home/zach/huy/tendon_clf/ros/build/spirob_ros:/home/zach/huy/tendon_clf/ros/install/spirob_ros/lib/python3.12/site-packages:/home/zach/drl-turtle/ros2_ws/install/turtle_rl/lib/python3.12/site-packages:/home/zach/drl-turtle/ros2_ws/install/turtle_interfaces/lib/python3.12/site-packages:/home/zach/drl-turtle/ros2_ws/install/turtle_hardware/lib/python3.12/site-packages:/home/zach/drl-turtle/ros2_ws/install/turtle_actions/lib/python3.12/site-packages:/home/zach/drl-turtle/ros2_ws/install/opencv_tests/lib/python3.12/site-packages:/home/zach/drl-turtle/ros2_ws/install/image_geometry/lib/python3.12/site-packages:/home/zach/drl-turtle/ros2_ws/install/cv_bridge/lib/python3.12/site-packages:/opt/ros/jazzy/lib/python3.12/site-packages /usr/bin/python3 -W ignore:setup.py install is deprecated -W ignore:easy_install command is deprecated setup.py develop --editable --build-directory /home/zach/huy/tendon_clf/ros/build/spirob_ros/build --no-deps symlink_data
