[0.015s] Invoking command in '/home/zach/huy/tendon_clf/ros/build/spirob_interfaces': CMAKE_PREFIX_PATH=${CMAKE_PREFIX_PATH}:/home/zach/drl-turtle/ros2_ws/install/turtle_rl:/home/zach/drl-turtle/ros2_ws/install/turtle_hardware:/home/zach/drl-turtle/ros2_ws/install/opencv_tests:/opt/ros/jazzy DEBUGINFOD_URLS=https://debuginfod.ubuntu.com /usr/bin/cmake /home/zach/huy/tendon_clf/ros/spirob_interfaces -DAMENT_CMAKE_SYMLINK_INSTALL=1 -DCMAKE_INSTALL_PREFIX=/home/zach/huy/tendon_clf/ros/install/spirob_interfaces
[0.093s] -- The C compiler identification is GNU 13.3.0
[0.159s] -- The CXX compiler identification is GNU 13.3.0
[0.182s] -- Detecting C compiler ABI info
[0.318s] -- Detecting C compiler ABI info - done
[0.328s] -- Check for working C compiler: /usr/bin/cc - skipped
[0.328s] -- Detecting C compile features
[0.328s] -- Detecting C compile features - done
[0.344s] -- Detecting CXX compiler ABI info
[0.520s] -- Detecting CXX compiler ABI info - done
[0.533s] -- Check for working CXX compiler: /usr/bin/c++ - skipped
[0.533s] -- Detecting CXX compile features
[0.534s] -- Detecting CXX compile features - done
[0.540s] -- Found ament_cmake: 2.5.3 (/opt/ros/jazzy/share/ament_cmake/cmake)
[0.872s] -- Found Python3: /usr/bin/python3 (found version "3.12.3") found components: Interpreter 
[0.964s] -- Override CMake install command with custom implementation using symlinks instead of copying resources
[1.011s] -- Found rosidl_default_generators: 1.6.0 (/opt/ros/jazzy/share/rosidl_default_generators/cmake)
[1.018s] -- Using all available rosidl_typesupport_c: rosidl_typesupport_fastrtps_c;rosidl_typesupport_introspection_c
[1.081s] -- Using all available rosidl_typesupport_cpp: rosidl_typesupport_fastrtps_cpp;rosidl_typesupport_introspection_cpp
[1.133s] -- Found rosidl_adapter: 4.6.5 (/opt/ros/jazzy/share/rosidl_adapter/cmake)
[1.137s] -- Found std_msgs: 5.3.5 (/opt/ros/jazzy/share/std_msgs/cmake)
[2.125s] -- Found ament_cmake_ros: 0.12.0 (/opt/ros/jazzy/share/ament_cmake_ros/cmake)
[2.976s] -- Using all available rosidl_typesupport_c: rosidl_typesupport_fastrtps_c;rosidl_typesupport_introspection_c
[3.751s] -- Using all available rosidl_typesupport_cpp: rosidl_typesupport_fastrtps_cpp;rosidl_typesupport_introspection_cpp
[3.754s] -- Found python_cmake_module: 0.11.1 (/opt/ros/jazzy/share/python_cmake_module/cmake)
[3.945s] -- Found PythonExtra: /usr/bin/python3  
[4.529s] -- Found Python3: /usr/bin/python3 (found version "3.12.3") found components: Interpreter Development NumPy Development.Module Development.Embed 
[4.584s] -- Found ament_lint_auto: 0.17.1 (/opt/ros/jazzy/share/ament_lint_auto/cmake)
[4.605s] -- Added test 'lint_cmake' to check CMake code style
[4.606s] -- Added test 'xmllint' to check XML markup files
[4.610s] -- Configuring done (4.6s)
[4.648s] -- Generating done (0.0s)
[4.658s] -- Build files have been written to: /home/zach/huy/tendon_clf/ros/build/spirob_interfaces
[4.670s] Invoked command in '/home/zach/huy/tendon_clf/ros/build/spirob_interfaces' returned '0': CMAKE_PREFIX_PATH=${CMAKE_PREFIX_PATH}:/home/zach/drl-turtle/ros2_ws/install/turtle_rl:/home/zach/drl-turtle/ros2_ws/install/turtle_hardware:/home/zach/drl-turtle/ros2_ws/install/opencv_tests:/opt/ros/jazzy DEBUGINFOD_URLS=https://debuginfod.ubuntu.com /usr/bin/cmake /home/zach/huy/tendon_clf/ros/spirob_interfaces -DAMENT_CMAKE_SYMLINK_INSTALL=1 -DCMAKE_INSTALL_PREFIX=/home/zach/huy/tendon_clf/ros/install/spirob_interfaces
[4.671s] Invoking command in '/home/zach/huy/tendon_clf/ros/build/spirob_interfaces': CMAKE_PREFIX_PATH=${CMAKE_PREFIX_PATH}:/home/zach/drl-turtle/ros2_ws/install/turtle_rl:/home/zach/drl-turtle/ros2_ws/install/turtle_hardware:/home/zach/drl-turtle/ros2_ws/install/opencv_tests:/opt/ros/jazzy DEBUGINFOD_URLS=https://debuginfod.ubuntu.com /usr/bin/cmake --build /home/zach/huy/tendon_clf/ros/build/spirob_interfaces -- -j16 -l16
[4.732s] [  1%] [34m[1mGenerating type hashes for ROS interfaces[0m
[4.744s] [  1%] Built target ament_cmake_python_symlink_spirob_interfaces
[5.051s] running egg_info
[5.053s] creating spirob_interfaces.egg-info
[5.072s] writing spirob_interfaces.egg-info/PKG-INFO
[5.072s] writing dependency_links to spirob_interfaces.egg-info/dependency_links.txt
[5.072s] writing top-level names to spirob_interfaces.egg-info/top_level.txt
[5.072s] writing manifest file 'spirob_interfaces.egg-info/SOURCES.txt'
[5.109s] [  1%] Built target spirob_interfaces__rosidl_generator_type_description
[5.122s] [  3%] [34m[1mGenerating C code for ROS interfaces[0m
[5.133s] reading manifest file 'spirob_interfaces.egg-info/SOURCES.txt'
[5.134s] writing manifest file 'spirob_interfaces.egg-info/SOURCES.txt'
[5.141s] [  5%] [34m[1mGenerating C++ code for ROS interfaces[0m
[5.181s] [  5%] Built target ament_cmake_python_build_spirob_interfaces_egg
[5.563s] [  5%] Built target spirob_interfaces__cpp
[5.652s] [  9%] [32mBuilding C object CMakeFiles/spirob_interfaces__rosidl_generator_c.dir/rosidl_generator_c/spirob_interfaces/msg/detail/robot_state__functions.c.o[0m
[5.652s] [ 11%] [32mBuilding C object CMakeFiles/spirob_interfaces__rosidl_generator_c.dir/rosidl_generator_c/spirob_interfaces/msg/detail/motor_command__type_support.c.o[0m
[5.653s] [ 11%] [32mBuilding C object CMakeFiles/spirob_interfaces__rosidl_generator_c.dir/rosidl_generator_c/spirob_interfaces/msg/detail/motor_command__functions.c.o[0m
[5.653s] [ 14%] [32mBuilding C object CMakeFiles/spirob_interfaces__rosidl_generator_c.dir/rosidl_generator_c/spirob_interfaces/msg/detail/motor_state__description.c.o[0m
[5.653s] [ 14%] [32mBuilding C object CMakeFiles/spirob_interfaces__rosidl_generator_c.dir/rosidl_generator_c/spirob_interfaces/msg/detail/motor_state__type_support.c.o[0m
[5.653s] [ 16%] [32mBuilding C object CMakeFiles/spirob_interfaces__rosidl_generator_c.dir/rosidl_generator_c/spirob_interfaces/msg/detail/motor_state__functions.c.o[0m
[5.654s] [ 18%] [32mBuilding C object CMakeFiles/spirob_interfaces__rosidl_generator_c.dir/rosidl_generator_c/spirob_interfaces/msg/detail/motor_command__description.c.o[0m
[5.654s] [ 20%] [32mBuilding C object CMakeFiles/spirob_interfaces__rosidl_generator_c.dir/rosidl_generator_c/spirob_interfaces/msg/detail/robot_state__description.c.o[0m
[5.654s] [ 22%] [32mBuilding C object CMakeFiles/spirob_interfaces__rosidl_generator_c.dir/rosidl_generator_c/spirob_interfaces/msg/detail/robot_state__type_support.c.o[0m
[5.750s] [ 24%] [32m[1mLinking C shared library libspirob_interfaces__rosidl_generator_c.so[0m
[5.798s] [ 24%] Built target spirob_interfaces__rosidl_generator_c
[5.812s] [ 27%] [34m[1mGenerating C++ type support dispatch for ROS interfaces[0m
[5.812s] [ 27%] [34m[1mGenerating C type support dispatch for ROS interfaces[0m
[5.812s] [ 29%] [34m[1mGenerating C++ type support for eProsima Fast-RTPS[0m
[5.812s] [ 31%] [34m[1mGenerating C introspection for ROS interfaces[0m
[5.813s] [ 33%] [34m[1mGenerating C++ introspection for ROS interfaces[0m
[5.813s] [ 35%] [34m[1mGenerating C type support for eProsima Fast-RTPS[0m
[6.354s] [ 38%] [32mBuilding CXX object CMakeFiles/spirob_interfaces__rosidl_typesupport_c.dir/rosidl_typesupport_c/spirob_interfaces/msg/robot_state__type_support.cpp.o[0m
[6.354s] [ 38%] [32mBuilding CXX object CMakeFiles/spirob_interfaces__rosidl_typesupport_c.dir/rosidl_typesupport_c/spirob_interfaces/msg/motor_state__type_support.cpp.o[0m
[6.354s] [ 40%] [32mBuilding CXX object CMakeFiles/spirob_interfaces__rosidl_typesupport_c.dir/rosidl_typesupport_c/spirob_interfaces/msg/motor_command__type_support.cpp.o[0m
[6.368s] [ 42%] [32mBuilding CXX object CMakeFiles/spirob_interfaces__rosidl_typesupport_cpp.dir/rosidl_typesupport_cpp/spirob_interfaces/msg/motor_state__type_support.cpp.o[0m
[6.371s] [ 44%] [32mBuilding CXX object CMakeFiles/spirob_interfaces__rosidl_typesupport_cpp.dir/rosidl_typesupport_cpp/spirob_interfaces/msg/motor_command__type_support.cpp.o[0m
[6.371s] [ 46%] [32mBuilding CXX object CMakeFiles/spirob_interfaces__rosidl_typesupport_cpp.dir/rosidl_typesupport_cpp/spirob_interfaces/msg/robot_state__type_support.cpp.o[0m
[6.432s] [ 50%] [32mBuilding C object CMakeFiles/spirob_interfaces__rosidl_typesupport_introspection_c.dir/rosidl_typesupport_introspection_c/spirob_interfaces/msg/detail/robot_state__type_support.c.o[0m
[6.433s] [ 50%] [32mBuilding C object CMakeFiles/spirob_interfaces__rosidl_typesupport_introspection_c.dir/rosidl_typesupport_introspection_c/spirob_interfaces/msg/detail/motor_command__type_support.c.o[0m
[6.439s] [ 51%] [32mBuilding C object CMakeFiles/spirob_interfaces__rosidl_typesupport_introspection_c.dir/rosidl_typesupport_introspection_c/spirob_interfaces/msg/detail/motor_state__type_support.c.o[0m
[6.459s] [ 53%] [32mBuilding CXX object CMakeFiles/spirob_interfaces__rosidl_typesupport_introspection_cpp.dir/rosidl_typesupport_introspection_cpp/spirob_interfaces/msg/detail/motor_command__type_support.cpp.o[0m
[6.459s] [ 57%] [32mBuilding CXX object CMakeFiles/spirob_interfaces__rosidl_typesupport_introspection_cpp.dir/rosidl_typesupport_introspection_cpp/spirob_interfaces/msg/detail/motor_state__type_support.cpp.o[0m
[6.460s] [ 57%] [32mBuilding CXX object CMakeFiles/spirob_interfaces__rosidl_typesupport_introspection_cpp.dir/rosidl_typesupport_introspection_cpp/spirob_interfaces/msg/detail/robot_state__type_support.cpp.o[0m
[6.494s] [ 59%] [32m[1mLinking CXX shared library libspirob_interfaces__rosidl_typesupport_c.so[0m
[6.542s] [ 62%] [32mBuilding CXX object CMakeFiles/spirob_interfaces__rosidl_typesupport_fastrtps_cpp.dir/rosidl_typesupport_fastrtps_cpp/spirob_interfaces/msg/detail/dds_fastrtps/motor_state__type_support.cpp.o[0m
[6.543s] [ 62%] [32mBuilding CXX object CMakeFiles/spirob_interfaces__rosidl_typesupport_fastrtps_cpp.dir/rosidl_typesupport_fastrtps_cpp/spirob_interfaces/msg/detail/dds_fastrtps/motor_command__type_support.cpp.o[0m
[6.544s] [ 64%] [32mBuilding CXX object CMakeFiles/spirob_interfaces__rosidl_typesupport_fastrtps_cpp.dir/rosidl_typesupport_fastrtps_cpp/spirob_interfaces/msg/detail/dds_fastrtps/robot_state__type_support.cpp.o[0m
[6.575s] [ 70%] [32mBuilding CXX object CMakeFiles/spirob_interfaces__rosidl_typesupport_fastrtps_c.dir/rosidl_typesupport_fastrtps_c/spirob_interfaces/msg/detail/motor_command__type_support_c.cpp.o[0m
[6.575s] [ 70%] [32mBuilding CXX object CMakeFiles/spirob_interfaces__rosidl_typesupport_fastrtps_c.dir/rosidl_typesupport_fastrtps_c/spirob_interfaces/msg/detail/robot_state__type_support_c.cpp.o[0m
[6.576s] [ 70%] [32mBuilding CXX object CMakeFiles/spirob_interfaces__rosidl_typesupport_fastrtps_c.dir/rosidl_typesupport_fastrtps_c/spirob_interfaces/msg/detail/motor_state__type_support_c.cpp.o[0m
[6.588s] [ 72%] [32m[1mLinking C shared library libspirob_interfaces__rosidl_typesupport_introspection_c.so[0m
[6.627s] [ 72%] Built target spirob_interfaces__rosidl_typesupport_c
[6.699s] [ 72%] Built target spirob_interfaces__rosidl_typesupport_introspection_c
[7.170s] [ 74%] [32m[1mLinking CXX shared library libspirob_interfaces__rosidl_typesupport_cpp.so[0m
[7.262s] [ 74%] Built target spirob_interfaces__rosidl_typesupport_cpp
[7.322s] [ 75%] [32m[1mLinking CXX shared library libspirob_interfaces__rosidl_typesupport_introspection_cpp.so[0m
[7.474s] [ 75%] Built target spirob_interfaces__rosidl_typesupport_introspection_cpp
[7.520s] [ 77%] [32m[1mLinking CXX shared library libspirob_interfaces__rosidl_typesupport_fastrtps_c.so[0m
[7.576s] [ 79%] [32m[1mLinking CXX shared library libspirob_interfaces__rosidl_typesupport_fastrtps_cpp.so[0m
[7.586s] [ 79%] Built target spirob_interfaces__rosidl_typesupport_fastrtps_c
[7.657s] [ 79%] Built target spirob_interfaces__rosidl_typesupport_fastrtps_cpp
[7.684s] [ 79%] Built target spirob_interfaces
[7.715s] [ 81%] [34m[1mGenerating Python code for ROS interfaces[0m
[8.241s] [ 81%] Built target spirob_interfaces__py
[8.267s] [ 87%] [32mBuilding C object CMakeFiles/spirob_interfaces__rosidl_generator_py.dir/rosidl_generator_py/spirob_interfaces/msg/_motor_command_s.c.o[0m
[8.267s] [ 87%] [32mBuilding C object CMakeFiles/spirob_interfaces__rosidl_generator_py.dir/rosidl_generator_py/spirob_interfaces/msg/_robot_state_s.c.o[0m
[8.267s] [ 87%] [32mBuilding C object CMakeFiles/spirob_interfaces__rosidl_generator_py.dir/rosidl_generator_py/spirob_interfaces/msg/_motor_state_s.c.o[0m
[8.470s] [ 88%] [32m[1mLinking C shared library libspirob_interfaces__rosidl_generator_py.so[0m
[8.521s] [ 88%] Built target spirob_interfaces__rosidl_generator_py
[8.556s] [ 90%] [32mBuilding C object CMakeFiles/spirob_interfaces_s__rosidl_typesupport_fastrtps_c.dir/rosidl_generator_py/spirob_interfaces/_spirob_interfaces_s.ep.rosidl_typesupport_fastrtps_c.c.o[0m
[8.556s] [ 94%] [32mBuilding C object CMakeFiles/spirob_interfaces_s__rosidl_typesupport_c.dir/rosidl_generator_py/spirob_interfaces/_spirob_interfaces_s.ep.rosidl_typesupport_c.c.o[0m
[8.556s] [ 94%] [32mBuilding C object CMakeFiles/spirob_interfaces_s__rosidl_typesupport_introspection_c.dir/rosidl_generator_py/spirob_interfaces/_spirob_interfaces_s.ep.rosidl_typesupport_introspection_c.c.o[0m
[8.690s] [ 96%] [32m[1mLinking C shared module rosidl_generator_py/spirob_interfaces/spirob_interfaces_s__rosidl_typesupport_c.so[0m
[8.691s] [ 98%] [32m[1mLinking C shared module rosidl_generator_py/spirob_interfaces/spirob_interfaces_s__rosidl_typesupport_introspection_c.so[0m
[8.700s] [100%] [32m[1mLinking C shared module rosidl_generator_py/spirob_interfaces/spirob_interfaces_s__rosidl_typesupport_fastrtps_c.so[0m
[8.732s] [100%] Built target spirob_interfaces_s__rosidl_typesupport_c
[8.732s] [100%] Built target spirob_interfaces_s__rosidl_typesupport_introspection_c
[8.746s] [100%] Built target spirob_interfaces_s__rosidl_typesupport_fastrtps_c
[8.761s] Invoked command in '/home/zach/huy/tendon_clf/ros/build/spirob_interfaces' returned '0': CMAKE_PREFIX_PATH=${CMAKE_PREFIX_PATH}:/home/zach/drl-turtle/ros2_ws/install/turtle_rl:/home/zach/drl-turtle/ros2_ws/install/turtle_hardware:/home/zach/drl-turtle/ros2_ws/install/opencv_tests:/opt/ros/jazzy DEBUGINFOD_URLS=https://debuginfod.ubuntu.com /usr/bin/cmake --build /home/zach/huy/tendon_clf/ros/build/spirob_interfaces -- -j16 -l16
[8.774s] Invoking command in '/home/zach/huy/tendon_clf/ros/build/spirob_interfaces': CMAKE_PREFIX_PATH=${CMAKE_PREFIX_PATH}:/home/zach/drl-turtle/ros2_ws/install/turtle_rl:/home/zach/drl-turtle/ros2_ws/install/turtle_hardware:/home/zach/drl-turtle/ros2_ws/install/opencv_tests:/opt/ros/jazzy DEBUGINFOD_URLS=https://debuginfod.ubuntu.com /usr/bin/cmake --install /home/zach/huy/tendon_clf/ros/build/spirob_interfaces
[8.784s] -- Install configuration: ""
[8.784s] -- Execute custom install script
[8.784s] -- Symlinking: /home/zach/huy/tendon_clf/ros/install/spirob_interfaces/share/ament_index/resource_index/rosidl_interfaces/spirob_interfaces
[8.794s] -- Symlinking: /home/zach/huy/tendon_clf/ros/install/spirob_interfaces/share/spirob_interfaces/msg/MotorState.json
[8.806s] -- Symlinking: /home/zach/huy/tendon_clf/ros/install/spirob_interfaces/share/spirob_interfaces/msg/MotorCommand.json
[8.816s] -- Symlinking: /home/zach/huy/tendon_clf/ros/install/spirob_interfaces/share/spirob_interfaces/msg/RobotState.json
[8.826s] -- Symlinking: /home/zach/huy/tendon_clf/ros/install/spirob_interfaces/include/spirob_interfaces/spirob_interfaces/msg/detail/motor_command__functions.h
[8.838s] -- Symlinking: /home/zach/huy/tendon_clf/ros/install/spirob_interfaces/include/spirob_interfaces/spirob_interfaces/msg/detail/motor_command__struct.h
[8.849s] -- Symlinking: /home/zach/huy/tendon_clf/ros/install/spirob_interfaces/include/spirob_interfaces/spirob_interfaces/msg/detail/motor_command__type_support.h
[8.860s] -- Symlinking: /home/zach/huy/tendon_clf/ros/install/spirob_interfaces/include/spirob_interfaces/spirob_interfaces/msg/detail/motor_state__functions.h
[8.871s] -- Symlinking: /home/zach/huy/tendon_clf/ros/install/spirob_interfaces/include/spirob_interfaces/spirob_interfaces/msg/detail/motor_state__struct.h
[8.882s] -- Symlinking: /home/zach/huy/tendon_clf/ros/install/spirob_interfaces/include/spirob_interfaces/spirob_interfaces/msg/detail/motor_state__type_support.h
[8.894s] -- Symlinking: /home/zach/huy/tendon_clf/ros/install/spirob_interfaces/include/spirob_interfaces/spirob_interfaces/msg/detail/robot_state__functions.h
[8.906s] -- Symlinking: /home/zach/huy/tendon_clf/ros/install/spirob_interfaces/include/spirob_interfaces/spirob_interfaces/msg/detail/robot_state__struct.h
[8.916s] -- Symlinking: /home/zach/huy/tendon_clf/ros/install/spirob_interfaces/include/spirob_interfaces/spirob_interfaces/msg/detail/robot_state__type_support.h
[8.926s] -- Symlinking: /home/zach/huy/tendon_clf/ros/install/spirob_interfaces/include/spirob_interfaces/spirob_interfaces/msg/motor_command.h
[8.938s] -- Symlinking: /home/zach/huy/tendon_clf/ros/install/spirob_interfaces/include/spirob_interfaces/spirob_interfaces/msg/motor_state.h
[8.950s] -- Symlinking: /home/zach/huy/tendon_clf/ros/install/spirob_interfaces/include/spirob_interfaces/spirob_interfaces/msg/robot_state.h
[8.962s] -- Symlinking: /home/zach/huy/tendon_clf/ros/install/spirob_interfaces/include/spirob_interfaces/spirob_interfaces/msg/rosidl_generator_c__visibility_control.h
[8.974s] -- Symlinking: /home/zach/huy/tendon_clf/ros/install/spirob_interfaces/share/spirob_interfaces/environment/library_path.sh
[8.985s] -- Symlinking: /home/zach/huy/tendon_clf/ros/install/spirob_interfaces/share/spirob_interfaces/environment/library_path.dsv
[8.995s] -- Symlinking: /home/zach/huy/tendon_clf/ros/install/spirob_interfaces/include/spirob_interfaces/spirob_interfaces/msg/detail/motor_command__rosidl_typesupport_fastrtps_c.h
[9.005s] -- Symlinking: /home/zach/huy/tendon_clf/ros/install/spirob_interfaces/include/spirob_interfaces/spirob_interfaces/msg/detail/motor_state__rosidl_typesupport_fastrtps_c.h
[9.015s] -- Symlinking: /home/zach/huy/tendon_clf/ros/install/spirob_interfaces/include/spirob_interfaces/spirob_interfaces/msg/detail/robot_state__rosidl_typesupport_fastrtps_c.h
[9.025s] -- Symlinking: /home/zach/huy/tendon_clf/ros/install/spirob_interfaces/include/spirob_interfaces/spirob_interfaces/msg/rosidl_typesupport_fastrtps_c__visibility_control.h
[9.035s] -- Symlinking: /home/zach/huy/tendon_clf/ros/install/spirob_interfaces/include/spirob_interfaces/spirob_interfaces/msg/detail/motor_command__rosidl_typesupport_introspection_c.h
[9.046s] -- Symlinking: /home/zach/huy/tendon_clf/ros/install/spirob_interfaces/include/spirob_interfaces/spirob_interfaces/msg/detail/motor_state__rosidl_typesupport_introspection_c.h
[9.056s] -- Symlinking: /home/zach/huy/tendon_clf/ros/install/spirob_interfaces/include/spirob_interfaces/spirob_interfaces/msg/detail/robot_state__rosidl_typesupport_introspection_c.h
[9.065s] -- Symlinking: /home/zach/huy/tendon_clf/ros/install/spirob_interfaces/include/spirob_interfaces/spirob_interfaces/msg/rosidl_typesupport_introspection_c__visibility_control.h
[9.076s] -- Symlinking: /home/zach/huy/tendon_clf/ros/install/spirob_interfaces/include/spirob_interfaces/spirob_interfaces/msg/detail/motor_command__builder.hpp
[9.086s] -- Symlinking: /home/zach/huy/tendon_clf/ros/install/spirob_interfaces/include/spirob_interfaces/spirob_interfaces/msg/detail/motor_command__struct.hpp
[9.095s] -- Symlinking: /home/zach/huy/tendon_clf/ros/install/spirob_interfaces/include/spirob_interfaces/spirob_interfaces/msg/detail/motor_command__traits.hpp
[9.106s] -- Symlinking: /home/zach/huy/tendon_clf/ros/install/spirob_interfaces/include/spirob_interfaces/spirob_interfaces/msg/detail/motor_command__type_support.hpp
[9.115s] -- Symlinking: /home/zach/huy/tendon_clf/ros/install/spirob_interfaces/include/spirob_interfaces/spirob_interfaces/msg/detail/motor_state__builder.hpp
[9.125s] -- Symlinking: /home/zach/huy/tendon_clf/ros/install/spirob_interfaces/include/spirob_interfaces/spirob_interfaces/msg/detail/motor_state__struct.hpp
[9.135s] -- Symlinking: /home/zach/huy/tendon_clf/ros/install/spirob_interfaces/include/spirob_interfaces/spirob_interfaces/msg/detail/motor_state__traits.hpp
[9.146s] -- Symlinking: /home/zach/huy/tendon_clf/ros/install/spirob_interfaces/include/spirob_interfaces/spirob_interfaces/msg/detail/motor_state__type_support.hpp
[9.157s] -- Symlinking: /home/zach/huy/tendon_clf/ros/install/spirob_interfaces/include/spirob_interfaces/spirob_interfaces/msg/detail/robot_state__builder.hpp
[9.166s] -- Symlinking: /home/zach/huy/tendon_clf/ros/install/spirob_interfaces/include/spirob_interfaces/spirob_interfaces/msg/detail/robot_state__struct.hpp
[9.175s] -- Symlinking: /home/zach/huy/tendon_clf/ros/install/spirob_interfaces/include/spirob_interfaces/spirob_interfaces/msg/detail/robot_state__traits.hpp
[9.184s] -- Symlinking: /home/zach/huy/tendon_clf/ros/install/spirob_interfaces/include/spirob_interfaces/spirob_interfaces/msg/detail/robot_state__type_support.hpp
[9.192s] -- Symlinking: /home/zach/huy/tendon_clf/ros/install/spirob_interfaces/include/spirob_interfaces/spirob_interfaces/msg/motor_command.hpp
[9.202s] -- Symlinking: /home/zach/huy/tendon_clf/ros/install/spirob_interfaces/include/spirob_interfaces/spirob_interfaces/msg/motor_state.hpp
[9.211s] -- Symlinking: /home/zach/huy/tendon_clf/ros/install/spirob_interfaces/include/spirob_interfaces/spirob_interfaces/msg/robot_state.hpp
[9.220s] -- Symlinking: /home/zach/huy/tendon_clf/ros/install/spirob_interfaces/include/spirob_interfaces/spirob_interfaces/msg/rosidl_generator_cpp__visibility_control.hpp
[9.230s] -- Symlinking: /home/zach/huy/tendon_clf/ros/install/spirob_interfaces/include/spirob_interfaces/spirob_interfaces/msg/detail/motor_command__rosidl_typesupport_fastrtps_cpp.hpp
[9.242s] -- Symlinking: /home/zach/huy/tendon_clf/ros/install/spirob_interfaces/include/spirob_interfaces/spirob_interfaces/msg/detail/motor_state__rosidl_typesupport_fastrtps_cpp.hpp
[9.252s] -- Symlinking: /home/zach/huy/tendon_clf/ros/install/spirob_interfaces/include/spirob_interfaces/spirob_interfaces/msg/detail/robot_state__rosidl_typesupport_fastrtps_cpp.hpp
[9.262s] -- Symlinking: /home/zach/huy/tendon_clf/ros/install/spirob_interfaces/include/spirob_interfaces/spirob_interfaces/msg/rosidl_typesupport_fastrtps_cpp__visibility_control.h
[9.271s] -- Symlinking: /home/zach/huy/tendon_clf/ros/install/spirob_interfaces/include/spirob_interfaces/spirob_interfaces/msg/detail/motor_command__rosidl_typesupport_introspection_cpp.hpp
[9.278s] -- Symlinking: /home/zach/huy/tendon_clf/ros/install/spirob_interfaces/include/spirob_interfaces/spirob_interfaces/msg/detail/motor_state__rosidl_typesupport_introspection_cpp.hpp
[9.287s] -- Symlinking: /home/zach/huy/tendon_clf/ros/install/spirob_interfaces/include/spirob_interfaces/spirob_interfaces/msg/detail/robot_state__rosidl_typesupport_introspection_cpp.hpp
[9.294s] -- Symlinking: /home/zach/huy/tendon_clf/ros/install/spirob_interfaces/share/spirob_interfaces/environment/pythonpath.sh
[9.305s] -- Symlinking: /home/zach/huy/tendon_clf/ros/install/spirob_interfaces/share/spirob_interfaces/environment/pythonpath.dsv
[9.315s] -- Symlinking: /home/zach/huy/tendon_clf/ros/install/spirob_interfaces/lib/python3.12/site-packages/spirob_interfaces-0.0.1-py3.12.egg-info/PKG-INFO
[9.326s] -- Symlinking: /home/zach/huy/tendon_clf/ros/install/spirob_interfaces/lib/python3.12/site-packages/spirob_interfaces-0.0.1-py3.12.egg-info/SOURCES.txt
[9.337s] -- Symlinking: /home/zach/huy/tendon_clf/ros/install/spirob_interfaces/lib/python3.12/site-packages/spirob_interfaces-0.0.1-py3.12.egg-info/dependency_links.txt
[9.348s] -- Symlinking: /home/zach/huy/tendon_clf/ros/install/spirob_interfaces/lib/python3.12/site-packages/spirob_interfaces-0.0.1-py3.12.egg-info/top_level.txt
[9.362s] -- Symlinking: /home/zach/huy/tendon_clf/ros/install/spirob_interfaces/lib/python3.12/site-packages/spirob_interfaces/__init__.py
[9.374s] -- Symlinking: /home/zach/huy/tendon_clf/ros/install/spirob_interfaces/lib/python3.12/site-packages/spirob_interfaces/_spirob_interfaces_s.ep.rosidl_typesupport_c.c
[9.384s] -- Symlinking: /home/zach/huy/tendon_clf/ros/install/spirob_interfaces/lib/python3.12/site-packages/spirob_interfaces/_spirob_interfaces_s.ep.rosidl_typesupport_fastrtps_c.c
[9.396s] -- Symlinking: /home/zach/huy/tendon_clf/ros/install/spirob_interfaces/lib/python3.12/site-packages/spirob_interfaces/_spirob_interfaces_s.ep.rosidl_typesupport_introspection_c.c
[9.408s] -- Symlinking: /home/zach/huy/tendon_clf/ros/install/spirob_interfaces/lib/python3.12/site-packages/spirob_interfaces/msg/__init__.py
[9.419s] -- Symlinking: /home/zach/huy/tendon_clf/ros/install/spirob_interfaces/lib/python3.12/site-packages/spirob_interfaces/msg/_motor_command.py
[9.429s] -- Symlinking: /home/zach/huy/tendon_clf/ros/install/spirob_interfaces/lib/python3.12/site-packages/spirob_interfaces/msg/_motor_command_s.c
[9.442s] -- Symlinking: /home/zach/huy/tendon_clf/ros/install/spirob_interfaces/lib/python3.12/site-packages/spirob_interfaces/msg/_motor_state.py
[9.459s] -- Symlinking: /home/zach/huy/tendon_clf/ros/install/spirob_interfaces/lib/python3.12/site-packages/spirob_interfaces/msg/_motor_state_s.c
[9.477s] -- Symlinking: /home/zach/huy/tendon_clf/ros/install/spirob_interfaces/lib/python3.12/site-packages/spirob_interfaces/msg/_robot_state.py
[9.493s] -- Symlinking: /home/zach/huy/tendon_clf/ros/install/spirob_interfaces/lib/python3.12/site-packages/spirob_interfaces/msg/_robot_state_s.c
[9.505s] -- Symlinking: /home/zach/huy/tendon_clf/ros/install/spirob_interfaces/lib/python3.12/site-packages/spirob_interfaces/spirob_interfaces_s__rosidl_typesupport_c.so
[9.515s] -- Symlinking: /home/zach/huy/tendon_clf/ros/install/spirob_interfaces/lib/python3.12/site-packages/spirob_interfaces/spirob_interfaces_s__rosidl_typesupport_fastrtps_c.so
[9.528s] -- Symlinking: /home/zach/huy/tendon_clf/ros/install/spirob_interfaces/lib/python3.12/site-packages/spirob_interfaces/spirob_interfaces_s__rosidl_typesupport_introspection_c.so
[9.542s] -- Up-to-date symlink: /home/zach/huy/tendon_clf/ros/install/spirob_interfaces/lib/python3.12/site-packages/spirob_interfaces/spirob_interfaces_s__rosidl_typesupport_fastrtps_c.so
[9.542s] -- Up-to-date symlink: /home/zach/huy/tendon_clf/ros/install/spirob_interfaces/lib/python3.12/site-packages/spirob_interfaces/spirob_interfaces_s__rosidl_typesupport_introspection_c.so
[9.542s] -- Up-to-date symlink: /home/zach/huy/tendon_clf/ros/install/spirob_interfaces/lib/python3.12/site-packages/spirob_interfaces/spirob_interfaces_s__rosidl_typesupport_c.so
[9.542s] -- Symlinking: /home/zach/huy/tendon_clf/ros/install/spirob_interfaces/share/spirob_interfaces/msg/MotorState.idl
[9.555s] -- Symlinking: /home/zach/huy/tendon_clf/ros/install/spirob_interfaces/share/spirob_interfaces/msg/MotorCommand.idl
[9.568s] -- Symlinking: /home/zach/huy/tendon_clf/ros/install/spirob_interfaces/share/spirob_interfaces/msg/RobotState.idl
[9.581s] -- Symlinking: /home/zach/huy/tendon_clf/ros/install/spirob_interfaces/share/spirob_interfaces/msg/MotorState.msg
[9.596s] -- Symlinking: /home/zach/huy/tendon_clf/ros/install/spirob_interfaces/share/spirob_interfaces/msg/MotorCommand.msg
[9.614s] -- Symlinking: /home/zach/huy/tendon_clf/ros/install/spirob_interfaces/share/spirob_interfaces/msg/RobotState.msg
[9.630s] -- Symlinking: /home/zach/huy/tendon_clf/ros/install/spirob_interfaces/share/ament_index/resource_index/package_run_dependencies/spirob_interfaces
[9.651s] -- Symlinking: /home/zach/huy/tendon_clf/ros/install/spirob_interfaces/share/ament_index/resource_index/parent_prefix_path/spirob_interfaces
[9.668s] -- Symlinking: /home/zach/huy/tendon_clf/ros/install/spirob_interfaces/share/spirob_interfaces/environment/ament_prefix_path.sh
[9.681s] -- Symlinking: /home/zach/huy/tendon_clf/ros/install/spirob_interfaces/share/spirob_interfaces/environment/ament_prefix_path.dsv
[9.693s] -- Symlinking: /home/zach/huy/tendon_clf/ros/install/spirob_interfaces/share/spirob_interfaces/environment/path.sh
[9.706s] -- Symlinking: /home/zach/huy/tendon_clf/ros/install/spirob_interfaces/share/spirob_interfaces/environment/path.dsv
[9.718s] -- Symlinking: /home/zach/huy/tendon_clf/ros/install/spirob_interfaces/share/spirob_interfaces/local_setup.bash
[9.731s] -- Symlinking: /home/zach/huy/tendon_clf/ros/install/spirob_interfaces/share/spirob_interfaces/local_setup.sh
[9.743s] -- Symlinking: /home/zach/huy/tendon_clf/ros/install/spirob_interfaces/share/spirob_interfaces/local_setup.zsh
[9.754s] -- Symlinking: /home/zach/huy/tendon_clf/ros/install/spirob_interfaces/share/spirob_interfaces/local_setup.dsv
[9.764s] -- Symlinking: /home/zach/huy/tendon_clf/ros/install/spirob_interfaces/share/spirob_interfaces/package.dsv
[9.776s] -- Symlinking: /home/zach/huy/tendon_clf/ros/install/spirob_interfaces/share/ament_index/resource_index/packages/spirob_interfaces
[9.788s] -- Symlinking: /home/zach/huy/tendon_clf/ros/install/spirob_interfaces/share/spirob_interfaces/cmake/rosidl_cmake-extras.cmake
[9.799s] -- Symlinking: /home/zach/huy/tendon_clf/ros/install/spirob_interfaces/share/spirob_interfaces/cmake/ament_cmake_export_dependencies-extras.cmake
[9.810s] -- Symlinking: /home/zach/huy/tendon_clf/ros/install/spirob_interfaces/share/spirob_interfaces/cmake/ament_cmake_export_include_directories-extras.cmake
[9.821s] -- Symlinking: /home/zach/huy/tendon_clf/ros/install/spirob_interfaces/share/spirob_interfaces/cmake/ament_cmake_export_libraries-extras.cmake
[9.832s] -- Symlinking: /home/zach/huy/tendon_clf/ros/install/spirob_interfaces/share/spirob_interfaces/cmake/ament_cmake_export_targets-extras.cmake
[9.844s] -- Symlinking: /home/zach/huy/tendon_clf/ros/install/spirob_interfaces/share/spirob_interfaces/cmake/rosidl_cmake_export_typesupport_targets-extras.cmake
[9.856s] -- Symlinking: /home/zach/huy/tendon_clf/ros/install/spirob_interfaces/share/spirob_interfaces/cmake/rosidl_cmake_export_typesupport_libraries-extras.cmake
[9.867s] -- Symlinking: /home/zach/huy/tendon_clf/ros/install/spirob_interfaces/share/spirob_interfaces/cmake/spirob_interfacesConfig.cmake
[9.877s] -- Symlinking: /home/zach/huy/tendon_clf/ros/install/spirob_interfaces/share/spirob_interfaces/cmake/spirob_interfacesConfig-version.cmake
[9.889s] -- Symlinking: /home/zach/huy/tendon_clf/ros/install/spirob_interfaces/share/spirob_interfaces/package.xml
[9.899s] -- Installing: /home/zach/huy/tendon_clf/ros/install/spirob_interfaces/lib/libspirob_interfaces__rosidl_generator_c.so
[9.900s] -- Set non-toolchain portion of runtime path of "/home/zach/huy/tendon_clf/ros/install/spirob_interfaces/lib/libspirob_interfaces__rosidl_generator_c.so" to ""
[9.900s] -- Installing: /home/zach/huy/tendon_clf/ros/install/spirob_interfaces/lib/libspirob_interfaces__rosidl_typesupport_fastrtps_c.so
[9.900s] -- Set non-toolchain portion of runtime path of "/home/zach/huy/tendon_clf/ros/install/spirob_interfaces/lib/libspirob_interfaces__rosidl_typesupport_fastrtps_c.so" to ""
[9.901s] -- Installing: /home/zach/huy/tendon_clf/ros/install/spirob_interfaces/lib/libspirob_interfaces__rosidl_typesupport_introspection_c.so
[9.901s] -- Set non-toolchain portion of runtime path of "/home/zach/huy/tendon_clf/ros/install/spirob_interfaces/lib/libspirob_interfaces__rosidl_typesupport_introspection_c.so" to ""
[9.901s] -- Installing: /home/zach/huy/tendon_clf/ros/install/spirob_interfaces/lib/libspirob_interfaces__rosidl_typesupport_c.so
[9.901s] -- Set non-toolchain portion of runtime path of "/home/zach/huy/tendon_clf/ros/install/spirob_interfaces/lib/libspirob_interfaces__rosidl_typesupport_c.so" to ""
[9.902s] -- Installing: /home/zach/huy/tendon_clf/ros/install/spirob_interfaces/lib/libspirob_interfaces__rosidl_typesupport_fastrtps_cpp.so
[9.902s] -- Set non-toolchain portion of runtime path of "/home/zach/huy/tendon_clf/ros/install/spirob_interfaces/lib/libspirob_interfaces__rosidl_typesupport_fastrtps_cpp.so" to ""
[9.902s] -- Installing: /home/zach/huy/tendon_clf/ros/install/spirob_interfaces/lib/libspirob_interfaces__rosidl_typesupport_introspection_cpp.so
[9.903s] -- Set non-toolchain portion of runtime path of "/home/zach/huy/tendon_clf/ros/install/spirob_interfaces/lib/libspirob_interfaces__rosidl_typesupport_introspection_cpp.so" to ""
[9.903s] -- Installing: /home/zach/huy/tendon_clf/ros/install/spirob_interfaces/lib/libspirob_interfaces__rosidl_typesupport_cpp.so
[9.903s] -- Set non-toolchain portion of runtime path of "/home/zach/huy/tendon_clf/ros/install/spirob_interfaces/lib/libspirob_interfaces__rosidl_typesupport_cpp.so" to ""
[9.955s] Listing '/home/zach/huy/tendon_clf/ros/install/spirob_interfaces/lib/python3.12/site-packages/spirob_interfaces'...
[9.955s] Compiling '/home/zach/huy/tendon_clf/ros/install/spirob_interfaces/lib/python3.12/site-packages/spirob_interfaces/__init__.py'...
[9.955s] Listing '/home/zach/huy/tendon_clf/ros/install/spirob_interfaces/lib/python3.12/site-packages/spirob_interfaces/msg'...
[9.955s] Compiling '/home/zach/huy/tendon_clf/ros/install/spirob_interfaces/lib/python3.12/site-packages/spirob_interfaces/msg/__init__.py'...
[9.955s] Compiling '/home/zach/huy/tendon_clf/ros/install/spirob_interfaces/lib/python3.12/site-packages/spirob_interfaces/msg/_motor_command.py'...
[9.956s] Compiling '/home/zach/huy/tendon_clf/ros/install/spirob_interfaces/lib/python3.12/site-packages/spirob_interfaces/msg/_motor_state.py'...
[9.956s] Compiling '/home/zach/huy/tendon_clf/ros/install/spirob_interfaces/lib/python3.12/site-packages/spirob_interfaces/msg/_robot_state.py'...
[9.961s] -- Installing: /home/zach/huy/tendon_clf/ros/install/spirob_interfaces/lib/libspirob_interfaces__rosidl_generator_py.so
[9.962s] -- Set non-toolchain portion of runtime path of "/home/zach/huy/tendon_clf/ros/install/spirob_interfaces/lib/libspirob_interfaces__rosidl_generator_py.so" to ""
[9.962s] -- Installing: /home/zach/huy/tendon_clf/ros/install/spirob_interfaces/share/spirob_interfaces/cmake/export_spirob_interfaces__rosidl_generator_cExport.cmake
[9.962s] -- Installing: /home/zach/huy/tendon_clf/ros/install/spirob_interfaces/share/spirob_interfaces/cmake/export_spirob_interfaces__rosidl_generator_cExport-noconfig.cmake
[9.963s] -- Installing: /home/zach/huy/tendon_clf/ros/install/spirob_interfaces/share/spirob_interfaces/cmake/export_spirob_interfaces__rosidl_typesupport_fastrtps_cExport.cmake
[9.963s] -- Installing: /home/zach/huy/tendon_clf/ros/install/spirob_interfaces/share/spirob_interfaces/cmake/export_spirob_interfaces__rosidl_typesupport_fastrtps_cExport-noconfig.cmake
[9.963s] -- Installing: /home/zach/huy/tendon_clf/ros/install/spirob_interfaces/share/spirob_interfaces/cmake/spirob_interfaces__rosidl_typesupport_introspection_cExport.cmake
[9.963s] -- Installing: /home/zach/huy/tendon_clf/ros/install/spirob_interfaces/share/spirob_interfaces/cmake/spirob_interfaces__rosidl_typesupport_introspection_cExport-noconfig.cmake
[9.963s] -- Installing: /home/zach/huy/tendon_clf/ros/install/spirob_interfaces/share/spirob_interfaces/cmake/spirob_interfaces__rosidl_typesupport_cExport.cmake
[9.963s] -- Installing: /home/zach/huy/tendon_clf/ros/install/spirob_interfaces/share/spirob_interfaces/cmake/spirob_interfaces__rosidl_typesupport_cExport-noconfig.cmake
[9.963s] -- Installing: /home/zach/huy/tendon_clf/ros/install/spirob_interfaces/share/spirob_interfaces/cmake/export_spirob_interfaces__rosidl_generator_cppExport.cmake
[9.964s] -- Installing: /home/zach/huy/tendon_clf/ros/install/spirob_interfaces/share/spirob_interfaces/cmake/export_spirob_interfaces__rosidl_typesupport_fastrtps_cppExport.cmake
[9.964s] -- Installing: /home/zach/huy/tendon_clf/ros/install/spirob_interfaces/share/spirob_interfaces/cmake/export_spirob_interfaces__rosidl_typesupport_fastrtps_cppExport-noconfig.cmake
[9.964s] -- Installing: /home/zach/huy/tendon_clf/ros/install/spirob_interfaces/share/spirob_interfaces/cmake/spirob_interfaces__rosidl_typesupport_introspection_cppExport.cmake
[9.964s] -- Installing: /home/zach/huy/tendon_clf/ros/install/spirob_interfaces/share/spirob_interfaces/cmake/spirob_interfaces__rosidl_typesupport_introspection_cppExport-noconfig.cmake
[9.964s] -- Installing: /home/zach/huy/tendon_clf/ros/install/spirob_interfaces/share/spirob_interfaces/cmake/spirob_interfaces__rosidl_typesupport_cppExport.cmake
[9.964s] -- Installing: /home/zach/huy/tendon_clf/ros/install/spirob_interfaces/share/spirob_interfaces/cmake/spirob_interfaces__rosidl_typesupport_cppExport-noconfig.cmake
[9.964s] -- Installing: /home/zach/huy/tendon_clf/ros/install/spirob_interfaces/share/spirob_interfaces/cmake/export_spirob_interfaces__rosidl_generator_pyExport.cmake
[9.965s] -- Installing: /home/zach/huy/tendon_clf/ros/install/spirob_interfaces/share/spirob_interfaces/cmake/export_spirob_interfaces__rosidl_generator_pyExport-noconfig.cmake
[9.969s] Invoked command in '/home/zach/huy/tendon_clf/ros/build/spirob_interfaces' returned '0': CMAKE_PREFIX_PATH=${CMAKE_PREFIX_PATH}:/home/zach/drl-turtle/ros2_ws/install/turtle_rl:/home/zach/drl-turtle/ros2_ws/install/turtle_hardware:/home/zach/drl-turtle/ros2_ws/install/opencv_tests:/opt/ros/jazzy DEBUGINFOD_URLS=https://debuginfod.ubuntu.com /usr/bin/cmake --install /home/zach/huy/tendon_clf/ros/build/spirob_interfaces
