[0.217s] DEBUG:colcon:Command line arguments: ['/usr/bin/colcon', 'build', '--symlink-install']
[0.218s] DEBUG:colcon:Parsed command line arguments: Namespace(log_base=None, log_level=None, verb_name='build', build_base='build', install_base='install', merge_install=False, symlink_install=True, test_result_base=None, continue_on_error=False, executor='parallel', parallel_workers=16, event_handlers=None, ignore_user_meta=False, metas=['./colcon.meta'], base_paths=['.'], packages_ignore=None, packages_ignore_regex=None, paths=None, packages_up_to=None, packages_up_to_regex=None, packages_above=None, packages_above_and_dependencies=None, packages_above_depth=None, packages_select_by_dep=None, packages_skip_by_dep=None, packages_skip_up_to=None, packages_select_build_failed=False, packages_skip_build_finished=False, packages_select_test_failures=False, packages_skip_test_passed=False, packages_select=None, packages_skip=None, packages_select_regex=None, packages_skip_regex=None, packages_start=None, packages_end=None, cmake_args=None, cmake_target=None, cmake_target_skip_unavailable=False, cmake_clean_cache=False, cmake_clean_first=False, cmake_force_configure=False, ament_cmake_args=None, catkin_cmake_args=None, catkin_skip_building_tests=False, verb_parser=<colcon_defaults.argument_parser.defaults.DefaultArgumentsDecorator object at 0x74cbd0c6b5c0>, verb_extension=<colcon_core.verb.build.BuildVerb object at 0x74cbd0c6b3e0>, main=<bound method BuildVerb.main of <colcon_core.verb.build.BuildVerb object at 0x74cbd0c6b3e0>>)
[0.303s] Level 1:colcon.colcon_core.package_discovery:discover_packages(colcon_meta) check parameters
[0.303s] Level 1:colcon.colcon_core.package_discovery:discover_packages(recursive) check parameters
[0.303s] Level 1:colcon.colcon_core.package_discovery:discover_packages(ignore) check parameters
[0.303s] Level 1:colcon.colcon_core.package_discovery:discover_packages(path) check parameters
[0.303s] Level 1:colcon.colcon_core.package_discovery:discover_packages(colcon_meta) discover
[0.304s] Level 1:colcon.colcon_core.package_discovery:discover_packages(recursive) discover
[0.304s] INFO:colcon.colcon_core.package_discovery:Crawling recursively for packages in '/home/zach/huy/tendon_clf/ros'
[0.304s] Level 1:colcon.colcon_core.package_identification:_identify(.) by extensions ['ignore', 'ignore_ament_install']
[0.304s] Level 1:colcon.colcon_core.package_identification:_identify(.) by extension 'ignore'
[0.304s] Level 1:colcon.colcon_core.package_identification:_identify(.) by extension 'ignore_ament_install'
[0.304s] Level 1:colcon.colcon_core.package_identification:_identify(.) by extensions ['colcon_pkg']
[0.305s] Level 1:colcon.colcon_core.package_identification:_identify(.) by extension 'colcon_pkg'
[0.305s] Level 1:colcon.colcon_core.package_identification:_identify(.) by extensions ['colcon_meta']
[0.305s] Level 1:colcon.colcon_core.package_identification:_identify(.) by extension 'colcon_meta'
[0.305s] Level 1:colcon.colcon_core.package_identification:_identify(.) by extensions ['ros']
[0.305s] Level 1:colcon.colcon_core.package_identification:_identify(.) by extension 'ros'
[0.358s] Level 1:colcon.colcon_core.package_identification:_identify(.) by extensions ['cmake', 'python']
[0.359s] Level 1:colcon.colcon_core.package_identification:_identify(.) by extension 'cmake'
[0.359s] Level 1:colcon.colcon_core.package_identification:_identify(.) by extension 'python'
[0.359s] Level 1:colcon.colcon_core.package_identification:_identify(.) by extensions ['python_setup_py']
[0.359s] Level 1:colcon.colcon_core.package_identification:_identify(.) by extension 'python_setup_py'
[0.359s] Level 1:colcon.colcon_core.package_identification:_identify(build) by extensions ['ignore', 'ignore_ament_install']
[0.359s] Level 1:colcon.colcon_core.package_identification:_identify(build) by extension 'ignore'
[0.359s] Level 1:colcon.colcon_core.package_identification:_identify(build) ignored
[0.360s] Level 1:colcon.colcon_core.package_identification:_identify(install) by extensions ['ignore', 'ignore_ament_install']
[0.360s] Level 1:colcon.colcon_core.package_identification:_identify(install) by extension 'ignore'
[0.360s] Level 1:colcon.colcon_core.package_identification:_identify(install) ignored
[0.360s] Level 1:colcon.colcon_core.package_identification:_identify(log) by extensions ['ignore', 'ignore_ament_install']
[0.360s] Level 1:colcon.colcon_core.package_identification:_identify(log) by extension 'ignore'
[0.360s] Level 1:colcon.colcon_core.package_identification:_identify(log) ignored
[0.361s] Level 1:colcon.colcon_core.package_identification:_identify(spirob_interfaces) by extensions ['ignore', 'ignore_ament_install']
[0.361s] Level 1:colcon.colcon_core.package_identification:_identify(spirob_interfaces) by extension 'ignore'
[0.361s] Level 1:colcon.colcon_core.package_identification:_identify(spirob_interfaces) by extension 'ignore_ament_install'
[0.361s] Level 1:colcon.colcon_core.package_identification:_identify(spirob_interfaces) by extensions ['colcon_pkg']
[0.361s] Level 1:colcon.colcon_core.package_identification:_identify(spirob_interfaces) by extension 'colcon_pkg'
[0.361s] Level 1:colcon.colcon_core.package_identification:_identify(spirob_interfaces) by extensions ['colcon_meta']
[0.361s] Level 1:colcon.colcon_core.package_identification:_identify(spirob_interfaces) by extension 'colcon_meta'
[0.361s] Level 1:colcon.colcon_core.package_identification:_identify(spirob_interfaces) by extensions ['ros']
[0.361s] Level 1:colcon.colcon_core.package_identification:_identify(spirob_interfaces) by extension 'ros'
[0.366s] DEBUG:colcon.colcon_core.package_identification:Package 'spirob_interfaces' with type 'ros.ament_cmake' and name 'spirob_interfaces'
[0.366s] Level 1:colcon.colcon_core.package_identification:_identify(spirob_ros) by extensions ['ignore', 'ignore_ament_install']
[0.366s] Level 1:colcon.colcon_core.package_identification:_identify(spirob_ros) by extension 'ignore'
[0.366s] Level 1:colcon.colcon_core.package_identification:_identify(spirob_ros) by extension 'ignore_ament_install'
[0.366s] Level 1:colcon.colcon_core.package_identification:_identify(spirob_ros) by extensions ['colcon_pkg']
[0.367s] Level 1:colcon.colcon_core.package_identification:_identify(spirob_ros) by extension 'colcon_pkg'
[0.367s] Level 1:colcon.colcon_core.package_identification:_identify(spirob_ros) by extensions ['colcon_meta']
[0.367s] Level 1:colcon.colcon_core.package_identification:_identify(spirob_ros) by extension 'colcon_meta'
[0.367s] Level 1:colcon.colcon_core.package_identification:_identify(spirob_ros) by extensions ['ros']
[0.367s] Level 1:colcon.colcon_core.package_identification:_identify(spirob_ros) by extension 'ros'
[0.368s] DEBUG:colcon.colcon_core.package_identification:Package 'spirob_ros' with type 'ros.ament_python' and name 'spirob_ros'
[0.368s] Level 1:colcon.colcon_core.package_discovery:discover_packages(recursive) using defaults
[0.368s] Level 1:colcon.colcon_core.package_discovery:discover_packages(ignore) discover
[0.368s] Level 1:colcon.colcon_core.package_discovery:discover_packages(ignore) using defaults
[0.368s] Level 1:colcon.colcon_core.package_discovery:discover_packages(path) discover
[0.368s] Level 1:colcon.colcon_core.package_discovery:discover_packages(path) using defaults
[0.407s] Level 5:colcon.colcon_core.verb:set package 'spirob_interfaces' build argument 'cmake_args' from command line to 'None'
[0.407s] Level 5:colcon.colcon_core.verb:set package 'spirob_interfaces' build argument 'cmake_target' from command line to 'None'
[0.407s] Level 5:colcon.colcon_core.verb:set package 'spirob_interfaces' build argument 'cmake_target_skip_unavailable' from command line to 'False'
[0.407s] Level 5:colcon.colcon_core.verb:set package 'spirob_interfaces' build argument 'cmake_clean_cache' from command line to 'False'
[0.407s] Level 5:colcon.colcon_core.verb:set package 'spirob_interfaces' build argument 'cmake_clean_first' from command line to 'False'
[0.407s] Level 5:colcon.colcon_core.verb:set package 'spirob_interfaces' build argument 'cmake_force_configure' from command line to 'False'
[0.407s] Level 5:colcon.colcon_core.verb:set package 'spirob_interfaces' build argument 'ament_cmake_args' from command line to 'None'
[0.407s] Level 5:colcon.colcon_core.verb:set package 'spirob_interfaces' build argument 'catkin_cmake_args' from command line to 'None'
[0.407s] Level 5:colcon.colcon_core.verb:set package 'spirob_interfaces' build argument 'catkin_skip_building_tests' from command line to 'False'
[0.407s] DEBUG:colcon.colcon_core.verb:Building package 'spirob_interfaces' with the following arguments: {'ament_cmake_args': None, 'build_base': '/home/zach/huy/tendon_clf/ros/build/spirob_interfaces', 'catkin_cmake_args': None, 'catkin_skip_building_tests': False, 'cmake_args': None, 'cmake_clean_cache': False, 'cmake_clean_first': False, 'cmake_force_configure': False, 'cmake_target': None, 'cmake_target_skip_unavailable': False, 'install_base': '/home/zach/huy/tendon_clf/ros/install/spirob_interfaces', 'merge_install': False, 'path': '/home/zach/huy/tendon_clf/ros/spirob_interfaces', 'symlink_install': True, 'test_result_base': None}
[0.408s] Level 5:colcon.colcon_core.verb:set package 'spirob_ros' build argument 'cmake_args' from command line to 'None'
[0.408s] Level 5:colcon.colcon_core.verb:set package 'spirob_ros' build argument 'cmake_target' from command line to 'None'
[0.408s] Level 5:colcon.colcon_core.verb:set package 'spirob_ros' build argument 'cmake_target_skip_unavailable' from command line to 'False'
[0.408s] Level 5:colcon.colcon_core.verb:set package 'spirob_ros' build argument 'cmake_clean_cache' from command line to 'False'
[0.408s] Level 5:colcon.colcon_core.verb:set package 'spirob_ros' build argument 'cmake_clean_first' from command line to 'False'
[0.408s] Level 5:colcon.colcon_core.verb:set package 'spirob_ros' build argument 'cmake_force_configure' from command line to 'False'
[0.408s] Level 5:colcon.colcon_core.verb:set package 'spirob_ros' build argument 'ament_cmake_args' from command line to 'None'
[0.408s] Level 5:colcon.colcon_core.verb:set package 'spirob_ros' build argument 'catkin_cmake_args' from command line to 'None'
[0.408s] Level 5:colcon.colcon_core.verb:set package 'spirob_ros' build argument 'catkin_skip_building_tests' from command line to 'False'
[0.408s] DEBUG:colcon.colcon_core.verb:Building package 'spirob_ros' with the following arguments: {'ament_cmake_args': None, 'build_base': '/home/zach/huy/tendon_clf/ros/build/spirob_ros', 'catkin_cmake_args': None, 'catkin_skip_building_tests': False, 'cmake_args': None, 'cmake_clean_cache': False, 'cmake_clean_first': False, 'cmake_force_configure': False, 'cmake_target': None, 'cmake_target_skip_unavailable': False, 'install_base': '/home/zach/huy/tendon_clf/ros/install/spirob_ros', 'merge_install': False, 'path': '/home/zach/huy/tendon_clf/ros/spirob_ros', 'symlink_install': True, 'test_result_base': None}
[0.408s] INFO:colcon.colcon_core.executor:Executing jobs using 'parallel' executor
[0.410s] DEBUG:colcon.colcon_parallel_executor.executor.parallel:run_until_complete
[0.411s] INFO:colcon.colcon_ros.task.ament_cmake.build:Building ROS package in '/home/zach/huy/tendon_clf/ros/spirob_interfaces' with build type 'ament_cmake'
[0.411s] INFO:colcon.colcon_cmake.task.cmake.build:Building CMake package in '/home/zach/huy/tendon_clf/ros/spirob_interfaces'
[0.415s] INFO:colcon.colcon_core.plugin_system:Skipping extension 'colcon_core.shell.bat': Not used on non-Windows systems
[0.416s] DEBUG:colcon.colcon_core.shell:Skip shell extension 'dsv' for command environment
[0.448s] DEBUG:colcon.colcon_core.event_handler.log_command:Invoking command in '/home/zach/huy/tendon_clf/ros/build/spirob_interfaces': CMAKE_PREFIX_PATH=${CMAKE_PREFIX_PATH}:/home/zach/huy/tendon_clf/ros/install/spirob_ros:/home/zach/drl-turtle/ros2_ws/install/turtle_rl:/home/zach/drl-turtle/ros2_ws/install/turtle_hardware:/home/zach/drl-turtle/ros2_ws/install/opencv_tests:/opt/ros/jazzy CONDA_PROMPT_MODIFIER=(nonlinear) DEBUGINFOD_URLS=https://debuginfod.ubuntu.com /usr/bin/cmake --build /home/zach/huy/tendon_clf/ros/build/spirob_interfaces -- -j16 -l16
[1.548s] DEBUG:colcon.colcon_core.event_handler.log_command:Invoked command in '/home/zach/huy/tendon_clf/ros/build/spirob_interfaces' returned '0': CMAKE_PREFIX_PATH=${CMAKE_PREFIX_PATH}:/home/zach/huy/tendon_clf/ros/install/spirob_ros:/home/zach/drl-turtle/ros2_ws/install/turtle_rl:/home/zach/drl-turtle/ros2_ws/install/turtle_hardware:/home/zach/drl-turtle/ros2_ws/install/opencv_tests:/opt/ros/jazzy CONDA_PROMPT_MODIFIER=(nonlinear) DEBUGINFOD_URLS=https://debuginfod.ubuntu.com /usr/bin/cmake --build /home/zach/huy/tendon_clf/ros/build/spirob_interfaces -- -j16 -l16
[1.579s] DEBUG:colcon.colcon_core.event_handler.log_command:Invoking command in '/home/zach/huy/tendon_clf/ros/build/spirob_interfaces': CMAKE_PREFIX_PATH=${CMAKE_PREFIX_PATH}:/home/zach/huy/tendon_clf/ros/install/spirob_ros:/home/zach/drl-turtle/ros2_ws/install/turtle_rl:/home/zach/drl-turtle/ros2_ws/install/turtle_hardware:/home/zach/drl-turtle/ros2_ws/install/opencv_tests:/opt/ros/jazzy CONDA_PROMPT_MODIFIER=(nonlinear) DEBUGINFOD_URLS=https://debuginfod.ubuntu.com /usr/bin/cmake --install /home/zach/huy/tendon_clf/ros/build/spirob_interfaces
[1.797s] Level 1:colcon.colcon_core.environment:create_environment_scripts_only(spirob_interfaces)
[1.798s] DEBUG:colcon.colcon_core.event_handler.log_command:Invoked command in '/home/zach/huy/tendon_clf/ros/build/spirob_interfaces' returned '0': CMAKE_PREFIX_PATH=${CMAKE_PREFIX_PATH}:/home/zach/huy/tendon_clf/ros/install/spirob_ros:/home/zach/drl-turtle/ros2_ws/install/turtle_rl:/home/zach/drl-turtle/ros2_ws/install/turtle_hardware:/home/zach/drl-turtle/ros2_ws/install/opencv_tests:/opt/ros/jazzy CONDA_PROMPT_MODIFIER=(nonlinear) DEBUGINFOD_URLS=https://debuginfod.ubuntu.com /usr/bin/cmake --install /home/zach/huy/tendon_clf/ros/build/spirob_interfaces
[1.803s] Level 1:colcon.colcon_core.environment:checking '/home/zach/huy/tendon_clf/ros/install/spirob_interfaces' for CMake module files
[1.805s] Level 1:colcon.colcon_core.environment:checking '/home/zach/huy/tendon_clf/ros/install/spirob_interfaces' for CMake config files
[1.805s] Level 1:colcon.colcon_core.shell:create_environment_hook('spirob_interfaces', 'cmake_prefix_path')
[1.806s] INFO:colcon.colcon_core.shell:Creating environment descriptor '/home/zach/huy/tendon_clf/ros/install/spirob_interfaces/share/spirob_interfaces/hook/cmake_prefix_path.dsv'
[1.807s] INFO:colcon.colcon_core.shell:Creating environment hook '/home/zach/huy/tendon_clf/ros/install/spirob_interfaces/share/spirob_interfaces/hook/cmake_prefix_path.sh'
[1.809s] Level 1:colcon.colcon_core.environment:checking '/home/zach/huy/tendon_clf/ros/install/spirob_interfaces/lib'
[1.809s] Level 1:colcon.colcon_core.shell:create_environment_hook('spirob_interfaces', 'ld_library_path_lib')
[1.810s] INFO:colcon.colcon_core.shell:Creating environment descriptor '/home/zach/huy/tendon_clf/ros/install/spirob_interfaces/share/spirob_interfaces/hook/ld_library_path_lib.dsv'
[1.810s] INFO:colcon.colcon_core.shell:Creating environment hook '/home/zach/huy/tendon_clf/ros/install/spirob_interfaces/share/spirob_interfaces/hook/ld_library_path_lib.sh'
[1.811s] Level 1:colcon.colcon_core.environment:checking '/home/zach/huy/tendon_clf/ros/install/spirob_interfaces/bin'
[1.811s] Level 1:colcon.colcon_core.environment:checking '/home/zach/huy/tendon_clf/ros/install/spirob_interfaces/lib/pkgconfig/spirob_interfaces.pc'
[1.817s] Level 1:colcon.colcon_core.environment:checking '/home/zach/huy/tendon_clf/ros/install/spirob_interfaces/lib/python3.12/site-packages'
[1.817s] Level 1:colcon.colcon_core.shell:create_environment_hook('spirob_interfaces', 'pythonpath')
[1.818s] INFO:colcon.colcon_core.shell:Creating environment descriptor '/home/zach/huy/tendon_clf/ros/install/spirob_interfaces/share/spirob_interfaces/hook/pythonpath.dsv'
[1.819s] INFO:colcon.colcon_core.shell:Creating environment hook '/home/zach/huy/tendon_clf/ros/install/spirob_interfaces/share/spirob_interfaces/hook/pythonpath.sh'
[1.820s] Level 1:colcon.colcon_core.environment:checking '/home/zach/huy/tendon_clf/ros/install/spirob_interfaces/bin'
[1.821s] INFO:colcon.colcon_core.shell:Creating package descriptor '/home/zach/huy/tendon_clf/ros/install/spirob_interfaces/share/spirob_interfaces/package.dsv'
[1.822s] INFO:colcon.colcon_core.shell:Creating package script '/home/zach/huy/tendon_clf/ros/install/spirob_interfaces/share/spirob_interfaces/package.sh'
[1.823s] INFO:colcon.colcon_core.shell:Creating package script '/home/zach/huy/tendon_clf/ros/install/spirob_interfaces/share/spirob_interfaces/package.bash'
[1.825s] INFO:colcon.colcon_core.shell:Creating package script '/home/zach/huy/tendon_clf/ros/install/spirob_interfaces/share/spirob_interfaces/package.zsh'
[1.826s] Level 1:colcon.colcon_core.environment:create_file_with_runtime_dependencies(/home/zach/huy/tendon_clf/ros/install/spirob_interfaces/share/colcon-core/packages/spirob_interfaces)
[1.827s] Level 1:colcon.colcon_core.environment:create_environment_scripts_only(spirob_interfaces)
[1.828s] Level 1:colcon.colcon_core.environment:checking '/home/zach/huy/tendon_clf/ros/install/spirob_interfaces' for CMake module files
[1.830s] Level 1:colcon.colcon_core.environment:checking '/home/zach/huy/tendon_clf/ros/install/spirob_interfaces' for CMake config files
[1.831s] Level 1:colcon.colcon_core.shell:create_environment_hook('spirob_interfaces', 'cmake_prefix_path')
[1.832s] INFO:colcon.colcon_core.shell:Creating environment descriptor '/home/zach/huy/tendon_clf/ros/install/spirob_interfaces/share/spirob_interfaces/hook/cmake_prefix_path.dsv'
[1.833s] INFO:colcon.colcon_core.shell:Creating environment hook '/home/zach/huy/tendon_clf/ros/install/spirob_interfaces/share/spirob_interfaces/hook/cmake_prefix_path.sh'
[1.835s] Level 1:colcon.colcon_core.environment:checking '/home/zach/huy/tendon_clf/ros/install/spirob_interfaces/lib'
[1.835s] Level 1:colcon.colcon_core.shell:create_environment_hook('spirob_interfaces', 'ld_library_path_lib')
[1.836s] INFO:colcon.colcon_core.shell:Creating environment descriptor '/home/zach/huy/tendon_clf/ros/install/spirob_interfaces/share/spirob_interfaces/hook/ld_library_path_lib.dsv'
[1.837s] INFO:colcon.colcon_core.shell:Creating environment hook '/home/zach/huy/tendon_clf/ros/install/spirob_interfaces/share/spirob_interfaces/hook/ld_library_path_lib.sh'
[1.838s] Level 1:colcon.colcon_core.environment:checking '/home/zach/huy/tendon_clf/ros/install/spirob_interfaces/bin'
[1.838s] Level 1:colcon.colcon_core.environment:checking '/home/zach/huy/tendon_clf/ros/install/spirob_interfaces/lib/pkgconfig/spirob_interfaces.pc'
[1.839s] Level 1:colcon.colcon_core.environment:checking '/home/zach/huy/tendon_clf/ros/install/spirob_interfaces/lib/python3.12/site-packages'
[1.839s] Level 1:colcon.colcon_core.shell:create_environment_hook('spirob_interfaces', 'pythonpath')
[1.840s] INFO:colcon.colcon_core.shell:Creating environment descriptor '/home/zach/huy/tendon_clf/ros/install/spirob_interfaces/share/spirob_interfaces/hook/pythonpath.dsv'
[1.840s] INFO:colcon.colcon_core.shell:Creating environment hook '/home/zach/huy/tendon_clf/ros/install/spirob_interfaces/share/spirob_interfaces/hook/pythonpath.sh'
[1.841s] Level 1:colcon.colcon_core.environment:checking '/home/zach/huy/tendon_clf/ros/install/spirob_interfaces/bin'
[1.842s] INFO:colcon.colcon_core.shell:Creating package descriptor '/home/zach/huy/tendon_clf/ros/install/spirob_interfaces/share/spirob_interfaces/package.dsv'
[1.843s] INFO:colcon.colcon_core.shell:Creating package script '/home/zach/huy/tendon_clf/ros/install/spirob_interfaces/share/spirob_interfaces/package.sh'
[1.843s] INFO:colcon.colcon_core.shell:Creating package script '/home/zach/huy/tendon_clf/ros/install/spirob_interfaces/share/spirob_interfaces/package.bash'
[1.844s] INFO:colcon.colcon_core.shell:Creating package script '/home/zach/huy/tendon_clf/ros/install/spirob_interfaces/share/spirob_interfaces/package.zsh'
[1.845s] Level 1:colcon.colcon_core.environment:create_file_with_runtime_dependencies(/home/zach/huy/tendon_clf/ros/install/spirob_interfaces/share/colcon-core/packages/spirob_interfaces)
[1.846s] INFO:colcon.colcon_ros.task.ament_python.build:Building ROS package in '/home/zach/huy/tendon_clf/ros/spirob_ros' with build type 'ament_python'
[1.846s] Level 1:colcon.colcon_core.shell:create_environment_hook('spirob_ros', 'ament_prefix_path')
[1.847s] INFO:colcon.colcon_core.shell:Creating environment descriptor '/home/zach/huy/tendon_clf/ros/install/spirob_ros/share/spirob_ros/hook/ament_prefix_path.dsv'
[1.849s] INFO:colcon.colcon_core.shell:Creating environment hook '/home/zach/huy/tendon_clf/ros/install/spirob_ros/share/spirob_ros/hook/ament_prefix_path.sh'
[1.850s] DEBUG:colcon.colcon_core.shell:Skip shell extension 'dsv' for command environment
[2.442s] INFO:colcon.colcon_core.task.python.build:Building Python package in '/home/zach/huy/tendon_clf/ros/spirob_ros'
[2.442s] DEBUG:colcon.colcon_core.shell:Skip shell extension 'dsv' for command environment
[3.925s] DEBUG:colcon.colcon_core.event_handler.log_command:Invoking command in '/home/zach/huy/tendon_clf/ros/build/spirob_ros': CONDA_PROMPT_MODIFIER=(nonlinear) DEBUGINFOD_URLS=https://debuginfod.ubuntu.com PYTHONPATH=/home/zach/huy/tendon_clf/ros/build/spirob_ros/prefix_override:/usr/lib/python3/dist-packages/colcon_core/task/python/colcon_distutils_commands:/home/zach/huy/tendon_clf/ros/install/spirob_ros/lib/python3.12/site-packages:/home/zach/huy/tendon_clf/ros/install/spirob_interfaces/lib/python3.12/site-packages:/home/zach/huy/tendon_clf/ros/build/spirob_ros:/home/zach/huy/tendon_clf/ros/install/spirob_ros/lib/python3.12/site-packages:/home/zach/drl-turtle/ros2_ws/install/turtle_rl/lib/python3.12/site-packages:/home/zach/drl-turtle/ros2_ws/install/turtle_interfaces/lib/python3.12/site-packages:/home/zach/drl-turtle/ros2_ws/install/turtle_hardware/lib/python3.12/site-packages:/home/zach/drl-turtle/ros2_ws/install/turtle_actions/lib/python3.12/site-packages:/home/zach/drl-turtle/ros2_ws/install/opencv_tests/lib/python3.12/site-packages:/home/zach/drl-turtle/ros2_ws/install/image_geometry/lib/python3.12/site-packages:/home/zach/drl-turtle/ros2_ws/install/cv_bridge/lib/python3.12/site-packages:/opt/ros/jazzy/lib/python3.12/site-packages /usr/bin/python3 -W ignore:setup.py install is deprecated -W ignore:easy_install command is deprecated setup.py develop --editable --build-directory /home/zach/huy/tendon_clf/ros/build/spirob_ros/build --no-deps symlink_data
[5.481s] Level 1:colcon.colcon_core.shell:create_environment_hook('spirob_ros', 'pythonpath_develop')
[5.481s] INFO:colcon.colcon_core.shell:Creating environment descriptor '/home/zach/huy/tendon_clf/ros/build/spirob_ros/share/spirob_ros/hook/pythonpath_develop.dsv'
[5.483s] DEBUG:colcon.colcon_core.event_handler.log_command:Invoked command in '/home/zach/huy/tendon_clf/ros/build/spirob_ros' returned '0': CONDA_PROMPT_MODIFIER=(nonlinear) DEBUGINFOD_URLS=https://debuginfod.ubuntu.com PYTHONPATH=/home/zach/huy/tendon_clf/ros/build/spirob_ros/prefix_override:/usr/lib/python3/dist-packages/colcon_core/task/python/colcon_distutils_commands:/home/zach/huy/tendon_clf/ros/install/spirob_ros/lib/python3.12/site-packages:/home/zach/huy/tendon_clf/ros/install/spirob_interfaces/lib/python3.12/site-packages:/home/zach/huy/tendon_clf/ros/build/spirob_ros:/home/zach/huy/tendon_clf/ros/install/spirob_ros/lib/python3.12/site-packages:/home/zach/drl-turtle/ros2_ws/install/turtle_rl/lib/python3.12/site-packages:/home/zach/drl-turtle/ros2_ws/install/turtle_interfaces/lib/python3.12/site-packages:/home/zach/drl-turtle/ros2_ws/install/turtle_hardware/lib/python3.12/site-packages:/home/zach/drl-turtle/ros2_ws/install/turtle_actions/lib/python3.12/site-packages:/home/zach/drl-turtle/ros2_ws/install/opencv_tests/lib/python3.12/site-packages:/home/zach/drl-turtle/ros2_ws/install/image_geometry/lib/python3.12/site-packages:/home/zach/drl-turtle/ros2_ws/install/cv_bridge/lib/python3.12/site-packages:/opt/ros/jazzy/lib/python3.12/site-packages /usr/bin/python3 -W ignore:setup.py install is deprecated -W ignore:easy_install command is deprecated setup.py develop --editable --build-directory /home/zach/huy/tendon_clf/ros/build/spirob_ros/build --no-deps symlink_data
[5.483s] INFO:colcon.colcon_core.shell:Creating environment hook '/home/zach/huy/tendon_clf/ros/build/spirob_ros/share/spirob_ros/hook/pythonpath_develop.sh'
[5.485s] Level 1:colcon.colcon_core.environment:checking '/home/zach/huy/tendon_clf/ros/install/spirob_ros' for CMake module files
[5.486s] Level 1:colcon.colcon_core.environment:checking '/home/zach/huy/tendon_clf/ros/install/spirob_ros' for CMake config files
[5.487s] Level 1:colcon.colcon_core.environment:checking '/home/zach/huy/tendon_clf/ros/install/spirob_ros/lib'
[5.487s] Level 1:colcon.colcon_core.environment:checking '/home/zach/huy/tendon_clf/ros/install/spirob_ros/bin'
[5.487s] Level 1:colcon.colcon_core.environment:checking '/home/zach/huy/tendon_clf/ros/install/spirob_ros/lib/pkgconfig/spirob_ros.pc'
[5.487s] Level 1:colcon.colcon_core.environment:checking '/home/zach/huy/tendon_clf/ros/install/spirob_ros/lib/python3.12/site-packages'
[5.488s] Level 1:colcon.colcon_core.shell:create_environment_hook('spirob_ros', 'pythonpath')
[5.488s] INFO:colcon.colcon_core.shell:Creating environment descriptor '/home/zach/huy/tendon_clf/ros/install/spirob_ros/share/spirob_ros/hook/pythonpath.dsv'
[5.489s] INFO:colcon.colcon_core.shell:Creating environment hook '/home/zach/huy/tendon_clf/ros/install/spirob_ros/share/spirob_ros/hook/pythonpath.sh'
[5.490s] Level 1:colcon.colcon_core.environment:checking '/home/zach/huy/tendon_clf/ros/install/spirob_ros/bin'
[5.490s] Level 1:colcon.colcon_core.environment:create_environment_scripts_only(spirob_ros)
[5.490s] INFO:colcon.colcon_core.shell:Creating package descriptor '/home/zach/huy/tendon_clf/ros/install/spirob_ros/share/spirob_ros/package.dsv'
[5.491s] INFO:colcon.colcon_core.shell:Creating package script '/home/zach/huy/tendon_clf/ros/install/spirob_ros/share/spirob_ros/package.sh'
[5.492s] INFO:colcon.colcon_core.shell:Creating package script '/home/zach/huy/tendon_clf/ros/install/spirob_ros/share/spirob_ros/package.bash'
[5.493s] INFO:colcon.colcon_core.shell:Creating package script '/home/zach/huy/tendon_clf/ros/install/spirob_ros/share/spirob_ros/package.zsh'
[5.493s] Level 1:colcon.colcon_core.environment:create_file_with_runtime_dependencies(/home/zach/huy/tendon_clf/ros/install/spirob_ros/share/colcon-core/packages/spirob_ros)
[5.494s] DEBUG:colcon.colcon_parallel_executor.executor.parallel:closing loop
[5.495s] DEBUG:colcon.colcon_parallel_executor.executor.parallel:loop closed
[5.495s] DEBUG:colcon.colcon_parallel_executor.executor.parallel:run_until_complete finished with '0'
[5.495s] DEBUG:colcon.colcon_core.event_reactor:joining thread
[5.508s] INFO:colcon.colcon_core.plugin_system:Skipping extension 'colcon_notification.desktop_notification.terminal_notifier': Not used on non-Darwin systems
[5.508s] INFO:colcon.colcon_core.plugin_system:Skipping extension 'colcon_notification.desktop_notification.win32': Not used on non-Windows systems
[5.508s] INFO:colcon.colcon_notification.desktop_notification:Sending desktop notification using 'notify2'
[5.533s] DEBUG:colcon.colcon_core.event_reactor:joined thread
[5.534s] INFO:colcon.colcon_core.shell:Creating prefix script '/home/zach/huy/tendon_clf/ros/install/local_setup.sh'
[5.535s] INFO:colcon.colcon_core.shell:Creating prefix util module '/home/zach/huy/tendon_clf/ros/install/_local_setup_util_sh.py'
[5.537s] INFO:colcon.colcon_core.shell:Creating prefix chain script '/home/zach/huy/tendon_clf/ros/install/setup.sh'
[5.540s] INFO:colcon.colcon_core.shell:Creating prefix script '/home/zach/huy/tendon_clf/ros/install/local_setup.bash'
[5.541s] INFO:colcon.colcon_core.shell:Creating prefix chain script '/home/zach/huy/tendon_clf/ros/install/setup.bash'
[5.543s] INFO:colcon.colcon_core.shell:Creating prefix script '/home/zach/huy/tendon_clf/ros/install/local_setup.zsh'
[5.545s] INFO:colcon.colcon_core.shell:Creating prefix chain script '/home/zach/huy/tendon_clf/ros/install/setup.zsh'
