[0.027s] Invoking command in '/home/zach/huy/tendon_clf/ros/build/spirob_interfaces': CMAKE_PREFIX_PATH=${CMAKE_PREFIX_PATH}:/home/zach/huy/tendon_clf/ros/install/spirob_ros:/home/zach/drl-turtle/ros2_ws/install/turtle_rl:/home/zach/drl-turtle/ros2_ws/install/turtle_hardware:/home/zach/drl-turtle/ros2_ws/install/opencv_tests:/opt/ros/jazzy DEBUGINFOD_URLS=https://debuginfod.ubuntu.com /usr/bin/cmake --build /home/zach/huy/tendon_clf/ros/build/spirob_interfaces -- -j16 -l16
[0.085s] -- Found ament_cmake: 2.5.3 (/opt/ros/jazzy/share/ament_cmake/cmake)
[0.158s] -- Found Python3: /usr/bin/python3 (found version "3.12.3") found components: Interpreter 
[0.295s] -- Override CMake install command with custom implementation using symlinks instead of copying resources
[0.309s] -- Found rosidl_default_generators: 1.6.0 (/opt/ros/jazzy/share/rosidl_default_generators/cmake)
[0.315s] -- Using all available rosidl_typesupport_c: rosidl_typesupport_fastrtps_c;rosidl_typesupport_introspection_c
[0.393s] -- Using all available rosidl_typesupport_cpp: rosidl_typesupport_fastrtps_cpp;rosidl_typesupport_introspection_cpp
[0.454s] -- Found rosidl_adapter: 4.6.5 (/opt/ros/jazzy/share/rosidl_adapter/cmake)
[0.457s] -- Found std_msgs: 5.3.5 (/opt/ros/jazzy/share/std_msgs/cmake)
[1.107s] -- Found ament_cmake_ros: 0.12.0 (/opt/ros/jazzy/share/ament_cmake_ros/cmake)
[1.425s] -- Using all available rosidl_typesupport_c: rosidl_typesupport_fastrtps_c;rosidl_typesupport_introspection_c
[1.836s] -- Using all available rosidl_typesupport_cpp: rosidl_typesupport_fastrtps_cpp;rosidl_typesupport_introspection_cpp
[1.839s] -- Found python_cmake_module: 0.11.1 (/opt/ros/jazzy/share/python_cmake_module/cmake)
[2.404s] -- Found Python3: /usr/bin/python3 (found version "3.12.3") found components: Interpreter Development NumPy Development.Module Development.Embed 
[2.454s] -- Found ament_lint_auto: 0.17.1 (/opt/ros/jazzy/share/ament_lint_auto/cmake)
[2.471s] -- Added test 'lint_cmake' to check CMake code style
[2.472s] -- Added test 'xmllint' to check XML markup files
[2.477s] -- Configuring done (2.4s)
[2.552s] -- Generating done (0.1s)
[2.574s] -- Build files have been written to: /home/zach/huy/tendon_clf/ros/build/spirob_interfaces
[2.660s] [  1%] [34m[1mGenerating type hashes for ROS interfaces[0m
[2.680s] [  1%] Built target ament_cmake_python_symlink_spirob_interfaces
[3.144s] running egg_info
[3.184s] writing spirob_interfaces.egg-info/PKG-INFO
[3.185s] writing dependency_links to spirob_interfaces.egg-info/dependency_links.txt
[3.185s] writing top-level names to spirob_interfaces.egg-info/top_level.txt
[3.307s] reading manifest file 'spirob_interfaces.egg-info/SOURCES.txt'
[3.309s] writing manifest file 'spirob_interfaces.egg-info/SOURCES.txt'
[3.377s] [  1%] Built target ament_cmake_python_build_spirob_interfaces_egg
[3.414s] [  1%] Built target spirob_interfaces__rosidl_generator_type_description
[3.444s] [  3%] [34m[1mGenerating C code for ROS interfaces[0m
[3.471s] [  5%] [34m[1mGenerating C++ code for ROS interfaces[0m
[4.320s] [  5%] Built target spirob_interfaces__cpp
[4.573s] [  7%] [32mBuilding C object CMakeFiles/spirob_interfaces__rosidl_generator_c.dir/rosidl_generator_c/spirob_interfaces/msg/detail/motor_state__functions.c.o[0m
[4.578s] [  9%] [32mBuilding C object CMakeFiles/spirob_interfaces__rosidl_generator_c.dir/rosidl_generator_c/spirob_interfaces/msg/detail/motor_command__functions.c.o[0m
[4.578s] [ 11%] [32mBuilding C object CMakeFiles/spirob_interfaces__rosidl_generator_c.dir/rosidl_generator_c/spirob_interfaces/msg/detail/motor_state__description.c.o[0m
[4.578s] [ 12%] [32mBuilding C object CMakeFiles/spirob_interfaces__rosidl_generator_c.dir/rosidl_generator_c/spirob_interfaces/msg/detail/motor_command__description.c.o[0m
[4.584s] [ 14%] [32mBuilding C object CMakeFiles/spirob_interfaces__rosidl_generator_c.dir/rosidl_generator_c/spirob_interfaces/msg/detail/motor_command__type_support.c.o[0m
[4.584s] [ 16%] [32mBuilding C object CMakeFiles/spirob_interfaces__rosidl_generator_c.dir/rosidl_generator_c/spirob_interfaces/msg/detail/motor_state__type_support.c.o[0m
[4.590s] [ 18%] [32mBuilding C object CMakeFiles/spirob_interfaces__rosidl_generator_c.dir/rosidl_generator_c/spirob_interfaces/msg/detail/robot_state__functions.c.o[0m
[4.605s] [ 20%] [32mBuilding C object CMakeFiles/spirob_interfaces__rosidl_generator_c.dir/rosidl_generator_c/spirob_interfaces/msg/detail/robot_state__description.c.o[0m
[4.608s] [ 22%] [32mBuilding C object CMakeFiles/spirob_interfaces__rosidl_generator_c.dir/rosidl_generator_c/spirob_interfaces/msg/detail/robot_state__type_support.c.o[0m
[4.770s] [ 24%] [32m[1mLinking C shared library libspirob_interfaces__rosidl_generator_c.so[0m
[4.854s] [ 24%] Built target spirob_interfaces__rosidl_generator_c
[4.880s] [ 25%] [34m[1mGenerating C type support dispatch for ROS interfaces[0m
[4.881s] [ 27%] [34m[1mGenerating C introspection for ROS interfaces[0m
[4.882s] [ 29%] [34m[1mGenerating C++ type support for eProsima Fast-RTPS[0m
[4.884s] [ 31%] [34m[1mGenerating C type support for eProsima Fast-RTPS[0m
[4.885s] [ 33%] [34m[1mGenerating C++ type support dispatch for ROS interfaces[0m
[4.892s] [ 35%] [34m[1mGenerating C++ introspection for ROS interfaces[0m
[5.782s] [ 37%] [32mBuilding CXX object CMakeFiles/spirob_interfaces__rosidl_typesupport_c.dir/rosidl_typesupport_c/spirob_interfaces/msg/motor_state__type_support.cpp.o[0m
[5.790s] [ 38%] [32mBuilding CXX object CMakeFiles/spirob_interfaces__rosidl_typesupport_c.dir/rosidl_typesupport_c/spirob_interfaces/msg/motor_command__type_support.cpp.o[0m
[5.803s] [ 40%] [32mBuilding CXX object CMakeFiles/spirob_interfaces__rosidl_typesupport_c.dir/rosidl_typesupport_c/spirob_interfaces/msg/robot_state__type_support.cpp.o[0m
[5.927s] [ 42%] [32mBuilding CXX object CMakeFiles/spirob_interfaces__rosidl_typesupport_introspection_cpp.dir/rosidl_typesupport_introspection_cpp/spirob_interfaces/msg/detail/motor_command__type_support.cpp.o[0m
[5.945s] [ 44%] [32mBuilding CXX object CMakeFiles/spirob_interfaces__rosidl_typesupport_introspection_cpp.dir/rosidl_typesupport_introspection_cpp/spirob_interfaces/msg/detail/motor_state__type_support.cpp.o[0m
[5.954s] [ 46%] [32mBuilding CXX object CMakeFiles/spirob_interfaces__rosidl_typesupport_introspection_cpp.dir/rosidl_typesupport_introspection_cpp/spirob_interfaces/msg/detail/robot_state__type_support.cpp.o[0m
[6.011s] [ 48%] [32mBuilding CXX object CMakeFiles/spirob_interfaces__rosidl_typesupport_cpp.dir/rosidl_typesupport_cpp/spirob_interfaces/msg/robot_state__type_support.cpp.o[0m
[6.015s] [ 50%] [32m[1mLinking CXX shared library libspirob_interfaces__rosidl_typesupport_c.so[0m
[6.016s] [ 51%] [32mBuilding CXX object CMakeFiles/spirob_interfaces__rosidl_typesupport_cpp.dir/rosidl_typesupport_cpp/spirob_interfaces/msg/motor_command__type_support.cpp.o[0m
[6.037s] [ 53%] [32mBuilding CXX object CMakeFiles/spirob_interfaces__rosidl_typesupport_cpp.dir/rosidl_typesupport_cpp/spirob_interfaces/msg/motor_state__type_support.cpp.o[0m
[6.040s] [ 55%] [32mBuilding C object CMakeFiles/spirob_interfaces__rosidl_typesupport_introspection_c.dir/rosidl_typesupport_introspection_c/spirob_interfaces/msg/detail/motor_command__type_support.c.o[0m
[6.042s] [ 57%] [32mBuilding C object CMakeFiles/spirob_interfaces__rosidl_typesupport_introspection_c.dir/rosidl_typesupport_introspection_c/spirob_interfaces/msg/detail/motor_state__type_support.c.o[0m
[6.045s] [ 59%] [32mBuilding C object CMakeFiles/spirob_interfaces__rosidl_typesupport_introspection_c.dir/rosidl_typesupport_introspection_c/spirob_interfaces/msg/detail/robot_state__type_support.c.o[0m
[6.101s] [ 61%] [32mBuilding CXX object CMakeFiles/spirob_interfaces__rosidl_typesupport_fastrtps_cpp.dir/rosidl_typesupport_fastrtps_cpp/spirob_interfaces/msg/detail/dds_fastrtps/motor_state__type_support.cpp.o[0m
[6.112s] [ 62%] [32mBuilding CXX object CMakeFiles/spirob_interfaces__rosidl_typesupport_fastrtps_cpp.dir/rosidl_typesupport_fastrtps_cpp/spirob_interfaces/msg/detail/dds_fastrtps/motor_command__type_support.cpp.o[0m
[6.118s] [ 64%] [32mBuilding CXX object CMakeFiles/spirob_interfaces__rosidl_typesupport_fastrtps_cpp.dir/rosidl_typesupport_fastrtps_cpp/spirob_interfaces/msg/detail/dds_fastrtps/robot_state__type_support.cpp.o[0m
[6.166s] [ 66%] [32mBuilding CXX object CMakeFiles/spirob_interfaces__rosidl_typesupport_fastrtps_c.dir/rosidl_typesupport_fastrtps_c/spirob_interfaces/msg/detail/motor_command__type_support_c.cpp.o[0m
[6.178s] [ 70%] [32mBuilding CXX object CMakeFiles/spirob_interfaces__rosidl_typesupport_fastrtps_c.dir/rosidl_typesupport_fastrtps_c/spirob_interfaces/msg/detail/motor_state__type_support_c.cpp.o[0m
[6.178s] [ 70%] [32mBuilding CXX object CMakeFiles/spirob_interfaces__rosidl_typesupport_fastrtps_c.dir/rosidl_typesupport_fastrtps_c/spirob_interfaces/msg/detail/robot_state__type_support_c.cpp.o[0m
[6.251s] [ 70%] Built target spirob_interfaces__rosidl_typesupport_c
[6.275s] [ 72%] [32m[1mLinking C shared library libspirob_interfaces__rosidl_typesupport_introspection_c.so[0m
[6.404s] [ 72%] Built target spirob_interfaces__rosidl_typesupport_introspection_c
[7.228s] [ 74%] [32m[1mLinking CXX shared library libspirob_interfaces__rosidl_typesupport_cpp.so[0m
[7.394s] [ 75%] [32m[1mLinking CXX shared library libspirob_interfaces__rosidl_typesupport_introspection_cpp.so[0m
[7.412s] [ 75%] Built target spirob_interfaces__rosidl_typesupport_cpp
[7.682s] [ 75%] Built target spirob_interfaces__rosidl_typesupport_introspection_cpp
[7.785s] [ 77%] [32m[1mLinking CXX shared library libspirob_interfaces__rosidl_typesupport_fastrtps_c.so[0m
[7.891s] [ 79%] [32m[1mLinking CXX shared library libspirob_interfaces__rosidl_typesupport_fastrtps_cpp.so[0m
[7.903s] [ 79%] Built target spirob_interfaces__rosidl_typesupport_fastrtps_c
[8.099s] [ 79%] Built target spirob_interfaces__rosidl_typesupport_fastrtps_cpp
[8.150s] [ 79%] Built target spirob_interfaces
[8.198s] [ 81%] [34m[1mGenerating Python code for ROS interfaces[0m
[9.313s] [ 81%] Built target spirob_interfaces__py
[9.375s] [ 85%] [32mBuilding C object CMakeFiles/spirob_interfaces__rosidl_generator_py.dir/rosidl_generator_py/spirob_interfaces/msg/_robot_state_s.c.o[0m
[9.375s] [ 85%] [32mBuilding C object CMakeFiles/spirob_interfaces__rosidl_generator_py.dir/rosidl_generator_py/spirob_interfaces/msg/_motor_command_s.c.o[0m
[9.375s] [ 87%] [32mBuilding C object CMakeFiles/spirob_interfaces__rosidl_generator_py.dir/rosidl_generator_py/spirob_interfaces/msg/_motor_state_s.c.o[0m
[9.762s] [ 88%] [32m[1mLinking C shared library libspirob_interfaces__rosidl_generator_py.so[0m
[9.855s] [ 88%] Built target spirob_interfaces__rosidl_generator_py
[9.916s] [ 90%] [32mBuilding C object CMakeFiles/spirob_interfaces_s__rosidl_typesupport_fastrtps_c.dir/rosidl_generator_py/spirob_interfaces/_spirob_interfaces_s.ep.rosidl_typesupport_fastrtps_c.c.o[0m
[9.916s] [ 94%] [32mBuilding C object CMakeFiles/spirob_interfaces_s__rosidl_typesupport_c.dir/rosidl_generator_py/spirob_interfaces/_spirob_interfaces_s.ep.rosidl_typesupport_c.c.o[0m
[9.916s] [ 94%] [32mBuilding C object CMakeFiles/spirob_interfaces_s__rosidl_typesupport_introspection_c.dir/rosidl_generator_py/spirob_interfaces/_spirob_interfaces_s.ep.rosidl_typesupport_introspection_c.c.o[0m
[10.146s] [ 96%] [32m[1mLinking C shared module rosidl_generator_py/spirob_interfaces/spirob_interfaces_s__rosidl_typesupport_c.so[0m
[10.154s] [ 98%] [32m[1mLinking C shared module rosidl_generator_py/spirob_interfaces/spirob_interfaces_s__rosidl_typesupport_fastrtps_c.so[0m
[10.167s] [100%] [32m[1mLinking C shared module rosidl_generator_py/spirob_interfaces/spirob_interfaces_s__rosidl_typesupport_introspection_c.so[0m
[10.237s] [100%] Built target spirob_interfaces_s__rosidl_typesupport_c
[10.249s] [100%] Built target spirob_interfaces_s__rosidl_typesupport_fastrtps_c
[10.255s] [100%] Built target spirob_interfaces_s__rosidl_typesupport_introspection_c
[10.285s] Invoked command in '/home/zach/huy/tendon_clf/ros/build/spirob_interfaces' returned '0': CMAKE_PREFIX_PATH=${CMAKE_PREFIX_PATH}:/home/zach/huy/tendon_clf/ros/install/spirob_ros:/home/zach/drl-turtle/ros2_ws/install/turtle_rl:/home/zach/drl-turtle/ros2_ws/install/turtle_hardware:/home/zach/drl-turtle/ros2_ws/install/opencv_tests:/opt/ros/jazzy DEBUGINFOD_URLS=https://debuginfod.ubuntu.com /usr/bin/cmake --build /home/zach/huy/tendon_clf/ros/build/spirob_interfaces -- -j16 -l16
[10.310s] Invoking command in '/home/zach/huy/tendon_clf/ros/build/spirob_interfaces': CMAKE_PREFIX_PATH=${CMAKE_PREFIX_PATH}:/home/zach/huy/tendon_clf/ros/install/spirob_ros:/home/zach/drl-turtle/ros2_ws/install/turtle_rl:/home/zach/drl-turtle/ros2_ws/install/turtle_hardware:/home/zach/drl-turtle/ros2_ws/install/opencv_tests:/opt/ros/jazzy DEBUGINFOD_URLS=https://debuginfod.ubuntu.com /usr/bin/cmake --install /home/zach/huy/tendon_clf/ros/build/spirob_interfaces
[10.329s] -- Install configuration: ""
[10.330s] -- Execute custom install script
[10.331s] -- Up-to-date symlink: /home/zach/huy/tendon_clf/ros/install/spirob_interfaces/share/ament_index/resource_index/rosidl_interfaces/spirob_interfaces
[10.331s] -- Up-to-date symlink: /home/zach/huy/tendon_clf/ros/install/spirob_interfaces/share/spirob_interfaces/msg/MotorState.json
[10.331s] -- Up-to-date symlink: /home/zach/huy/tendon_clf/ros/install/spirob_interfaces/share/spirob_interfaces/msg/MotorCommand.json
[10.332s] -- Up-to-date symlink: /home/zach/huy/tendon_clf/ros/install/spirob_interfaces/share/spirob_interfaces/msg/RobotState.json
[10.333s] -- Up-to-date symlink: /home/zach/huy/tendon_clf/ros/install/spirob_interfaces/include/spirob_interfaces/spirob_interfaces/msg/detail/motor_command__functions.h
[10.333s] -- Up-to-date symlink: /home/zach/huy/tendon_clf/ros/install/spirob_interfaces/include/spirob_interfaces/spirob_interfaces/msg/detail/motor_command__struct.h
[10.333s] -- Up-to-date symlink: /home/zach/huy/tendon_clf/ros/install/spirob_interfaces/include/spirob_interfaces/spirob_interfaces/msg/detail/motor_command__type_support.h
[10.334s] -- Up-to-date symlink: /home/zach/huy/tendon_clf/ros/install/spirob_interfaces/include/spirob_interfaces/spirob_interfaces/msg/detail/motor_state__functions.h
[10.334s] -- Up-to-date symlink: /home/zach/huy/tendon_clf/ros/install/spirob_interfaces/include/spirob_interfaces/spirob_interfaces/msg/detail/motor_state__struct.h
[10.334s] -- Up-to-date symlink: /home/zach/huy/tendon_clf/ros/install/spirob_interfaces/include/spirob_interfaces/spirob_interfaces/msg/detail/motor_state__type_support.h
[10.334s] -- Up-to-date symlink: /home/zach/huy/tendon_clf/ros/install/spirob_interfaces/include/spirob_interfaces/spirob_interfaces/msg/detail/robot_state__functions.h
[10.335s] -- Up-to-date symlink: /home/zach/huy/tendon_clf/ros/install/spirob_interfaces/include/spirob_interfaces/spirob_interfaces/msg/detail/robot_state__struct.h
[10.335s] -- Up-to-date symlink: /home/zach/huy/tendon_clf/ros/install/spirob_interfaces/include/spirob_interfaces/spirob_interfaces/msg/detail/robot_state__type_support.h
[10.335s] -- Up-to-date symlink: /home/zach/huy/tendon_clf/ros/install/spirob_interfaces/include/spirob_interfaces/spirob_interfaces/msg/motor_command.h
[10.335s] -- Up-to-date symlink: /home/zach/huy/tendon_clf/ros/install/spirob_interfaces/include/spirob_interfaces/spirob_interfaces/msg/motor_state.h
[10.335s] -- Up-to-date symlink: /home/zach/huy/tendon_clf/ros/install/spirob_interfaces/include/spirob_interfaces/spirob_interfaces/msg/robot_state.h
[10.336s] -- Up-to-date symlink: /home/zach/huy/tendon_clf/ros/install/spirob_interfaces/include/spirob_interfaces/spirob_interfaces/msg/rosidl_generator_c__visibility_control.h
[10.336s] -- Up-to-date symlink: /home/zach/huy/tendon_clf/ros/install/spirob_interfaces/share/spirob_interfaces/environment/library_path.sh
[10.336s] -- Up-to-date symlink: /home/zach/huy/tendon_clf/ros/install/spirob_interfaces/share/spirob_interfaces/environment/library_path.dsv
[10.337s] -- Up-to-date symlink: /home/zach/huy/tendon_clf/ros/install/spirob_interfaces/include/spirob_interfaces/spirob_interfaces/msg/detail/motor_command__rosidl_typesupport_fastrtps_c.h
[10.337s] -- Up-to-date symlink: /home/zach/huy/tendon_clf/ros/install/spirob_interfaces/include/spirob_interfaces/spirob_interfaces/msg/detail/motor_state__rosidl_typesupport_fastrtps_c.h
[10.338s] -- Up-to-date symlink: /home/zach/huy/tendon_clf/ros/install/spirob_interfaces/include/spirob_interfaces/spirob_interfaces/msg/detail/robot_state__rosidl_typesupport_fastrtps_c.h
[10.338s] -- Up-to-date symlink: /home/zach/huy/tendon_clf/ros/install/spirob_interfaces/include/spirob_interfaces/spirob_interfaces/msg/rosidl_typesupport_fastrtps_c__visibility_control.h
[10.339s] -- Up-to-date symlink: /home/zach/huy/tendon_clf/ros/install/spirob_interfaces/include/spirob_interfaces/spirob_interfaces/msg/detail/motor_command__rosidl_typesupport_introspection_c.h
[10.339s] -- Up-to-date symlink: /home/zach/huy/tendon_clf/ros/install/spirob_interfaces/include/spirob_interfaces/spirob_interfaces/msg/detail/motor_state__rosidl_typesupport_introspection_c.h
[10.339s] -- Up-to-date symlink: /home/zach/huy/tendon_clf/ros/install/spirob_interfaces/include/spirob_interfaces/spirob_interfaces/msg/detail/robot_state__rosidl_typesupport_introspection_c.h
[10.339s] -- Up-to-date symlink: /home/zach/huy/tendon_clf/ros/install/spirob_interfaces/include/spirob_interfaces/spirob_interfaces/msg/rosidl_typesupport_introspection_c__visibility_control.h
[10.340s] -- Up-to-date symlink: /home/zach/huy/tendon_clf/ros/install/spirob_interfaces/include/spirob_interfaces/spirob_interfaces/msg/detail/motor_command__builder.hpp
[10.340s] -- Up-to-date symlink: /home/zach/huy/tendon_clf/ros/install/spirob_interfaces/include/spirob_interfaces/spirob_interfaces/msg/detail/motor_command__struct.hpp
[10.341s] -- Up-to-date symlink: /home/zach/huy/tendon_clf/ros/install/spirob_interfaces/include/spirob_interfaces/spirob_interfaces/msg/detail/motor_command__traits.hpp
[10.341s] -- Up-to-date symlink: /home/zach/huy/tendon_clf/ros/install/spirob_interfaces/include/spirob_interfaces/spirob_interfaces/msg/detail/motor_command__type_support.hpp
[10.341s] -- Up-to-date symlink: /home/zach/huy/tendon_clf/ros/install/spirob_interfaces/include/spirob_interfaces/spirob_interfaces/msg/detail/motor_state__builder.hpp
[10.341s] -- Up-to-date symlink: /home/zach/huy/tendon_clf/ros/install/spirob_interfaces/include/spirob_interfaces/spirob_interfaces/msg/detail/motor_state__struct.hpp
[10.342s] -- Up-to-date symlink: /home/zach/huy/tendon_clf/ros/install/spirob_interfaces/include/spirob_interfaces/spirob_interfaces/msg/detail/motor_state__traits.hpp
[10.342s] -- Up-to-date symlink: /home/zach/huy/tendon_clf/ros/install/spirob_interfaces/include/spirob_interfaces/spirob_interfaces/msg/detail/motor_state__type_support.hpp
[10.342s] -- Up-to-date symlink: /home/zach/huy/tendon_clf/ros/install/spirob_interfaces/include/spirob_interfaces/spirob_interfaces/msg/detail/robot_state__builder.hpp
[10.343s] -- Up-to-date symlink: /home/zach/huy/tendon_clf/ros/install/spirob_interfaces/include/spirob_interfaces/spirob_interfaces/msg/detail/robot_state__struct.hpp
[10.343s] -- Up-to-date symlink: /home/zach/huy/tendon_clf/ros/install/spirob_interfaces/include/spirob_interfaces/spirob_interfaces/msg/detail/robot_state__traits.hpp
[10.343s] -- Up-to-date symlink: /home/zach/huy/tendon_clf/ros/install/spirob_interfaces/include/spirob_interfaces/spirob_interfaces/msg/detail/robot_state__type_support.hpp
[10.343s] -- Up-to-date symlink: /home/zach/huy/tendon_clf/ros/install/spirob_interfaces/include/spirob_interfaces/spirob_interfaces/msg/motor_command.hpp
[10.344s] -- Up-to-date symlink: /home/zach/huy/tendon_clf/ros/install/spirob_interfaces/include/spirob_interfaces/spirob_interfaces/msg/motor_state.hpp
[10.344s] -- Up-to-date symlink: /home/zach/huy/tendon_clf/ros/install/spirob_interfaces/include/spirob_interfaces/spirob_interfaces/msg/robot_state.hpp
[10.344s] -- Up-to-date symlink: /home/zach/huy/tendon_clf/ros/install/spirob_interfaces/include/spirob_interfaces/spirob_interfaces/msg/rosidl_generator_cpp__visibility_control.hpp
[10.345s] -- Up-to-date symlink: /home/zach/huy/tendon_clf/ros/install/spirob_interfaces/include/spirob_interfaces/spirob_interfaces/msg/detail/motor_command__rosidl_typesupport_fastrtps_cpp.hpp
[10.345s] -- Up-to-date symlink: /home/zach/huy/tendon_clf/ros/install/spirob_interfaces/include/spirob_interfaces/spirob_interfaces/msg/detail/motor_state__rosidl_typesupport_fastrtps_cpp.hpp
[10.345s] -- Up-to-date symlink: /home/zach/huy/tendon_clf/ros/install/spirob_interfaces/include/spirob_interfaces/spirob_interfaces/msg/detail/robot_state__rosidl_typesupport_fastrtps_cpp.hpp
[10.345s] -- Up-to-date symlink: /home/zach/huy/tendon_clf/ros/install/spirob_interfaces/include/spirob_interfaces/spirob_interfaces/msg/rosidl_typesupport_fastrtps_cpp__visibility_control.h
[10.346s] -- Up-to-date symlink: /home/zach/huy/tendon_clf/ros/install/spirob_interfaces/include/spirob_interfaces/spirob_interfaces/msg/detail/motor_command__rosidl_typesupport_introspection_cpp.hpp
[10.346s] -- Up-to-date symlink: /home/zach/huy/tendon_clf/ros/install/spirob_interfaces/include/spirob_interfaces/spirob_interfaces/msg/detail/motor_state__rosidl_typesupport_introspection_cpp.hpp
[10.346s] -- Up-to-date symlink: /home/zach/huy/tendon_clf/ros/install/spirob_interfaces/include/spirob_interfaces/spirob_interfaces/msg/detail/robot_state__rosidl_typesupport_introspection_cpp.hpp
[10.347s] -- Up-to-date symlink: /home/zach/huy/tendon_clf/ros/install/spirob_interfaces/share/spirob_interfaces/environment/pythonpath.sh
[10.347s] -- Up-to-date symlink: /home/zach/huy/tendon_clf/ros/install/spirob_interfaces/share/spirob_interfaces/environment/pythonpath.dsv
[10.348s] -- Up-to-date symlink: /home/zach/huy/tendon_clf/ros/install/spirob_interfaces/lib/python3.12/site-packages/spirob_interfaces-0.0.1-py3.12.egg-info/PKG-INFO
[10.348s] -- Up-to-date symlink: /home/zach/huy/tendon_clf/ros/install/spirob_interfaces/lib/python3.12/site-packages/spirob_interfaces-0.0.1-py3.12.egg-info/SOURCES.txt
[10.348s] -- Up-to-date symlink: /home/zach/huy/tendon_clf/ros/install/spirob_interfaces/lib/python3.12/site-packages/spirob_interfaces-0.0.1-py3.12.egg-info/dependency_links.txt
[10.348s] -- Up-to-date symlink: /home/zach/huy/tendon_clf/ros/install/spirob_interfaces/lib/python3.12/site-packages/spirob_interfaces-0.0.1-py3.12.egg-info/top_level.txt
[10.349s] -- Up-to-date symlink: /home/zach/huy/tendon_clf/ros/install/spirob_interfaces/lib/python3.12/site-packages/spirob_interfaces/__init__.py
[10.350s] -- Up-to-date symlink: /home/zach/huy/tendon_clf/ros/install/spirob_interfaces/lib/python3.12/site-packages/spirob_interfaces/_spirob_interfaces_s.ep.rosidl_typesupport_c.c
[10.350s] -- Up-to-date symlink: /home/zach/huy/tendon_clf/ros/install/spirob_interfaces/lib/python3.12/site-packages/spirob_interfaces/_spirob_interfaces_s.ep.rosidl_typesupport_fastrtps_c.c
[10.350s] -- Up-to-date symlink: /home/zach/huy/tendon_clf/ros/install/spirob_interfaces/lib/python3.12/site-packages/spirob_interfaces/_spirob_interfaces_s.ep.rosidl_typesupport_introspection_c.c
[10.350s] -- Up-to-date symlink: /home/zach/huy/tendon_clf/ros/install/spirob_interfaces/lib/python3.12/site-packages/spirob_interfaces/msg/__init__.py
[10.350s] -- Up-to-date symlink: /home/zach/huy/tendon_clf/ros/install/spirob_interfaces/lib/python3.12/site-packages/spirob_interfaces/msg/_motor_command.py
[10.351s] -- Up-to-date symlink: /home/zach/huy/tendon_clf/ros/install/spirob_interfaces/lib/python3.12/site-packages/spirob_interfaces/msg/_motor_command_s.c
[10.351s] -- Up-to-date symlink: /home/zach/huy/tendon_clf/ros/install/spirob_interfaces/lib/python3.12/site-packages/spirob_interfaces/msg/_motor_state.py
[10.351s] -- Up-to-date symlink: /home/zach/huy/tendon_clf/ros/install/spirob_interfaces/lib/python3.12/site-packages/spirob_interfaces/msg/_motor_state_s.c
[10.351s] -- Up-to-date symlink: /home/zach/huy/tendon_clf/ros/install/spirob_interfaces/lib/python3.12/site-packages/spirob_interfaces/msg/_robot_state.py
[10.352s] -- Up-to-date symlink: /home/zach/huy/tendon_clf/ros/install/spirob_interfaces/lib/python3.12/site-packages/spirob_interfaces/msg/_robot_state_s.c
[10.352s] -- Up-to-date symlink: /home/zach/huy/tendon_clf/ros/install/spirob_interfaces/lib/python3.12/site-packages/spirob_interfaces/spirob_interfaces_s__rosidl_typesupport_c.so
[10.352s] -- Up-to-date symlink: /home/zach/huy/tendon_clf/ros/install/spirob_interfaces/lib/python3.12/site-packages/spirob_interfaces/spirob_interfaces_s__rosidl_typesupport_fastrtps_c.so
[10.352s] -- Up-to-date symlink: /home/zach/huy/tendon_clf/ros/install/spirob_interfaces/lib/python3.12/site-packages/spirob_interfaces/spirob_interfaces_s__rosidl_typesupport_introspection_c.so
[10.353s] -- Up-to-date symlink: /home/zach/huy/tendon_clf/ros/install/spirob_interfaces/lib/python3.12/site-packages/spirob_interfaces/spirob_interfaces_s__rosidl_typesupport_fastrtps_c.so
[10.353s] -- Up-to-date symlink: /home/zach/huy/tendon_clf/ros/install/spirob_interfaces/lib/python3.12/site-packages/spirob_interfaces/spirob_interfaces_s__rosidl_typesupport_introspection_c.so
[10.353s] -- Up-to-date symlink: /home/zach/huy/tendon_clf/ros/install/spirob_interfaces/lib/python3.12/site-packages/spirob_interfaces/spirob_interfaces_s__rosidl_typesupport_c.so
[10.354s] -- Up-to-date symlink: /home/zach/huy/tendon_clf/ros/install/spirob_interfaces/share/spirob_interfaces/msg/MotorState.idl
[10.354s] -- Up-to-date symlink: /home/zach/huy/tendon_clf/ros/install/spirob_interfaces/share/spirob_interfaces/msg/MotorCommand.idl
[10.354s] -- Up-to-date symlink: /home/zach/huy/tendon_clf/ros/install/spirob_interfaces/share/spirob_interfaces/msg/RobotState.idl
[10.355s] -- Up-to-date symlink: /home/zach/huy/tendon_clf/ros/install/spirob_interfaces/share/spirob_interfaces/msg/MotorState.msg
[10.355s] -- Up-to-date symlink: /home/zach/huy/tendon_clf/ros/install/spirob_interfaces/share/spirob_interfaces/msg/MotorCommand.msg
[10.355s] -- Up-to-date symlink: /home/zach/huy/tendon_clf/ros/install/spirob_interfaces/share/spirob_interfaces/msg/RobotState.msg
[10.355s] -- Up-to-date symlink: /home/zach/huy/tendon_clf/ros/install/spirob_interfaces/share/ament_index/resource_index/package_run_dependencies/spirob_interfaces
[10.356s] -- Up-to-date symlink: /home/zach/huy/tendon_clf/ros/install/spirob_interfaces/share/ament_index/resource_index/parent_prefix_path/spirob_interfaces
[10.356s] -- Up-to-date symlink: /home/zach/huy/tendon_clf/ros/install/spirob_interfaces/share/spirob_interfaces/environment/ament_prefix_path.sh
[10.356s] -- Up-to-date symlink: /home/zach/huy/tendon_clf/ros/install/spirob_interfaces/share/spirob_interfaces/environment/ament_prefix_path.dsv
[10.357s] -- Up-to-date symlink: /home/zach/huy/tendon_clf/ros/install/spirob_interfaces/share/spirob_interfaces/environment/path.sh
[10.357s] -- Up-to-date symlink: /home/zach/huy/tendon_clf/ros/install/spirob_interfaces/share/spirob_interfaces/environment/path.dsv
[10.357s] -- Up-to-date symlink: /home/zach/huy/tendon_clf/ros/install/spirob_interfaces/share/spirob_interfaces/local_setup.bash
[10.357s] -- Up-to-date symlink: /home/zach/huy/tendon_clf/ros/install/spirob_interfaces/share/spirob_interfaces/local_setup.sh
[10.358s] -- Up-to-date symlink: /home/zach/huy/tendon_clf/ros/install/spirob_interfaces/share/spirob_interfaces/local_setup.zsh
[10.358s] -- Up-to-date symlink: /home/zach/huy/tendon_clf/ros/install/spirob_interfaces/share/spirob_interfaces/local_setup.dsv
[10.358s] -- Symlinking: /home/zach/huy/tendon_clf/ros/install/spirob_interfaces/share/spirob_interfaces/package.dsv
[10.377s] -- Up-to-date symlink: /home/zach/huy/tendon_clf/ros/install/spirob_interfaces/share/ament_index/resource_index/packages/spirob_interfaces
[10.377s] -- Up-to-date symlink: /home/zach/huy/tendon_clf/ros/install/spirob_interfaces/share/spirob_interfaces/cmake/rosidl_cmake-extras.cmake
[10.378s] -- Up-to-date symlink: /home/zach/huy/tendon_clf/ros/install/spirob_interfaces/share/spirob_interfaces/cmake/ament_cmake_export_dependencies-extras.cmake
[10.378s] -- Up-to-date symlink: /home/zach/huy/tendon_clf/ros/install/spirob_interfaces/share/spirob_interfaces/cmake/ament_cmake_export_include_directories-extras.cmake
[10.378s] -- Up-to-date symlink: /home/zach/huy/tendon_clf/ros/install/spirob_interfaces/share/spirob_interfaces/cmake/ament_cmake_export_libraries-extras.cmake
[10.379s] -- Up-to-date symlink: /home/zach/huy/tendon_clf/ros/install/spirob_interfaces/share/spirob_interfaces/cmake/ament_cmake_export_targets-extras.cmake
[10.379s] -- Up-to-date symlink: /home/zach/huy/tendon_clf/ros/install/spirob_interfaces/share/spirob_interfaces/cmake/rosidl_cmake_export_typesupport_targets-extras.cmake
[10.379s] -- Up-to-date symlink: /home/zach/huy/tendon_clf/ros/install/spirob_interfaces/share/spirob_interfaces/cmake/rosidl_cmake_export_typesupport_libraries-extras.cmake
[10.379s] -- Up-to-date symlink: /home/zach/huy/tendon_clf/ros/install/spirob_interfaces/share/spirob_interfaces/cmake/spirob_interfacesConfig.cmake
[10.380s] -- Up-to-date symlink: /home/zach/huy/tendon_clf/ros/install/spirob_interfaces/share/spirob_interfaces/cmake/spirob_interfacesConfig-version.cmake
[10.380s] -- Up-to-date symlink: /home/zach/huy/tendon_clf/ros/install/spirob_interfaces/share/spirob_interfaces/package.xml
[10.380s] -- Installing: /home/zach/huy/tendon_clf/ros/install/spirob_interfaces/lib/libspirob_interfaces__rosidl_generator_c.so
[10.381s] -- Set non-toolchain portion of runtime path of "/home/zach/huy/tendon_clf/ros/install/spirob_interfaces/lib/libspirob_interfaces__rosidl_generator_c.so" to ""
[10.382s] -- Installing: /home/zach/huy/tendon_clf/ros/install/spirob_interfaces/lib/libspirob_interfaces__rosidl_typesupport_fastrtps_c.so
[10.383s] -- Set non-toolchain portion of runtime path of "/home/zach/huy/tendon_clf/ros/install/spirob_interfaces/lib/libspirob_interfaces__rosidl_typesupport_fastrtps_c.so" to ""
[10.383s] -- Installing: /home/zach/huy/tendon_clf/ros/install/spirob_interfaces/lib/libspirob_interfaces__rosidl_typesupport_introspection_c.so
[10.384s] -- Set non-toolchain portion of runtime path of "/home/zach/huy/tendon_clf/ros/install/spirob_interfaces/lib/libspirob_interfaces__rosidl_typesupport_introspection_c.so" to ""
[10.384s] -- Installing: /home/zach/huy/tendon_clf/ros/install/spirob_interfaces/lib/libspirob_interfaces__rosidl_typesupport_c.so
[10.385s] -- Set non-toolchain portion of runtime path of "/home/zach/huy/tendon_clf/ros/install/spirob_interfaces/lib/libspirob_interfaces__rosidl_typesupport_c.so" to ""
[10.386s] -- Installing: /home/zach/huy/tendon_clf/ros/install/spirob_interfaces/lib/libspirob_interfaces__rosidl_typesupport_fastrtps_cpp.so
[10.387s] -- Set non-toolchain portion of runtime path of "/home/zach/huy/tendon_clf/ros/install/spirob_interfaces/lib/libspirob_interfaces__rosidl_typesupport_fastrtps_cpp.so" to ""
[10.387s] -- Installing: /home/zach/huy/tendon_clf/ros/install/spirob_interfaces/lib/libspirob_interfaces__rosidl_typesupport_introspection_cpp.so
[10.388s] -- Set non-toolchain portion of runtime path of "/home/zach/huy/tendon_clf/ros/install/spirob_interfaces/lib/libspirob_interfaces__rosidl_typesupport_introspection_cpp.so" to ""
[10.388s] -- Installing: /home/zach/huy/tendon_clf/ros/install/spirob_interfaces/lib/libspirob_interfaces__rosidl_typesupport_cpp.so
[10.389s] -- Set non-toolchain portion of runtime path of "/home/zach/huy/tendon_clf/ros/install/spirob_interfaces/lib/libspirob_interfaces__rosidl_typesupport_cpp.so" to ""
[10.484s] Listing '/home/zach/huy/tendon_clf/ros/install/spirob_interfaces/lib/python3.12/site-packages/spirob_interfaces'...
[10.484s] Compiling '/home/zach/huy/tendon_clf/ros/install/spirob_interfaces/lib/python3.12/site-packages/spirob_interfaces/__init__.py'...
[10.484s] Listing '/home/zach/huy/tendon_clf/ros/install/spirob_interfaces/lib/python3.12/site-packages/spirob_interfaces/msg'...
[10.484s] Compiling '/home/zach/huy/tendon_clf/ros/install/spirob_interfaces/lib/python3.12/site-packages/spirob_interfaces/msg/__init__.py'...
[10.484s] Compiling '/home/zach/huy/tendon_clf/ros/install/spirob_interfaces/lib/python3.12/site-packages/spirob_interfaces/msg/_motor_command.py'...
[10.485s] Compiling '/home/zach/huy/tendon_clf/ros/install/spirob_interfaces/lib/python3.12/site-packages/spirob_interfaces/msg/_motor_state.py'...
[10.485s] Compiling '/home/zach/huy/tendon_clf/ros/install/spirob_interfaces/lib/python3.12/site-packages/spirob_interfaces/msg/_robot_state.py'...
[10.496s] -- Installing: /home/zach/huy/tendon_clf/ros/install/spirob_interfaces/lib/libspirob_interfaces__rosidl_generator_py.so
[10.497s] -- Set non-toolchain portion of runtime path of "/home/zach/huy/tendon_clf/ros/install/spirob_interfaces/lib/libspirob_interfaces__rosidl_generator_py.so" to ""
[10.497s] -- Up-to-date: /home/zach/huy/tendon_clf/ros/install/spirob_interfaces/share/spirob_interfaces/cmake/export_spirob_interfaces__rosidl_generator_cExport.cmake
[10.497s] -- Up-to-date: /home/zach/huy/tendon_clf/ros/install/spirob_interfaces/share/spirob_interfaces/cmake/export_spirob_interfaces__rosidl_generator_cExport-noconfig.cmake
[10.498s] -- Up-to-date: /home/zach/huy/tendon_clf/ros/install/spirob_interfaces/share/spirob_interfaces/cmake/export_spirob_interfaces__rosidl_typesupport_fastrtps_cExport.cmake
[10.498s] -- Up-to-date: /home/zach/huy/tendon_clf/ros/install/spirob_interfaces/share/spirob_interfaces/cmake/export_spirob_interfaces__rosidl_typesupport_fastrtps_cExport-noconfig.cmake
[10.498s] -- Up-to-date: /home/zach/huy/tendon_clf/ros/install/spirob_interfaces/share/spirob_interfaces/cmake/spirob_interfaces__rosidl_typesupport_introspection_cExport.cmake
[10.498s] -- Up-to-date: /home/zach/huy/tendon_clf/ros/install/spirob_interfaces/share/spirob_interfaces/cmake/spirob_interfaces__rosidl_typesupport_introspection_cExport-noconfig.cmake
[10.498s] -- Up-to-date: /home/zach/huy/tendon_clf/ros/install/spirob_interfaces/share/spirob_interfaces/cmake/spirob_interfaces__rosidl_typesupport_cExport.cmake
[10.498s] -- Up-to-date: /home/zach/huy/tendon_clf/ros/install/spirob_interfaces/share/spirob_interfaces/cmake/spirob_interfaces__rosidl_typesupport_cExport-noconfig.cmake
[10.498s] -- Up-to-date: /home/zach/huy/tendon_clf/ros/install/spirob_interfaces/share/spirob_interfaces/cmake/export_spirob_interfaces__rosidl_generator_cppExport.cmake
[10.498s] -- Up-to-date: /home/zach/huy/tendon_clf/ros/install/spirob_interfaces/share/spirob_interfaces/cmake/export_spirob_interfaces__rosidl_typesupport_fastrtps_cppExport.cmake
[10.499s] -- Up-to-date: /home/zach/huy/tendon_clf/ros/install/spirob_interfaces/share/spirob_interfaces/cmake/export_spirob_interfaces__rosidl_typesupport_fastrtps_cppExport-noconfig.cmake
[10.499s] -- Up-to-date: /home/zach/huy/tendon_clf/ros/install/spirob_interfaces/share/spirob_interfaces/cmake/spirob_interfaces__rosidl_typesupport_introspection_cppExport.cmake
[10.499s] -- Up-to-date: /home/zach/huy/tendon_clf/ros/install/spirob_interfaces/share/spirob_interfaces/cmake/spirob_interfaces__rosidl_typesupport_introspection_cppExport-noconfig.cmake
[10.499s] -- Up-to-date: /home/zach/huy/tendon_clf/ros/install/spirob_interfaces/share/spirob_interfaces/cmake/spirob_interfaces__rosidl_typesupport_cppExport.cmake
[10.499s] -- Up-to-date: /home/zach/huy/tendon_clf/ros/install/spirob_interfaces/share/spirob_interfaces/cmake/spirob_interfaces__rosidl_typesupport_cppExport-noconfig.cmake
[10.499s] -- Up-to-date: /home/zach/huy/tendon_clf/ros/install/spirob_interfaces/share/spirob_interfaces/cmake/export_spirob_interfaces__rosidl_generator_pyExport.cmake
[10.499s] -- Up-to-date: /home/zach/huy/tendon_clf/ros/install/spirob_interfaces/share/spirob_interfaces/cmake/export_spirob_interfaces__rosidl_generator_pyExport-noconfig.cmake
[10.504s] Invoked command in '/home/zach/huy/tendon_clf/ros/build/spirob_interfaces' returned '0': CMAKE_PREFIX_PATH=${CMAKE_PREFIX_PATH}:/home/zach/huy/tendon_clf/ros/install/spirob_ros:/home/zach/drl-turtle/ros2_ws/install/turtle_rl:/home/zach/drl-turtle/ros2_ws/install/turtle_hardware:/home/zach/drl-turtle/ros2_ws/install/opencv_tests:/opt/ros/jazzy DEBUGINFOD_URLS=https://debuginfod.ubuntu.com /usr/bin/cmake --install /home/zach/huy/tendon_clf/ros/build/spirob_interfaces
