[2.105s] Invoking command in '/home/zach/huy/tendon_clf/ros/build/spirob_ros': CONDA_PROMPT_MODIFIER=(nonlinear) DEBUGINFOD_URLS=https://debuginfod.ubuntu.com PYTHONPATH=/home/zach/huy/tendon_clf/ros/build/spirob_ros/prefix_override:/usr/lib/python3/dist-packages/colcon_core/task/python/colcon_distutils_commands:/home/zach/huy/tendon_clf/ros/install/spirob_ros/lib/python3.12/site-packages:/home/zach/huy/tendon_clf/ros/install/spirob_interfaces/lib/python3.12/site-packages:/home/zach/huy/tendon_clf/ros/build/spirob_ros:/home/zach/huy/tendon_clf/ros/install/spirob_ros/lib/python3.12/site-packages:/home/zach/drl-turtle/ros2_ws/install/turtle_rl/lib/python3.12/site-packages:/home/zach/drl-turtle/ros2_ws/install/turtle_interfaces/lib/python3.12/site-packages:/home/zach/drl-turtle/ros2_ws/install/turtle_hardware/lib/python3.12/site-packages:/home/zach/drl-turtle/ros2_ws/install/turtle_actions/lib/python3.12/site-packages:/home/zach/drl-turtle/ros2_ws/install/opencv_tests/lib/python3.12/site-packages:/home/zach/drl-turtle/ros2_ws/install/image_geometry/lib/python3.12/site-packages:/home/zach/drl-turtle/ros2_ws/install/cv_bridge/lib/python3.12/site-packages:/opt/ros/jazzy/lib/python3.12/site-packages /usr/bin/python3 -W ignore:setup.py install is deprecated -W ignore:easy_install command is deprecated setup.py develop --editable --build-directory /home/zach/huy/tendon_clf/ros/build/spirob_ros/build --no-deps symlink_data
[2.860s] running develop
[3.343s] running egg_info
[3.388s] writing spirob_ros.egg-info/PKG-INFO
[3.389s] writing dependency_links to spirob_ros.egg-info/dependency_links.txt
[3.389s] writing entry points to spirob_ros.egg-info/entry_points.txt
[3.390s] writing requirements to spirob_ros.egg-info/requires.txt
[3.390s] writing top-level names to spirob_ros.egg-info/top_level.txt
[3.482s] reading manifest file 'spirob_ros.egg-info/SOURCES.txt'
[3.484s] writing manifest file 'spirob_ros.egg-info/SOURCES.txt'
[3.533s] running build_ext
[3.533s] Creating /home/zach/huy/tendon_clf/ros/install/spirob_ros/lib/python3.12/site-packages/spirob-ros.egg-link (link to .)
[3.534s] Installing control_node script to /home/zach/huy/tendon_clf/ros/install/spirob_ros/lib/spirob_ros
[3.535s] Installing get_state_node script to /home/zach/huy/tendon_clf/ros/install/spirob_ros/lib/spirob_ros
[3.535s] Installing hardware_node script to /home/zach/huy/tendon_clf/ros/install/spirob_ros/lib/spirob_ros
[3.535s] Installing simulation_node script to /home/zach/huy/tendon_clf/ros/install/spirob_ros/lib/spirob_ros
[3.536s] Installing state_estimation_node script to /home/zach/huy/tendon_clf/ros/install/spirob_ros/lib/spirob_ros
[3.536s] Installing virtual_measurement_node script to /home/zach/huy/tendon_clf/ros/install/spirob_ros/lib/spirob_ros
[3.537s] 
[3.537s] Installed /home/zach/huy/tendon_clf/ros/build/spirob_ros
[3.537s] running symlink_data
[3.622s] Invoked command in '/home/zach/huy/tendon_clf/ros/build/spirob_ros' returned '0': CONDA_PROMPT_MODIFIER=(nonlinear) DEBUGINFOD_URLS=https://debuginfod.ubuntu.com PYTHONPATH=/home/zach/huy/tendon_clf/ros/build/spirob_ros/prefix_override:/usr/lib/python3/dist-packages/colcon_core/task/python/colcon_distutils_commands:/home/zach/huy/tendon_clf/ros/install/spirob_ros/lib/python3.12/site-packages:/home/zach/huy/tendon_clf/ros/install/spirob_interfaces/lib/python3.12/site-packages:/home/zach/huy/tendon_clf/ros/build/spirob_ros:/home/zach/huy/tendon_clf/ros/install/spirob_ros/lib/python3.12/site-packages:/home/zach/drl-turtle/ros2_ws/install/turtle_rl/lib/python3.12/site-packages:/home/zach/drl-turtle/ros2_ws/install/turtle_interfaces/lib/python3.12/site-packages:/home/zach/drl-turtle/ros2_ws/install/turtle_hardware/lib/python3.12/site-packages:/home/zach/drl-turtle/ros2_ws/install/turtle_actions/lib/python3.12/site-packages:/home/zach/drl-turtle/ros2_ws/install/opencv_tests/lib/python3.12/site-packages:/home/zach/drl-turtle/ros2_ws/install/image_geometry/lib/python3.12/site-packages:/home/zach/drl-turtle/ros2_ws/install/cv_bridge/lib/python3.12/site-packages:/opt/ros/jazzy/lib/python3.12/site-packages /usr/bin/python3 -W ignore:setup.py install is deprecated -W ignore:easy_install command is deprecated setup.py develop --editable --build-directory /home/zach/huy/tendon_clf/ros/build/spirob_ros/build --no-deps symlink_data
