[0.947s] Invoking command in '/home/zach/huy/tendon_clf/ros/build/spirob_ros': CONDA_PROMPT_MODIFIER=(nonlinear) DEBUGINFOD_URLS=https://debuginfod.ubuntu.com PYTHONPATH=/home/zach/huy/tendon_clf/ros/build/spirob_ros/prefix_override:/usr/lib/python3/dist-packages/colcon_core/task/python/colcon_distutils_commands:/home/zach/huy/tendon_clf/ros/install/spirob_ros/lib/python3.12/site-packages:/home/zach/huy/tendon_clf/ros/install/spirob_interfaces/lib/python3.12/site-packages:/home/zach/huy/tendon_clf/ros/build/spirob_ros:/home/zach/huy/tendon_clf/ros/install/spirob_ros/lib/python3.12/site-packages:/home/zach/drl-turtle/ros2_ws/install/turtle_rl/lib/python3.12/site-packages:/home/zach/drl-turtle/ros2_ws/install/turtle_interfaces/lib/python3.12/site-packages:/home/zach/drl-turtle/ros2_ws/install/turtle_hardware/lib/python3.12/site-packages:/home/zach/drl-turtle/ros2_ws/install/turtle_actions/lib/python3.12/site-packages:/home/zach/drl-turtle/ros2_ws/install/opencv_tests/lib/python3.12/site-packages:/home/zach/drl-turtle/ros2_ws/install/image_geometry/lib/python3.12/site-packages:/home/zach/drl-turtle/ros2_ws/install/cv_bridge/lib/python3.12/site-packages:/opt/ros/jazzy/lib/python3.12/site-packages /usr/bin/python3 -W ignore:setup.py install is deprecated -W ignore:easy_install command is deprecated setup.py develop --editable --build-directory /home/zach/huy/tendon_clf/ros/build/spirob_ros/build --no-deps symlink_data
[1.294s] running develop
[1.526s] running egg_info
[1.546s] writing spirob_ros.egg-info/PKG-INFO
[1.546s] writing dependency_links to spirob_ros.egg-info/dependency_links.txt
[1.546s] writing entry points to spirob_ros.egg-info/entry_points.txt
[1.546s] writing requirements to spirob_ros.egg-info/requires.txt
[1.546s] writing top-level names to spirob_ros.egg-info/top_level.txt
[1.590s] reading manifest file 'spirob_ros.egg-info/SOURCES.txt'
[1.590s] writing manifest file 'spirob_ros.egg-info/SOURCES.txt'
[1.613s] running build_ext
[1.613s] Creating /home/zach/huy/tendon_clf/ros/install/spirob_ros/lib/python3.12/site-packages/spirob-ros.egg-link (link to .)
[1.614s] Installing control_node script to /home/zach/huy/tendon_clf/ros/install/spirob_ros/lib/spirob_ros
[1.614s] Installing get_state_node script to /home/zach/huy/tendon_clf/ros/install/spirob_ros/lib/spirob_ros
[1.614s] Installing hardware_node script to /home/zach/huy/tendon_clf/ros/install/spirob_ros/lib/spirob_ros
[1.614s] Installing simulation_node script to /home/zach/huy/tendon_clf/ros/install/spirob_ros/lib/spirob_ros
[1.614s] Installing state_estimation_node script to /home/zach/huy/tendon_clf/ros/install/spirob_ros/lib/spirob_ros
[1.614s] Installing virtual_measurement_node script to /home/zach/huy/tendon_clf/ros/install/spirob_ros/lib/spirob_ros
[1.615s] 
[1.615s] Installed /home/zach/huy/tendon_clf/ros/build/spirob_ros
[1.615s] running symlink_data
[1.664s] Invoked command in '/home/zach/huy/tendon_clf/ros/build/spirob_ros' returned '0': CONDA_PROMPT_MODIFIER=(nonlinear) DEBUGINFOD_URLS=https://debuginfod.ubuntu.com PYTHONPATH=/home/zach/huy/tendon_clf/ros/build/spirob_ros/prefix_override:/usr/lib/python3/dist-packages/colcon_core/task/python/colcon_distutils_commands:/home/zach/huy/tendon_clf/ros/install/spirob_ros/lib/python3.12/site-packages:/home/zach/huy/tendon_clf/ros/install/spirob_interfaces/lib/python3.12/site-packages:/home/zach/huy/tendon_clf/ros/build/spirob_ros:/home/zach/huy/tendon_clf/ros/install/spirob_ros/lib/python3.12/site-packages:/home/zach/drl-turtle/ros2_ws/install/turtle_rl/lib/python3.12/site-packages:/home/zach/drl-turtle/ros2_ws/install/turtle_interfaces/lib/python3.12/site-packages:/home/zach/drl-turtle/ros2_ws/install/turtle_hardware/lib/python3.12/site-packages:/home/zach/drl-turtle/ros2_ws/install/turtle_actions/lib/python3.12/site-packages:/home/zach/drl-turtle/ros2_ws/install/opencv_tests/lib/python3.12/site-packages:/home/zach/drl-turtle/ros2_ws/install/image_geometry/lib/python3.12/site-packages:/home/zach/drl-turtle/ros2_ws/install/cv_bridge/lib/python3.12/site-packages:/opt/ros/jazzy/lib/python3.12/site-packages /usr/bin/python3 -W ignore:setup.py install is deprecated -W ignore:easy_install command is deprecated setup.py develop --editable --build-directory /home/zach/huy/tendon_clf/ros/build/spirob_ros/build --no-deps symlink_data
