[0.123s] DEBUG:colcon:Command line arguments: ['/usr/bin/colcon', 'build', '--symlink-install']
[0.123s] DEBUG:colcon:Parsed command line arguments: Namespace(log_base=None, log_level=None, verb_name='build', build_base='build', install_base='install', merge_install=False, symlink_install=True, test_result_base=None, continue_on_error=False, executor='parallel', parallel_workers=16, event_handlers=None, ignore_user_meta=False, metas=['./colcon.meta'], base_paths=['.'], packages_ignore=None, packages_ignore_regex=None, paths=None, packages_up_to=None, packages_up_to_regex=None, packages_above=None, packages_above_and_dependencies=None, packages_above_depth=None, packages_select_by_dep=None, packages_skip_by_dep=None, packages_skip_up_to=None, packages_select_build_failed=False, packages_skip_build_finished=False, packages_select_test_failures=False, packages_skip_test_passed=False, packages_select=None, packages_skip=None, packages_select_regex=None, packages_skip_regex=None, packages_start=None, packages_end=None, cmake_args=None, cmake_target=None, cmake_target_skip_unavailable=False, cmake_clean_cache=False, cmake_clean_first=False, cmake_force_configure=False, ament_cmake_args=None, catkin_cmake_args=None, catkin_skip_building_tests=False, verb_parser=<colcon_defaults.argument_parser.defaults.DefaultArgumentsDecorator object at 0x7d50e9a67110>, verb_extension=<colcon_core.verb.build.BuildVerb object at 0x7d50e9a66ed0>, main=<bound method BuildVerb.main of <colcon_core.verb.build.BuildVerb object at 0x7d50e9a66ed0>>)
[0.165s] Level 1:colcon.colcon_core.package_discovery:discover_packages(colcon_meta) check parameters
[0.165s] Level 1:colcon.colcon_core.package_discovery:discover_packages(recursive) check parameters
[0.165s] Level 1:colcon.colcon_core.package_discovery:discover_packages(ignore) check parameters
[0.165s] Level 1:colcon.colcon_core.package_discovery:discover_packages(path) check parameters
[0.165s] Level 1:colcon.colcon_core.package_discovery:discover_packages(colcon_meta) discover
[0.165s] Level 1:colcon.colcon_core.package_discovery:discover_packages(recursive) discover
[0.165s] INFO:colcon.colcon_core.package_discovery:Crawling recursively for packages in '/home/zach/huy/tendon_clf/ros'
[0.165s] Level 1:colcon.colcon_core.package_identification:_identify(.) by extensions ['ignore', 'ignore_ament_install']
[0.166s] Level 1:colcon.colcon_core.package_identification:_identify(.) by extension 'ignore'
[0.166s] Level 1:colcon.colcon_core.package_identification:_identify(.) by extension 'ignore_ament_install'
[0.166s] Level 1:colcon.colcon_core.package_identification:_identify(.) by extensions ['colcon_pkg']
[0.166s] Level 1:colcon.colcon_core.package_identification:_identify(.) by extension 'colcon_pkg'
[0.166s] Level 1:colcon.colcon_core.package_identification:_identify(.) by extensions ['colcon_meta']
[0.166s] Level 1:colcon.colcon_core.package_identification:_identify(.) by extension 'colcon_meta'
[0.166s] Level 1:colcon.colcon_core.package_identification:_identify(.) by extensions ['ros']
[0.166s] Level 1:colcon.colcon_core.package_identification:_identify(.) by extension 'ros'
[0.194s] Level 1:colcon.colcon_core.package_identification:_identify(.) by extensions ['cmake', 'python']
[0.194s] Level 1:colcon.colcon_core.package_identification:_identify(.) by extension 'cmake'
[0.194s] Level 1:colcon.colcon_core.package_identification:_identify(.) by extension 'python'
[0.194s] Level 1:colcon.colcon_core.package_identification:_identify(.) by extensions ['python_setup_py']
[0.194s] Level 1:colcon.colcon_core.package_identification:_identify(.) by extension 'python_setup_py'
[0.194s] Level 1:colcon.colcon_core.package_identification:_identify(build) by extensions ['ignore', 'ignore_ament_install']
[0.194s] Level 1:colcon.colcon_core.package_identification:_identify(build) by extension 'ignore'
[0.194s] Level 1:colcon.colcon_core.package_identification:_identify(build) ignored
[0.194s] Level 1:colcon.colcon_core.package_identification:_identify(install) by extensions ['ignore', 'ignore_ament_install']
[0.194s] Level 1:colcon.colcon_core.package_identification:_identify(install) by extension 'ignore'
[0.194s] Level 1:colcon.colcon_core.package_identification:_identify(install) ignored
[0.195s] Level 1:colcon.colcon_core.package_identification:_identify(log) by extensions ['ignore', 'ignore_ament_install']
[0.195s] Level 1:colcon.colcon_core.package_identification:_identify(log) by extension 'ignore'
[0.195s] Level 1:colcon.colcon_core.package_identification:_identify(log) ignored
[0.195s] Level 1:colcon.colcon_core.package_identification:_identify(spirob_interfaces) by extensions ['ignore', 'ignore_ament_install']
[0.195s] Level 1:colcon.colcon_core.package_identification:_identify(spirob_interfaces) by extension 'ignore'
[0.195s] Level 1:colcon.colcon_core.package_identification:_identify(spirob_interfaces) by extension 'ignore_ament_install'
[0.195s] Level 1:colcon.colcon_core.package_identification:_identify(spirob_interfaces) by extensions ['colcon_pkg']
[0.195s] Level 1:colcon.colcon_core.package_identification:_identify(spirob_interfaces) by extension 'colcon_pkg'
[0.195s] Level 1:colcon.colcon_core.package_identification:_identify(spirob_interfaces) by extensions ['colcon_meta']
[0.195s] Level 1:colcon.colcon_core.package_identification:_identify(spirob_interfaces) by extension 'colcon_meta'
[0.195s] Level 1:colcon.colcon_core.package_identification:_identify(spirob_interfaces) by extensions ['ros']
[0.195s] Level 1:colcon.colcon_core.package_identification:_identify(spirob_interfaces) by extension 'ros'
[0.197s] DEBUG:colcon.colcon_core.package_identification:Package 'spirob_interfaces' with type 'ros.ament_cmake' and name 'spirob_interfaces'
[0.197s] Level 1:colcon.colcon_core.package_identification:_identify(spirob_ros) by extensions ['ignore', 'ignore_ament_install']
[0.197s] Level 1:colcon.colcon_core.package_identification:_identify(spirob_ros) by extension 'ignore'
[0.197s] Level 1:colcon.colcon_core.package_identification:_identify(spirob_ros) by extension 'ignore_ament_install'
[0.197s] Level 1:colcon.colcon_core.package_identification:_identify(spirob_ros) by extensions ['colcon_pkg']
[0.197s] Level 1:colcon.colcon_core.package_identification:_identify(spirob_ros) by extension 'colcon_pkg'
[0.197s] Level 1:colcon.colcon_core.package_identification:_identify(spirob_ros) by extensions ['colcon_meta']
[0.197s] Level 1:colcon.colcon_core.package_identification:_identify(spirob_ros) by extension 'colcon_meta'
[0.198s] Level 1:colcon.colcon_core.package_identification:_identify(spirob_ros) by extensions ['ros']
[0.198s] Level 1:colcon.colcon_core.package_identification:_identify(spirob_ros) by extension 'ros'
[0.198s] DEBUG:colcon.colcon_core.package_identification:Package 'spirob_ros' with type 'ros.ament_python' and name 'spirob_ros'
[0.198s] Level 1:colcon.colcon_core.package_discovery:discover_packages(recursive) using defaults
[0.198s] Level 1:colcon.colcon_core.package_discovery:discover_packages(ignore) discover
[0.198s] Level 1:colcon.colcon_core.package_discovery:discover_packages(ignore) using defaults
[0.198s] Level 1:colcon.colcon_core.package_discovery:discover_packages(path) discover
[0.198s] Level 1:colcon.colcon_core.package_discovery:discover_packages(path) using defaults
[0.217s] Level 5:colcon.colcon_core.verb:set package 'spirob_interfaces' build argument 'cmake_args' from command line to 'None'
[0.217s] Level 5:colcon.colcon_core.verb:set package 'spirob_interfaces' build argument 'cmake_target' from command line to 'None'
[0.217s] Level 5:colcon.colcon_core.verb:set package 'spirob_interfaces' build argument 'cmake_target_skip_unavailable' from command line to 'False'
[0.217s] Level 5:colcon.colcon_core.verb:set package 'spirob_interfaces' build argument 'cmake_clean_cache' from command line to 'False'
[0.217s] Level 5:colcon.colcon_core.verb:set package 'spirob_interfaces' build argument 'cmake_clean_first' from command line to 'False'
[0.217s] Level 5:colcon.colcon_core.verb:set package 'spirob_interfaces' build argument 'cmake_force_configure' from command line to 'False'
[0.217s] Level 5:colcon.colcon_core.verb:set package 'spirob_interfaces' build argument 'ament_cmake_args' from command line to 'None'
[0.217s] Level 5:colcon.colcon_core.verb:set package 'spirob_interfaces' build argument 'catkin_cmake_args' from command line to 'None'
[0.217s] Level 5:colcon.colcon_core.verb:set package 'spirob_interfaces' build argument 'catkin_skip_building_tests' from command line to 'False'
[0.217s] DEBUG:colcon.colcon_core.verb:Building package 'spirob_interfaces' with the following arguments: {'ament_cmake_args': None, 'build_base': '/home/zach/huy/tendon_clf/ros/build/spirob_interfaces', 'catkin_cmake_args': None, 'catkin_skip_building_tests': False, 'cmake_args': None, 'cmake_clean_cache': False, 'cmake_clean_first': False, 'cmake_force_configure': False, 'cmake_target': None, 'cmake_target_skip_unavailable': False, 'install_base': '/home/zach/huy/tendon_clf/ros/install/spirob_interfaces', 'merge_install': False, 'path': '/home/zach/huy/tendon_clf/ros/spirob_interfaces', 'symlink_install': True, 'test_result_base': None}
[0.217s] Level 5:colcon.colcon_core.verb:set package 'spirob_ros' build argument 'cmake_args' from command line to 'None'
[0.217s] Level 5:colcon.colcon_core.verb:set package 'spirob_ros' build argument 'cmake_target' from command line to 'None'
[0.217s] Level 5:colcon.colcon_core.verb:set package 'spirob_ros' build argument 'cmake_target_skip_unavailable' from command line to 'False'
[0.217s] Level 5:colcon.colcon_core.verb:set package 'spirob_ros' build argument 'cmake_clean_cache' from command line to 'False'
[0.217s] Level 5:colcon.colcon_core.verb:set package 'spirob_ros' build argument 'cmake_clean_first' from command line to 'False'
[0.218s] Level 5:colcon.colcon_core.verb:set package 'spirob_ros' build argument 'cmake_force_configure' from command line to 'False'
[0.218s] Level 5:colcon.colcon_core.verb:set package 'spirob_ros' build argument 'ament_cmake_args' from command line to 'None'
[0.218s] Level 5:colcon.colcon_core.verb:set package 'spirob_ros' build argument 'catkin_cmake_args' from command line to 'None'
[0.218s] Level 5:colcon.colcon_core.verb:set package 'spirob_ros' build argument 'catkin_skip_building_tests' from command line to 'False'
[0.218s] DEBUG:colcon.colcon_core.verb:Building package 'spirob_ros' with the following arguments: {'ament_cmake_args': None, 'build_base': '/home/zach/huy/tendon_clf/ros/build/spirob_ros', 'catkin_cmake_args': None, 'catkin_skip_building_tests': False, 'cmake_args': None, 'cmake_clean_cache': False, 'cmake_clean_first': False, 'cmake_force_configure': False, 'cmake_target': None, 'cmake_target_skip_unavailable': False, 'install_base': '/home/zach/huy/tendon_clf/ros/install/spirob_ros', 'merge_install': False, 'path': '/home/zach/huy/tendon_clf/ros/spirob_ros', 'symlink_install': True, 'test_result_base': None}
[0.218s] INFO:colcon.colcon_core.executor:Executing jobs using 'parallel' executor
[0.219s] DEBUG:colcon.colcon_parallel_executor.executor.parallel:run_until_complete
[0.219s] INFO:colcon.colcon_ros.task.ament_cmake.build:Building ROS package in '/home/zach/huy/tendon_clf/ros/spirob_interfaces' with build type 'ament_cmake'
[0.219s] INFO:colcon.colcon_cmake.task.cmake.build:Building CMake package in '/home/zach/huy/tendon_clf/ros/spirob_interfaces'
[0.221s] INFO:colcon.colcon_core.plugin_system:Skipping extension 'colcon_core.shell.bat': Not used on non-Windows systems
[0.222s] DEBUG:colcon.colcon_core.shell:Skip shell extension 'dsv' for command environment
[0.235s] DEBUG:colcon.colcon_core.event_handler.log_command:Invoking command in '/home/zach/huy/tendon_clf/ros/build/spirob_interfaces': CMAKE_PREFIX_PATH=${CMAKE_PREFIX_PATH}:/home/zach/drl-turtle/ros2_ws/install/turtle_rl:/home/zach/drl-turtle/ros2_ws/install/turtle_hardware:/home/zach/drl-turtle/ros2_ws/install/opencv_tests:/opt/ros/jazzy DEBUGINFOD_URLS=https://debuginfod.ubuntu.com /usr/bin/cmake /home/zach/huy/tendon_clf/ros/spirob_interfaces -DAMENT_CMAKE_SYMLINK_INSTALL=1 -DCMAKE_INSTALL_PREFIX=/home/zach/huy/tendon_clf/ros/install/spirob_interfaces
[4.891s] DEBUG:colcon.colcon_core.event_handler.log_command:Invoked command in '/home/zach/huy/tendon_clf/ros/build/spirob_interfaces' returned '0': CMAKE_PREFIX_PATH=${CMAKE_PREFIX_PATH}:/home/zach/drl-turtle/ros2_ws/install/turtle_rl:/home/zach/drl-turtle/ros2_ws/install/turtle_hardware:/home/zach/drl-turtle/ros2_ws/install/opencv_tests:/opt/ros/jazzy DEBUGINFOD_URLS=https://debuginfod.ubuntu.com /usr/bin/cmake /home/zach/huy/tendon_clf/ros/spirob_interfaces -DAMENT_CMAKE_SYMLINK_INSTALL=1 -DCMAKE_INSTALL_PREFIX=/home/zach/huy/tendon_clf/ros/install/spirob_interfaces
[4.891s] DEBUG:colcon.colcon_core.event_handler.log_command:Invoking command in '/home/zach/huy/tendon_clf/ros/build/spirob_interfaces': CMAKE_PREFIX_PATH=${CMAKE_PREFIX_PATH}:/home/zach/drl-turtle/ros2_ws/install/turtle_rl:/home/zach/drl-turtle/ros2_ws/install/turtle_hardware:/home/zach/drl-turtle/ros2_ws/install/opencv_tests:/opt/ros/jazzy DEBUGINFOD_URLS=https://debuginfod.ubuntu.com /usr/bin/cmake --build /home/zach/huy/tendon_clf/ros/build/spirob_interfaces -- -j16 -l16
[8.981s] DEBUG:colcon.colcon_core.event_handler.log_command:Invoked command in '/home/zach/huy/tendon_clf/ros/build/spirob_interfaces' returned '0': CMAKE_PREFIX_PATH=${CMAKE_PREFIX_PATH}:/home/zach/drl-turtle/ros2_ws/install/turtle_rl:/home/zach/drl-turtle/ros2_ws/install/turtle_hardware:/home/zach/drl-turtle/ros2_ws/install/opencv_tests:/opt/ros/jazzy DEBUGINFOD_URLS=https://debuginfod.ubuntu.com /usr/bin/cmake --build /home/zach/huy/tendon_clf/ros/build/spirob_interfaces -- -j16 -l16
[8.994s] DEBUG:colcon.colcon_core.event_handler.log_command:Invoking command in '/home/zach/huy/tendon_clf/ros/build/spirob_interfaces': CMAKE_PREFIX_PATH=${CMAKE_PREFIX_PATH}:/home/zach/drl-turtle/ros2_ws/install/turtle_rl:/home/zach/drl-turtle/ros2_ws/install/turtle_hardware:/home/zach/drl-turtle/ros2_ws/install/opencv_tests:/opt/ros/jazzy DEBUGINFOD_URLS=https://debuginfod.ubuntu.com /usr/bin/cmake --install /home/zach/huy/tendon_clf/ros/build/spirob_interfaces
[10.187s] Level 1:colcon.colcon_core.environment:create_environment_scripts_only(spirob_interfaces)
[10.189s] DEBUG:colcon.colcon_core.event_handler.log_command:Invoked command in '/home/zach/huy/tendon_clf/ros/build/spirob_interfaces' returned '0': CMAKE_PREFIX_PATH=${CMAKE_PREFIX_PATH}:/home/zach/drl-turtle/ros2_ws/install/turtle_rl:/home/zach/drl-turtle/ros2_ws/install/turtle_hardware:/home/zach/drl-turtle/ros2_ws/install/opencv_tests:/opt/ros/jazzy DEBUGINFOD_URLS=https://debuginfod.ubuntu.com /usr/bin/cmake --install /home/zach/huy/tendon_clf/ros/build/spirob_interfaces
[10.192s] Level 1:colcon.colcon_core.environment:checking '/home/zach/huy/tendon_clf/ros/install/spirob_interfaces' for CMake module files
[10.194s] Level 1:colcon.colcon_core.environment:checking '/home/zach/huy/tendon_clf/ros/install/spirob_interfaces' for CMake config files
[10.194s] Level 1:colcon.colcon_core.shell:create_environment_hook('spirob_interfaces', 'cmake_prefix_path')
[10.195s] INFO:colcon.colcon_core.shell:Creating environment descriptor '/home/zach/huy/tendon_clf/ros/install/spirob_interfaces/share/spirob_interfaces/hook/cmake_prefix_path.dsv'
[10.195s] INFO:colcon.colcon_core.shell:Creating environment hook '/home/zach/huy/tendon_clf/ros/install/spirob_interfaces/share/spirob_interfaces/hook/cmake_prefix_path.sh'
[10.197s] Level 1:colcon.colcon_core.environment:checking '/home/zach/huy/tendon_clf/ros/install/spirob_interfaces/lib'
[10.197s] Level 1:colcon.colcon_core.shell:create_environment_hook('spirob_interfaces', 'ld_library_path_lib')
[10.197s] INFO:colcon.colcon_core.shell:Creating environment descriptor '/home/zach/huy/tendon_clf/ros/install/spirob_interfaces/share/spirob_interfaces/hook/ld_library_path_lib.dsv'
[10.198s] INFO:colcon.colcon_core.shell:Creating environment hook '/home/zach/huy/tendon_clf/ros/install/spirob_interfaces/share/spirob_interfaces/hook/ld_library_path_lib.sh'
[10.198s] Level 1:colcon.colcon_core.environment:checking '/home/zach/huy/tendon_clf/ros/install/spirob_interfaces/bin'
[10.199s] Level 1:colcon.colcon_core.environment:checking '/home/zach/huy/tendon_clf/ros/install/spirob_interfaces/lib/pkgconfig/spirob_interfaces.pc'
[10.202s] Level 1:colcon.colcon_core.environment:checking '/home/zach/huy/tendon_clf/ros/install/spirob_interfaces/lib/python3.12/site-packages'
[10.203s] Level 1:colcon.colcon_core.shell:create_environment_hook('spirob_interfaces', 'pythonpath')
[10.203s] INFO:colcon.colcon_core.shell:Creating environment descriptor '/home/zach/huy/tendon_clf/ros/install/spirob_interfaces/share/spirob_interfaces/hook/pythonpath.dsv'
[10.203s] INFO:colcon.colcon_core.shell:Creating environment hook '/home/zach/huy/tendon_clf/ros/install/spirob_interfaces/share/spirob_interfaces/hook/pythonpath.sh'
[10.204s] Level 1:colcon.colcon_core.environment:checking '/home/zach/huy/tendon_clf/ros/install/spirob_interfaces/bin'
[10.205s] INFO:colcon.colcon_core.shell:Creating package descriptor '/home/zach/huy/tendon_clf/ros/install/spirob_interfaces/share/spirob_interfaces/package.dsv'
[10.206s] INFO:colcon.colcon_core.shell:Creating package script '/home/zach/huy/tendon_clf/ros/install/spirob_interfaces/share/spirob_interfaces/package.sh'
[10.207s] INFO:colcon.colcon_core.shell:Creating package script '/home/zach/huy/tendon_clf/ros/install/spirob_interfaces/share/spirob_interfaces/package.bash'
[10.208s] INFO:colcon.colcon_core.shell:Creating package script '/home/zach/huy/tendon_clf/ros/install/spirob_interfaces/share/spirob_interfaces/package.zsh'
[10.209s] Level 1:colcon.colcon_core.environment:create_file_with_runtime_dependencies(/home/zach/huy/tendon_clf/ros/install/spirob_interfaces/share/colcon-core/packages/spirob_interfaces)
[10.210s] Level 1:colcon.colcon_core.environment:create_environment_scripts_only(spirob_interfaces)
[10.210s] Level 1:colcon.colcon_core.environment:checking '/home/zach/huy/tendon_clf/ros/install/spirob_interfaces' for CMake module files
[10.211s] Level 1:colcon.colcon_core.environment:checking '/home/zach/huy/tendon_clf/ros/install/spirob_interfaces' for CMake config files
[10.212s] Level 1:colcon.colcon_core.shell:create_environment_hook('spirob_interfaces', 'cmake_prefix_path')
[10.212s] INFO:colcon.colcon_core.shell:Creating environment descriptor '/home/zach/huy/tendon_clf/ros/install/spirob_interfaces/share/spirob_interfaces/hook/cmake_prefix_path.dsv'
[10.213s] INFO:colcon.colcon_core.shell:Creating environment hook '/home/zach/huy/tendon_clf/ros/install/spirob_interfaces/share/spirob_interfaces/hook/cmake_prefix_path.sh'
[10.213s] Level 1:colcon.colcon_core.environment:checking '/home/zach/huy/tendon_clf/ros/install/spirob_interfaces/lib'
[10.214s] Level 1:colcon.colcon_core.shell:create_environment_hook('spirob_interfaces', 'ld_library_path_lib')
[10.214s] INFO:colcon.colcon_core.shell:Creating environment descriptor '/home/zach/huy/tendon_clf/ros/install/spirob_interfaces/share/spirob_interfaces/hook/ld_library_path_lib.dsv'
[10.214s] INFO:colcon.colcon_core.shell:Creating environment hook '/home/zach/huy/tendon_clf/ros/install/spirob_interfaces/share/spirob_interfaces/hook/ld_library_path_lib.sh'
[10.215s] Level 1:colcon.colcon_core.environment:checking '/home/zach/huy/tendon_clf/ros/install/spirob_interfaces/bin'
[10.215s] Level 1:colcon.colcon_core.environment:checking '/home/zach/huy/tendon_clf/ros/install/spirob_interfaces/lib/pkgconfig/spirob_interfaces.pc'
[10.215s] Level 1:colcon.colcon_core.environment:checking '/home/zach/huy/tendon_clf/ros/install/spirob_interfaces/lib/python3.12/site-packages'
[10.215s] Level 1:colcon.colcon_core.shell:create_environment_hook('spirob_interfaces', 'pythonpath')
[10.215s] INFO:colcon.colcon_core.shell:Creating environment descriptor '/home/zach/huy/tendon_clf/ros/install/spirob_interfaces/share/spirob_interfaces/hook/pythonpath.dsv'
[10.216s] INFO:colcon.colcon_core.shell:Creating environment hook '/home/zach/huy/tendon_clf/ros/install/spirob_interfaces/share/spirob_interfaces/hook/pythonpath.sh'
[10.217s] Level 1:colcon.colcon_core.environment:checking '/home/zach/huy/tendon_clf/ros/install/spirob_interfaces/bin'
[10.217s] INFO:colcon.colcon_core.shell:Creating package descriptor '/home/zach/huy/tendon_clf/ros/install/spirob_interfaces/share/spirob_interfaces/package.dsv'
[10.217s] INFO:colcon.colcon_core.shell:Creating package script '/home/zach/huy/tendon_clf/ros/install/spirob_interfaces/share/spirob_interfaces/package.sh'
[10.218s] INFO:colcon.colcon_core.shell:Creating package script '/home/zach/huy/tendon_clf/ros/install/spirob_interfaces/share/spirob_interfaces/package.bash'
[10.219s] INFO:colcon.colcon_core.shell:Creating package script '/home/zach/huy/tendon_clf/ros/install/spirob_interfaces/share/spirob_interfaces/package.zsh'
[10.219s] Level 1:colcon.colcon_core.environment:create_file_with_runtime_dependencies(/home/zach/huy/tendon_clf/ros/install/spirob_interfaces/share/colcon-core/packages/spirob_interfaces)
[10.219s] INFO:colcon.colcon_ros.task.ament_python.build:Building ROS package in '/home/zach/huy/tendon_clf/ros/spirob_ros' with build type 'ament_python'
[10.220s] Level 1:colcon.colcon_core.shell:create_environment_hook('spirob_ros', 'ament_prefix_path')
[10.220s] INFO:colcon.colcon_core.shell:Creating environment descriptor '/home/zach/huy/tendon_clf/ros/install/spirob_ros/share/spirob_ros/hook/ament_prefix_path.dsv'
[10.221s] INFO:colcon.colcon_core.shell:Creating environment hook '/home/zach/huy/tendon_clf/ros/install/spirob_ros/share/spirob_ros/hook/ament_prefix_path.sh'
[10.222s] DEBUG:colcon.colcon_core.shell:Skip shell extension 'dsv' for command environment
[10.427s] INFO:colcon.colcon_core.task.python.build:Building Python package in '/home/zach/huy/tendon_clf/ros/spirob_ros'
[10.427s] DEBUG:colcon.colcon_core.shell:Skip shell extension 'dsv' for command environment
[11.127s] DEBUG:colcon.colcon_core.event_handler.log_command:Invoking command in '/home/zach/huy/tendon_clf/ros/build/spirob_ros': AMENT_PREFIX_PATH=/home/zach/huy/tendon_clf/ros/install/spirob_interfaces:${AMENT_PREFIX_PATH} CMAKE_PREFIX_PATH=/home/zach/huy/tendon_clf/ros/install/spirob_interfaces:${CMAKE_PREFIX_PATH} DEBUGINFOD_URLS=https://debuginfod.ubuntu.com LD_LIBRARY_PATH=/home/zach/huy/tendon_clf/ros/install/spirob_interfaces/lib:${LD_LIBRARY_PATH} PYTHONPATH=/home/zach/huy/tendon_clf/ros/build/spirob_ros/prefix_override:/usr/lib/python3/dist-packages/colcon_core/task/python/colcon_distutils_commands:/home/zach/huy/tendon_clf/ros/install/spirob_ros/lib/python3.12/site-packages:/home/zach/huy/tendon_clf/ros/install/spirob_interfaces/lib/python3.12/site-packages:${PYTHONPATH} /usr/bin/python3 -W ignore:setup.py install is deprecated -W ignore:easy_install command is deprecated setup.py develop --editable --build-directory /home/zach/huy/tendon_clf/ros/build/spirob_ros/build --no-deps symlink_data
[11.758s] Level 1:colcon.colcon_core.shell:create_environment_hook('spirob_ros', 'pythonpath_develop')
[11.758s] INFO:colcon.colcon_core.shell:Creating environment descriptor '/home/zach/huy/tendon_clf/ros/build/spirob_ros/share/spirob_ros/hook/pythonpath_develop.dsv'
[11.759s] DEBUG:colcon.colcon_core.event_handler.log_command:Invoked command in '/home/zach/huy/tendon_clf/ros/build/spirob_ros' returned '0': AMENT_PREFIX_PATH=/home/zach/huy/tendon_clf/ros/install/spirob_interfaces:${AMENT_PREFIX_PATH} CMAKE_PREFIX_PATH=/home/zach/huy/tendon_clf/ros/install/spirob_interfaces:${CMAKE_PREFIX_PATH} DEBUGINFOD_URLS=https://debuginfod.ubuntu.com LD_LIBRARY_PATH=/home/zach/huy/tendon_clf/ros/install/spirob_interfaces/lib:${LD_LIBRARY_PATH} PYTHONPATH=/home/zach/huy/tendon_clf/ros/build/spirob_ros/prefix_override:/usr/lib/python3/dist-packages/colcon_core/task/python/colcon_distutils_commands:/home/zach/huy/tendon_clf/ros/install/spirob_ros/lib/python3.12/site-packages:/home/zach/huy/tendon_clf/ros/install/spirob_interfaces/lib/python3.12/site-packages:${PYTHONPATH} /usr/bin/python3 -W ignore:setup.py install is deprecated -W ignore:easy_install command is deprecated setup.py develop --editable --build-directory /home/zach/huy/tendon_clf/ros/build/spirob_ros/build --no-deps symlink_data
[11.759s] INFO:colcon.colcon_core.shell:Creating environment hook '/home/zach/huy/tendon_clf/ros/build/spirob_ros/share/spirob_ros/hook/pythonpath_develop.sh'
[11.760s] Level 1:colcon.colcon_core.environment:checking '/home/zach/huy/tendon_clf/ros/install/spirob_ros' for CMake module files
[11.760s] Level 1:colcon.colcon_core.environment:checking '/home/zach/huy/tendon_clf/ros/install/spirob_ros' for CMake config files
[11.761s] Level 1:colcon.colcon_core.environment:checking '/home/zach/huy/tendon_clf/ros/install/spirob_ros/lib'
[11.761s] Level 1:colcon.colcon_core.environment:checking '/home/zach/huy/tendon_clf/ros/install/spirob_ros/bin'
[11.761s] Level 1:colcon.colcon_core.environment:checking '/home/zach/huy/tendon_clf/ros/install/spirob_ros/lib/pkgconfig/spirob_ros.pc'
[11.761s] Level 1:colcon.colcon_core.environment:checking '/home/zach/huy/tendon_clf/ros/install/spirob_ros/lib/python3.12/site-packages'
[11.761s] Level 1:colcon.colcon_core.shell:create_environment_hook('spirob_ros', 'pythonpath')
[11.761s] INFO:colcon.colcon_core.shell:Creating environment descriptor '/home/zach/huy/tendon_clf/ros/install/spirob_ros/share/spirob_ros/hook/pythonpath.dsv'
[11.762s] INFO:colcon.colcon_core.shell:Creating environment hook '/home/zach/huy/tendon_clf/ros/install/spirob_ros/share/spirob_ros/hook/pythonpath.sh'
[11.762s] Level 1:colcon.colcon_core.environment:checking '/home/zach/huy/tendon_clf/ros/install/spirob_ros/bin'
[11.762s] Level 1:colcon.colcon_core.environment:create_environment_scripts_only(spirob_ros)
[11.762s] INFO:colcon.colcon_core.shell:Creating package descriptor '/home/zach/huy/tendon_clf/ros/install/spirob_ros/share/spirob_ros/package.dsv'
[11.763s] INFO:colcon.colcon_core.shell:Creating package script '/home/zach/huy/tendon_clf/ros/install/spirob_ros/share/spirob_ros/package.sh'
[11.763s] INFO:colcon.colcon_core.shell:Creating package script '/home/zach/huy/tendon_clf/ros/install/spirob_ros/share/spirob_ros/package.bash'
[11.764s] INFO:colcon.colcon_core.shell:Creating package script '/home/zach/huy/tendon_clf/ros/install/spirob_ros/share/spirob_ros/package.zsh'
[11.764s] Level 1:colcon.colcon_core.environment:create_file_with_runtime_dependencies(/home/zach/huy/tendon_clf/ros/install/spirob_ros/share/colcon-core/packages/spirob_ros)
[11.764s] DEBUG:colcon.colcon_parallel_executor.executor.parallel:closing loop
[11.765s] DEBUG:colcon.colcon_parallel_executor.executor.parallel:loop closed
[11.765s] DEBUG:colcon.colcon_parallel_executor.executor.parallel:run_until_complete finished with '0'
[11.765s] DEBUG:colcon.colcon_core.event_reactor:joining thread
[11.772s] INFO:colcon.colcon_core.plugin_system:Skipping extension 'colcon_notification.desktop_notification.terminal_notifier': Not used on non-Darwin systems
[11.772s] INFO:colcon.colcon_core.plugin_system:Skipping extension 'colcon_notification.desktop_notification.win32': Not used on non-Windows systems
[11.772s] INFO:colcon.colcon_notification.desktop_notification:Sending desktop notification using 'notify2'
[11.793s] DEBUG:colcon.colcon_core.event_reactor:joined thread
[11.793s] INFO:colcon.colcon_core.shell:Creating prefix script '/home/zach/huy/tendon_clf/ros/install/local_setup.sh'
[11.795s] INFO:colcon.colcon_core.shell:Creating prefix util module '/home/zach/huy/tendon_clf/ros/install/_local_setup_util_sh.py'
[11.797s] INFO:colcon.colcon_core.shell:Creating prefix chain script '/home/zach/huy/tendon_clf/ros/install/setup.sh'
[11.800s] INFO:colcon.colcon_core.shell:Creating prefix script '/home/zach/huy/tendon_clf/ros/install/local_setup.bash'
[11.801s] INFO:colcon.colcon_core.shell:Creating prefix chain script '/home/zach/huy/tendon_clf/ros/install/setup.bash'
[11.803s] INFO:colcon.colcon_core.shell:Creating prefix script '/home/zach/huy/tendon_clf/ros/install/local_setup.zsh'
[11.805s] INFO:colcon.colcon_core.shell:Creating prefix chain script '/home/zach/huy/tendon_clf/ros/install/setup.zsh'
