[0.079s] DEBUG:colcon:Command line arguments: ['/usr/bin/colcon', 'build', '--symlink-install']
[0.079s] DEBUG:colcon:Parsed command line arguments: Namespace(log_base=None, log_level=None, verb_name='build', build_base='build', install_base='install', merge_install=False, symlink_install=True, test_result_base=None, continue_on_error=False, executor='parallel', parallel_workers=16, event_handlers=None, ignore_user_meta=False, metas=['./colcon.meta'], base_paths=['.'], packages_ignore=None, packages_ignore_regex=None, paths=None, packages_up_to=None, packages_up_to_regex=None, packages_above=None, packages_above_and_dependencies=None, packages_above_depth=None, packages_select_by_dep=None, packages_skip_by_dep=None, packages_skip_up_to=None, packages_select_build_failed=False, packages_skip_build_finished=False, packages_select_test_failures=False, packages_skip_test_passed=False, packages_select=None, packages_skip=None, packages_select_regex=None, packages_skip_regex=None, packages_start=None, packages_end=None, cmake_args=None, cmake_target=None, cmake_target_skip_unavailable=False, cmake_clean_cache=False, cmake_clean_first=False, cmake_force_configure=False, ament_cmake_args=None, catkin_cmake_args=None, catkin_skip_building_tests=False, verb_parser=<colcon_defaults.argument_parser.defaults.DefaultArgumentsDecorator object at 0x706fe126b380>, verb_extension=<colcon_core.verb.build.BuildVerb object at 0x706fe126b320>, main=<bound method BuildVerb.main of <colcon_core.verb.build.BuildVerb object at 0x706fe126b320>>)
[0.106s] Level 1:colcon.colcon_core.package_discovery:discover_packages(colcon_meta) check parameters
[0.106s] Level 1:colcon.colcon_core.package_discovery:discover_packages(recursive) check parameters
[0.106s] Level 1:colcon.colcon_core.package_discovery:discover_packages(ignore) check parameters
[0.106s] Level 1:colcon.colcon_core.package_discovery:discover_packages(path) check parameters
[0.106s] Level 1:colcon.colcon_core.package_discovery:discover_packages(colcon_meta) discover
[0.106s] Level 1:colcon.colcon_core.package_discovery:discover_packages(recursive) discover
[0.106s] INFO:colcon.colcon_core.package_discovery:Crawling recursively for packages in '/home/zach/huy/tendon_clf/ros'
[0.106s] Level 1:colcon.colcon_core.package_identification:_identify(.) by extensions ['ignore', 'ignore_ament_install']
[0.106s] Level 1:colcon.colcon_core.package_identification:_identify(.) by extension 'ignore'
[0.106s] Level 1:colcon.colcon_core.package_identification:_identify(.) by extension 'ignore_ament_install'
[0.106s] Level 1:colcon.colcon_core.package_identification:_identify(.) by extensions ['colcon_pkg']
[0.106s] Level 1:colcon.colcon_core.package_identification:_identify(.) by extension 'colcon_pkg'
[0.106s] Level 1:colcon.colcon_core.package_identification:_identify(.) by extensions ['colcon_meta']
[0.106s] Level 1:colcon.colcon_core.package_identification:_identify(.) by extension 'colcon_meta'
[0.106s] Level 1:colcon.colcon_core.package_identification:_identify(.) by extensions ['ros']
[0.106s] Level 1:colcon.colcon_core.package_identification:_identify(.) by extension 'ros'
[0.123s] Level 1:colcon.colcon_core.package_identification:_identify(.) by extensions ['cmake', 'python']
[0.123s] Level 1:colcon.colcon_core.package_identification:_identify(.) by extension 'cmake'
[0.123s] Level 1:colcon.colcon_core.package_identification:_identify(.) by extension 'python'
[0.123s] Level 1:colcon.colcon_core.package_identification:_identify(.) by extensions ['python_setup_py']
[0.123s] Level 1:colcon.colcon_core.package_identification:_identify(.) by extension 'python_setup_py'
[0.123s] Level 1:colcon.colcon_core.package_identification:_identify(build) by extensions ['ignore', 'ignore_ament_install']
[0.123s] Level 1:colcon.colcon_core.package_identification:_identify(build) by extension 'ignore'
[0.123s] Level 1:colcon.colcon_core.package_identification:_identify(build) ignored
[0.123s] Level 1:colcon.colcon_core.package_identification:_identify(install) by extensions ['ignore', 'ignore_ament_install']
[0.123s] Level 1:colcon.colcon_core.package_identification:_identify(install) by extension 'ignore'
[0.123s] Level 1:colcon.colcon_core.package_identification:_identify(install) ignored
[0.123s] Level 1:colcon.colcon_core.package_identification:_identify(log) by extensions ['ignore', 'ignore_ament_install']
[0.123s] Level 1:colcon.colcon_core.package_identification:_identify(log) by extension 'ignore'
[0.123s] Level 1:colcon.colcon_core.package_identification:_identify(log) ignored
[0.123s] Level 1:colcon.colcon_core.package_identification:_identify(spirob_interfaces) by extensions ['ignore', 'ignore_ament_install']
[0.123s] Level 1:colcon.colcon_core.package_identification:_identify(spirob_interfaces) by extension 'ignore'
[0.123s] Level 1:colcon.colcon_core.package_identification:_identify(spirob_interfaces) by extension 'ignore_ament_install'
[0.123s] Level 1:colcon.colcon_core.package_identification:_identify(spirob_interfaces) by extensions ['colcon_pkg']
[0.123s] Level 1:colcon.colcon_core.package_identification:_identify(spirob_interfaces) by extension 'colcon_pkg'
[0.123s] Level 1:colcon.colcon_core.package_identification:_identify(spirob_interfaces) by extensions ['colcon_meta']
[0.124s] Level 1:colcon.colcon_core.package_identification:_identify(spirob_interfaces) by extension 'colcon_meta'
[0.124s] Level 1:colcon.colcon_core.package_identification:_identify(spirob_interfaces) by extensions ['ros']
[0.124s] Level 1:colcon.colcon_core.package_identification:_identify(spirob_interfaces) by extension 'ros'
[0.125s] DEBUG:colcon.colcon_core.package_identification:Package 'spirob_interfaces' with type 'ros.ament_cmake' and name 'spirob_interfaces'
[0.125s] Level 1:colcon.colcon_core.package_identification:_identify(spirob_ros) by extensions ['ignore', 'ignore_ament_install']
[0.125s] Level 1:colcon.colcon_core.package_identification:_identify(spirob_ros) by extension 'ignore'
[0.125s] Level 1:colcon.colcon_core.package_identification:_identify(spirob_ros) by extension 'ignore_ament_install'
[0.125s] Level 1:colcon.colcon_core.package_identification:_identify(spirob_ros) by extensions ['colcon_pkg']
[0.125s] Level 1:colcon.colcon_core.package_identification:_identify(spirob_ros) by extension 'colcon_pkg'
[0.125s] Level 1:colcon.colcon_core.package_identification:_identify(spirob_ros) by extensions ['colcon_meta']
[0.125s] Level 1:colcon.colcon_core.package_identification:_identify(spirob_ros) by extension 'colcon_meta'
[0.125s] Level 1:colcon.colcon_core.package_identification:_identify(spirob_ros) by extensions ['ros']
[0.125s] Level 1:colcon.colcon_core.package_identification:_identify(spirob_ros) by extension 'ros'
[0.126s] DEBUG:colcon.colcon_core.package_identification:Package 'spirob_ros' with type 'ros.ament_python' and name 'spirob_ros'
[0.126s] Level 1:colcon.colcon_core.package_discovery:discover_packages(recursive) using defaults
[0.126s] Level 1:colcon.colcon_core.package_discovery:discover_packages(ignore) discover
[0.126s] Level 1:colcon.colcon_core.package_discovery:discover_packages(ignore) using defaults
[0.126s] Level 1:colcon.colcon_core.package_discovery:discover_packages(path) discover
[0.126s] Level 1:colcon.colcon_core.package_discovery:discover_packages(path) using defaults
[0.138s] Level 5:colcon.colcon_core.verb:set package 'spirob_interfaces' build argument 'cmake_args' from command line to 'None'
[0.138s] Level 5:colcon.colcon_core.verb:set package 'spirob_interfaces' build argument 'cmake_target' from command line to 'None'
[0.138s] Level 5:colcon.colcon_core.verb:set package 'spirob_interfaces' build argument 'cmake_target_skip_unavailable' from command line to 'False'
[0.138s] Level 5:colcon.colcon_core.verb:set package 'spirob_interfaces' build argument 'cmake_clean_cache' from command line to 'False'
[0.138s] Level 5:colcon.colcon_core.verb:set package 'spirob_interfaces' build argument 'cmake_clean_first' from command line to 'False'
[0.138s] Level 5:colcon.colcon_core.verb:set package 'spirob_interfaces' build argument 'cmake_force_configure' from command line to 'False'
[0.138s] Level 5:colcon.colcon_core.verb:set package 'spirob_interfaces' build argument 'ament_cmake_args' from command line to 'None'
[0.138s] Level 5:colcon.colcon_core.verb:set package 'spirob_interfaces' build argument 'catkin_cmake_args' from command line to 'None'
[0.138s] Level 5:colcon.colcon_core.verb:set package 'spirob_interfaces' build argument 'catkin_skip_building_tests' from command line to 'False'
[0.138s] DEBUG:colcon.colcon_core.verb:Building package 'spirob_interfaces' with the following arguments: {'ament_cmake_args': None, 'build_base': '/home/zach/huy/tendon_clf/ros/build/spirob_interfaces', 'catkin_cmake_args': None, 'catkin_skip_building_tests': False, 'cmake_args': None, 'cmake_clean_cache': False, 'cmake_clean_first': False, 'cmake_force_configure': False, 'cmake_target': None, 'cmake_target_skip_unavailable': False, 'install_base': '/home/zach/huy/tendon_clf/ros/install/spirob_interfaces', 'merge_install': False, 'path': '/home/zach/huy/tendon_clf/ros/spirob_interfaces', 'symlink_install': True, 'test_result_base': None}
[0.138s] Level 5:colcon.colcon_core.verb:set package 'spirob_ros' build argument 'cmake_args' from command line to 'None'
[0.138s] Level 5:colcon.colcon_core.verb:set package 'spirob_ros' build argument 'cmake_target' from command line to 'None'
[0.138s] Level 5:colcon.colcon_core.verb:set package 'spirob_ros' build argument 'cmake_target_skip_unavailable' from command line to 'False'
[0.138s] Level 5:colcon.colcon_core.verb:set package 'spirob_ros' build argument 'cmake_clean_cache' from command line to 'False'
[0.138s] Level 5:colcon.colcon_core.verb:set package 'spirob_ros' build argument 'cmake_clean_first' from command line to 'False'
[0.138s] Level 5:colcon.colcon_core.verb:set package 'spirob_ros' build argument 'cmake_force_configure' from command line to 'False'
[0.138s] Level 5:colcon.colcon_core.verb:set package 'spirob_ros' build argument 'ament_cmake_args' from command line to 'None'
[0.138s] Level 5:colcon.colcon_core.verb:set package 'spirob_ros' build argument 'catkin_cmake_args' from command line to 'None'
[0.138s] Level 5:colcon.colcon_core.verb:set package 'spirob_ros' build argument 'catkin_skip_building_tests' from command line to 'False'
[0.138s] DEBUG:colcon.colcon_core.verb:Building package 'spirob_ros' with the following arguments: {'ament_cmake_args': None, 'build_base': '/home/zach/huy/tendon_clf/ros/build/spirob_ros', 'catkin_cmake_args': None, 'catkin_skip_building_tests': False, 'cmake_args': None, 'cmake_clean_cache': False, 'cmake_clean_first': False, 'cmake_force_configure': False, 'cmake_target': None, 'cmake_target_skip_unavailable': False, 'install_base': '/home/zach/huy/tendon_clf/ros/install/spirob_ros', 'merge_install': False, 'path': '/home/zach/huy/tendon_clf/ros/spirob_ros', 'symlink_install': True, 'test_result_base': None}
[0.138s] INFO:colcon.colcon_core.executor:Executing jobs using 'parallel' executor
[0.139s] DEBUG:colcon.colcon_parallel_executor.executor.parallel:run_until_complete
[0.139s] INFO:colcon.colcon_ros.task.ament_cmake.build:Building ROS package in '/home/zach/huy/tendon_clf/ros/spirob_interfaces' with build type 'ament_cmake'
[0.139s] INFO:colcon.colcon_cmake.task.cmake.build:Building CMake package in '/home/zach/huy/tendon_clf/ros/spirob_interfaces'
[0.141s] INFO:colcon.colcon_core.plugin_system:Skipping extension 'colcon_core.shell.bat': Not used on non-Windows systems
[0.141s] DEBUG:colcon.colcon_core.shell:Skip shell extension 'dsv' for command environment
[0.152s] DEBUG:colcon.colcon_core.event_handler.log_command:Invoking command in '/home/zach/huy/tendon_clf/ros/build/spirob_interfaces': CMAKE_PREFIX_PATH=${CMAKE_PREFIX_PATH}:/home/zach/huy/tendon_clf/ros/install/spirob_ros:/home/zach/drl-turtle/ros2_ws/install/turtle_rl:/home/zach/drl-turtle/ros2_ws/install/turtle_hardware:/home/zach/drl-turtle/ros2_ws/install/opencv_tests:/opt/ros/jazzy CONDA_PROMPT_MODIFIER=(nonlinear) DEBUGINFOD_URLS=https://debuginfod.ubuntu.com /usr/bin/cmake --build /home/zach/huy/tendon_clf/ros/build/spirob_interfaces -- -j16 -l16
[1.933s] DEBUG:colcon.colcon_core.event_handler.log_command:Invoked command in '/home/zach/huy/tendon_clf/ros/build/spirob_interfaces' returned '0': CMAKE_PREFIX_PATH=${CMAKE_PREFIX_PATH}:/home/zach/huy/tendon_clf/ros/install/spirob_ros:/home/zach/drl-turtle/ros2_ws/install/turtle_rl:/home/zach/drl-turtle/ros2_ws/install/turtle_hardware:/home/zach/drl-turtle/ros2_ws/install/opencv_tests:/opt/ros/jazzy CONDA_PROMPT_MODIFIER=(nonlinear) DEBUGINFOD_URLS=https://debuginfod.ubuntu.com /usr/bin/cmake --build /home/zach/huy/tendon_clf/ros/build/spirob_interfaces -- -j16 -l16
[1.948s] DEBUG:colcon.colcon_core.event_handler.log_command:Invoking command in '/home/zach/huy/tendon_clf/ros/build/spirob_interfaces': CMAKE_PREFIX_PATH=${CMAKE_PREFIX_PATH}:/home/zach/huy/tendon_clf/ros/install/spirob_ros:/home/zach/drl-turtle/ros2_ws/install/turtle_rl:/home/zach/drl-turtle/ros2_ws/install/turtle_hardware:/home/zach/drl-turtle/ros2_ws/install/opencv_tests:/opt/ros/jazzy CONDA_PROMPT_MODIFIER=(nonlinear) DEBUGINFOD_URLS=https://debuginfod.ubuntu.com /usr/bin/cmake --install /home/zach/huy/tendon_clf/ros/build/spirob_interfaces
[2.092s] Level 1:colcon.colcon_core.environment:create_environment_scripts_only(spirob_interfaces)
[2.093s] DEBUG:colcon.colcon_core.event_handler.log_command:Invoked command in '/home/zach/huy/tendon_clf/ros/build/spirob_interfaces' returned '0': CMAKE_PREFIX_PATH=${CMAKE_PREFIX_PATH}:/home/zach/huy/tendon_clf/ros/install/spirob_ros:/home/zach/drl-turtle/ros2_ws/install/turtle_rl:/home/zach/drl-turtle/ros2_ws/install/turtle_hardware:/home/zach/drl-turtle/ros2_ws/install/opencv_tests:/opt/ros/jazzy CONDA_PROMPT_MODIFIER=(nonlinear) DEBUGINFOD_URLS=https://debuginfod.ubuntu.com /usr/bin/cmake --install /home/zach/huy/tendon_clf/ros/build/spirob_interfaces
[2.095s] Level 1:colcon.colcon_core.environment:checking '/home/zach/huy/tendon_clf/ros/install/spirob_interfaces' for CMake module files
[2.096s] Level 1:colcon.colcon_core.environment:checking '/home/zach/huy/tendon_clf/ros/install/spirob_interfaces' for CMake config files
[2.096s] Level 1:colcon.colcon_core.shell:create_environment_hook('spirob_interfaces', 'cmake_prefix_path')
[2.096s] INFO:colcon.colcon_core.shell:Creating environment descriptor '/home/zach/huy/tendon_clf/ros/install/spirob_interfaces/share/spirob_interfaces/hook/cmake_prefix_path.dsv'
[2.097s] INFO:colcon.colcon_core.shell:Creating environment hook '/home/zach/huy/tendon_clf/ros/install/spirob_interfaces/share/spirob_interfaces/hook/cmake_prefix_path.sh'
[2.098s] Level 1:colcon.colcon_core.environment:checking '/home/zach/huy/tendon_clf/ros/install/spirob_interfaces/lib'
[2.098s] Level 1:colcon.colcon_core.shell:create_environment_hook('spirob_interfaces', 'ld_library_path_lib')
[2.098s] INFO:colcon.colcon_core.shell:Creating environment descriptor '/home/zach/huy/tendon_clf/ros/install/spirob_interfaces/share/spirob_interfaces/hook/ld_library_path_lib.dsv'
[2.099s] INFO:colcon.colcon_core.shell:Creating environment hook '/home/zach/huy/tendon_clf/ros/install/spirob_interfaces/share/spirob_interfaces/hook/ld_library_path_lib.sh'
[2.099s] Level 1:colcon.colcon_core.environment:checking '/home/zach/huy/tendon_clf/ros/install/spirob_interfaces/bin'
[2.099s] Level 1:colcon.colcon_core.environment:checking '/home/zach/huy/tendon_clf/ros/install/spirob_interfaces/lib/pkgconfig/spirob_interfaces.pc'
[2.102s] Level 1:colcon.colcon_core.environment:checking '/home/zach/huy/tendon_clf/ros/install/spirob_interfaces/lib/python3.12/site-packages'
[2.102s] Level 1:colcon.colcon_core.shell:create_environment_hook('spirob_interfaces', 'pythonpath')
[2.102s] INFO:colcon.colcon_core.shell:Creating environment descriptor '/home/zach/huy/tendon_clf/ros/install/spirob_interfaces/share/spirob_interfaces/hook/pythonpath.dsv'
[2.103s] INFO:colcon.colcon_core.shell:Creating environment hook '/home/zach/huy/tendon_clf/ros/install/spirob_interfaces/share/spirob_interfaces/hook/pythonpath.sh'
[2.103s] Level 1:colcon.colcon_core.environment:checking '/home/zach/huy/tendon_clf/ros/install/spirob_interfaces/bin'
[2.103s] INFO:colcon.colcon_core.shell:Creating package descriptor '/home/zach/huy/tendon_clf/ros/install/spirob_interfaces/share/spirob_interfaces/package.dsv'
[2.104s] INFO:colcon.colcon_core.shell:Creating package script '/home/zach/huy/tendon_clf/ros/install/spirob_interfaces/share/spirob_interfaces/package.sh'
[2.105s] INFO:colcon.colcon_core.shell:Creating package script '/home/zach/huy/tendon_clf/ros/install/spirob_interfaces/share/spirob_interfaces/package.bash'
[2.105s] INFO:colcon.colcon_core.shell:Creating package script '/home/zach/huy/tendon_clf/ros/install/spirob_interfaces/share/spirob_interfaces/package.zsh'
[2.106s] Level 1:colcon.colcon_core.environment:create_file_with_runtime_dependencies(/home/zach/huy/tendon_clf/ros/install/spirob_interfaces/share/colcon-core/packages/spirob_interfaces)
[2.107s] Level 1:colcon.colcon_core.environment:create_environment_scripts_only(spirob_interfaces)
[2.107s] Level 1:colcon.colcon_core.environment:checking '/home/zach/huy/tendon_clf/ros/install/spirob_interfaces' for CMake module files
[2.108s] Level 1:colcon.colcon_core.environment:checking '/home/zach/huy/tendon_clf/ros/install/spirob_interfaces' for CMake config files
[2.109s] Level 1:colcon.colcon_core.shell:create_environment_hook('spirob_interfaces', 'cmake_prefix_path')
[2.109s] INFO:colcon.colcon_core.shell:Creating environment descriptor '/home/zach/huy/tendon_clf/ros/install/spirob_interfaces/share/spirob_interfaces/hook/cmake_prefix_path.dsv'
[2.109s] INFO:colcon.colcon_core.shell:Creating environment hook '/home/zach/huy/tendon_clf/ros/install/spirob_interfaces/share/spirob_interfaces/hook/cmake_prefix_path.sh'
[2.110s] Level 1:colcon.colcon_core.environment:checking '/home/zach/huy/tendon_clf/ros/install/spirob_interfaces/lib'
[2.110s] Level 1:colcon.colcon_core.shell:create_environment_hook('spirob_interfaces', 'ld_library_path_lib')
[2.110s] INFO:colcon.colcon_core.shell:Creating environment descriptor '/home/zach/huy/tendon_clf/ros/install/spirob_interfaces/share/spirob_interfaces/hook/ld_library_path_lib.dsv'
[2.111s] INFO:colcon.colcon_core.shell:Creating environment hook '/home/zach/huy/tendon_clf/ros/install/spirob_interfaces/share/spirob_interfaces/hook/ld_library_path_lib.sh'
[2.111s] Level 1:colcon.colcon_core.environment:checking '/home/zach/huy/tendon_clf/ros/install/spirob_interfaces/bin'
[2.111s] Level 1:colcon.colcon_core.environment:checking '/home/zach/huy/tendon_clf/ros/install/spirob_interfaces/lib/pkgconfig/spirob_interfaces.pc'
[2.112s] Level 1:colcon.colcon_core.environment:checking '/home/zach/huy/tendon_clf/ros/install/spirob_interfaces/lib/python3.12/site-packages'
[2.112s] Level 1:colcon.colcon_core.shell:create_environment_hook('spirob_interfaces', 'pythonpath')
[2.112s] INFO:colcon.colcon_core.shell:Creating environment descriptor '/home/zach/huy/tendon_clf/ros/install/spirob_interfaces/share/spirob_interfaces/hook/pythonpath.dsv'
[2.112s] INFO:colcon.colcon_core.shell:Creating environment hook '/home/zach/huy/tendon_clf/ros/install/spirob_interfaces/share/spirob_interfaces/hook/pythonpath.sh'
[2.113s] Level 1:colcon.colcon_core.environment:checking '/home/zach/huy/tendon_clf/ros/install/spirob_interfaces/bin'
[2.113s] INFO:colcon.colcon_core.shell:Creating package descriptor '/home/zach/huy/tendon_clf/ros/install/spirob_interfaces/share/spirob_interfaces/package.dsv'
[2.114s] INFO:colcon.colcon_core.shell:Creating package script '/home/zach/huy/tendon_clf/ros/install/spirob_interfaces/share/spirob_interfaces/package.sh'
[2.114s] INFO:colcon.colcon_core.shell:Creating package script '/home/zach/huy/tendon_clf/ros/install/spirob_interfaces/share/spirob_interfaces/package.bash'
[2.115s] INFO:colcon.colcon_core.shell:Creating package script '/home/zach/huy/tendon_clf/ros/install/spirob_interfaces/share/spirob_interfaces/package.zsh'
[2.115s] Level 1:colcon.colcon_core.environment:create_file_with_runtime_dependencies(/home/zach/huy/tendon_clf/ros/install/spirob_interfaces/share/colcon-core/packages/spirob_interfaces)
[2.115s] INFO:colcon.colcon_ros.task.ament_python.build:Building ROS package in '/home/zach/huy/tendon_clf/ros/spirob_ros' with build type 'ament_python'
[2.116s] Level 1:colcon.colcon_core.shell:create_environment_hook('spirob_ros', 'ament_prefix_path')
[2.116s] INFO:colcon.colcon_core.shell:Creating environment descriptor '/home/zach/huy/tendon_clf/ros/install/spirob_ros/share/spirob_ros/hook/ament_prefix_path.dsv'
[2.117s] INFO:colcon.colcon_core.shell:Creating environment hook '/home/zach/huy/tendon_clf/ros/install/spirob_ros/share/spirob_ros/hook/ament_prefix_path.sh'
[2.117s] DEBUG:colcon.colcon_core.shell:Skip shell extension 'dsv' for command environment
[2.453s] INFO:colcon.colcon_core.task.python.build:Building Python package in '/home/zach/huy/tendon_clf/ros/spirob_ros'
[2.453s] DEBUG:colcon.colcon_core.shell:Skip shell extension 'dsv' for command environment
[3.166s] DEBUG:colcon.colcon_core.event_handler.log_command:Invoking command in '/home/zach/huy/tendon_clf/ros/build/spirob_ros': CONDA_PROMPT_MODIFIER=(nonlinear) DEBUGINFOD_URLS=https://debuginfod.ubuntu.com PYTHONPATH=/home/zach/huy/tendon_clf/ros/build/spirob_ros/prefix_override:/usr/lib/python3/dist-packages/colcon_core/task/python/colcon_distutils_commands:/home/zach/huy/tendon_clf/ros/install/spirob_ros/lib/python3.12/site-packages:/home/zach/huy/tendon_clf/ros/install/spirob_interfaces/lib/python3.12/site-packages:/home/zach/huy/tendon_clf/ros/build/spirob_ros:/home/zach/huy/tendon_clf/ros/install/spirob_ros/lib/python3.12/site-packages:/home/zach/drl-turtle/ros2_ws/install/turtle_rl/lib/python3.12/site-packages:/home/zach/drl-turtle/ros2_ws/install/turtle_interfaces/lib/python3.12/site-packages:/home/zach/drl-turtle/ros2_ws/install/turtle_hardware/lib/python3.12/site-packages:/home/zach/drl-turtle/ros2_ws/install/turtle_actions/lib/python3.12/site-packages:/home/zach/drl-turtle/ros2_ws/install/opencv_tests/lib/python3.12/site-packages:/home/zach/drl-turtle/ros2_ws/install/image_geometry/lib/python3.12/site-packages:/home/zach/drl-turtle/ros2_ws/install/cv_bridge/lib/python3.12/site-packages:/opt/ros/jazzy/lib/python3.12/site-packages /usr/bin/python3 -W ignore:setup.py install is deprecated -W ignore:easy_install command is deprecated setup.py develop --editable --build-directory /home/zach/huy/tendon_clf/ros/build/spirob_ros/build --no-deps symlink_data
[3.893s] Level 1:colcon.colcon_core.shell:create_environment_hook('spirob_ros', 'pythonpath_develop')
[3.894s] INFO:colcon.colcon_core.shell:Creating environment descriptor '/home/zach/huy/tendon_clf/ros/build/spirob_ros/share/spirob_ros/hook/pythonpath_develop.dsv'
[3.894s] DEBUG:colcon.colcon_core.event_handler.log_command:Invoked command in '/home/zach/huy/tendon_clf/ros/build/spirob_ros' returned '0': CONDA_PROMPT_MODIFIER=(nonlinear) DEBUGINFOD_URLS=https://debuginfod.ubuntu.com PYTHONPATH=/home/zach/huy/tendon_clf/ros/build/spirob_ros/prefix_override:/usr/lib/python3/dist-packages/colcon_core/task/python/colcon_distutils_commands:/home/zach/huy/tendon_clf/ros/install/spirob_ros/lib/python3.12/site-packages:/home/zach/huy/tendon_clf/ros/install/spirob_interfaces/lib/python3.12/site-packages:/home/zach/huy/tendon_clf/ros/build/spirob_ros:/home/zach/huy/tendon_clf/ros/install/spirob_ros/lib/python3.12/site-packages:/home/zach/drl-turtle/ros2_ws/install/turtle_rl/lib/python3.12/site-packages:/home/zach/drl-turtle/ros2_ws/install/turtle_interfaces/lib/python3.12/site-packages:/home/zach/drl-turtle/ros2_ws/install/turtle_hardware/lib/python3.12/site-packages:/home/zach/drl-turtle/ros2_ws/install/turtle_actions/lib/python3.12/site-packages:/home/zach/drl-turtle/ros2_ws/install/opencv_tests/lib/python3.12/site-packages:/home/zach/drl-turtle/ros2_ws/install/image_geometry/lib/python3.12/site-packages:/home/zach/drl-turtle/ros2_ws/install/cv_bridge/lib/python3.12/site-packages:/opt/ros/jazzy/lib/python3.12/site-packages /usr/bin/python3 -W ignore:setup.py install is deprecated -W ignore:easy_install command is deprecated setup.py develop --editable --build-directory /home/zach/huy/tendon_clf/ros/build/spirob_ros/build --no-deps symlink_data
[3.895s] INFO:colcon.colcon_core.shell:Creating environment hook '/home/zach/huy/tendon_clf/ros/build/spirob_ros/share/spirob_ros/hook/pythonpath_develop.sh'
[3.896s] Level 1:colcon.colcon_core.environment:checking '/home/zach/huy/tendon_clf/ros/install/spirob_ros' for CMake module files
[3.896s] Level 1:colcon.colcon_core.environment:checking '/home/zach/huy/tendon_clf/ros/install/spirob_ros' for CMake config files
[3.897s] Level 1:colcon.colcon_core.environment:checking '/home/zach/huy/tendon_clf/ros/install/spirob_ros/lib'
[3.897s] Level 1:colcon.colcon_core.environment:checking '/home/zach/huy/tendon_clf/ros/install/spirob_ros/bin'
[3.897s] Level 1:colcon.colcon_core.environment:checking '/home/zach/huy/tendon_clf/ros/install/spirob_ros/lib/pkgconfig/spirob_ros.pc'
[3.897s] Level 1:colcon.colcon_core.environment:checking '/home/zach/huy/tendon_clf/ros/install/spirob_ros/lib/python3.12/site-packages'
[3.897s] Level 1:colcon.colcon_core.shell:create_environment_hook('spirob_ros', 'pythonpath')
[3.897s] INFO:colcon.colcon_core.shell:Creating environment descriptor '/home/zach/huy/tendon_clf/ros/install/spirob_ros/share/spirob_ros/hook/pythonpath.dsv'
[3.897s] INFO:colcon.colcon_core.shell:Creating environment hook '/home/zach/huy/tendon_clf/ros/install/spirob_ros/share/spirob_ros/hook/pythonpath.sh'
[3.898s] Level 1:colcon.colcon_core.environment:checking '/home/zach/huy/tendon_clf/ros/install/spirob_ros/bin'
[3.898s] Level 1:colcon.colcon_core.environment:create_environment_scripts_only(spirob_ros)
[3.898s] INFO:colcon.colcon_core.shell:Creating package descriptor '/home/zach/huy/tendon_clf/ros/install/spirob_ros/share/spirob_ros/package.dsv'
[3.898s] INFO:colcon.colcon_core.shell:Creating package script '/home/zach/huy/tendon_clf/ros/install/spirob_ros/share/spirob_ros/package.sh'
[3.899s] INFO:colcon.colcon_core.shell:Creating package script '/home/zach/huy/tendon_clf/ros/install/spirob_ros/share/spirob_ros/package.bash'
[3.899s] INFO:colcon.colcon_core.shell:Creating package script '/home/zach/huy/tendon_clf/ros/install/spirob_ros/share/spirob_ros/package.zsh'
[3.899s] Level 1:colcon.colcon_core.environment:create_file_with_runtime_dependencies(/home/zach/huy/tendon_clf/ros/install/spirob_ros/share/colcon-core/packages/spirob_ros)
[3.900s] DEBUG:colcon.colcon_parallel_executor.executor.parallel:closing loop
[3.900s] DEBUG:colcon.colcon_parallel_executor.executor.parallel:loop closed
[3.900s] DEBUG:colcon.colcon_parallel_executor.executor.parallel:run_until_complete finished with '0'
[3.900s] DEBUG:colcon.colcon_core.event_reactor:joining thread
[3.909s] INFO:colcon.colcon_core.plugin_system:Skipping extension 'colcon_notification.desktop_notification.terminal_notifier': Not used on non-Darwin systems
[3.909s] INFO:colcon.colcon_core.plugin_system:Skipping extension 'colcon_notification.desktop_notification.win32': Not used on non-Windows systems
[3.909s] INFO:colcon.colcon_notification.desktop_notification:Sending desktop notification using 'notify2'
[3.924s] DEBUG:colcon.colcon_core.event_reactor:joined thread
[3.925s] INFO:colcon.colcon_core.shell:Creating prefix script '/home/zach/huy/tendon_clf/ros/install/local_setup.sh'
[3.926s] INFO:colcon.colcon_core.shell:Creating prefix util module '/home/zach/huy/tendon_clf/ros/install/_local_setup_util_sh.py'
[3.927s] INFO:colcon.colcon_core.shell:Creating prefix chain script '/home/zach/huy/tendon_clf/ros/install/setup.sh'
[3.928s] INFO:colcon.colcon_core.shell:Creating prefix script '/home/zach/huy/tendon_clf/ros/install/local_setup.bash'
[3.929s] INFO:colcon.colcon_core.shell:Creating prefix chain script '/home/zach/huy/tendon_clf/ros/install/setup.bash'
[3.931s] INFO:colcon.colcon_core.shell:Creating prefix script '/home/zach/huy/tendon_clf/ros/install/local_setup.zsh'
[3.932s] INFO:colcon.colcon_core.shell:Creating prefix chain script '/home/zach/huy/tendon_clf/ros/install/setup.zsh'
