[0.018s] Invoking command in '/home/zach/huy/tendon_clf/ros/build/spirob_interfaces': CMAKE_PREFIX_PATH=${CMAKE_PREFIX_PATH}:/home/zach/huy/tendon_clf/ros/install/spirob_ros:/home/zach/drl-turtle/ros2_ws/install/turtle_rl:/home/zach/drl-turtle/ros2_ws/install/turtle_hardware:/home/zach/drl-turtle/ros2_ws/install/opencv_tests:/opt/ros/jazzy DEBUGINFOD_URLS=https://debuginfod.ubuntu.com /usr/bin/cmake --build /home/zach/huy/tendon_clf/ros/build/spirob_interfaces -- -j16 -l16
[0.115s] [  1%] Built target spirob_interfaces__rosidl_generator_type_description
[0.135s] [  1%] Built target ament_cmake_python_symlink_spirob_interfaces
[0.167s] [  3%] Built target spirob_interfaces__cpp
[0.168s] [ 24%] Built target spirob_interfaces__rosidl_generator_c
[0.232s] [ 42%] Built target spirob_interfaces__rosidl_typesupport_c
[0.232s] [ 42%] Built target spirob_interfaces__rosidl_typesupport_introspection_c
[0.235s] [ 51%] Built target spirob_interfaces__rosidl_typesupport_fastrtps_cpp
[0.237s] [ 61%] Built target spirob_interfaces__rosidl_typesupport_cpp
[0.237s] [ 70%] Built target spirob_interfaces__rosidl_typesupport_fastrtps_c
[0.239s] [ 79%] Built target spirob_interfaces__rosidl_typesupport_introspection_cpp
[0.279s] [ 79%] Built target spirob_interfaces
[0.322s] [ 81%] Built target spirob_interfaces__py
[0.367s] [ 88%] Built target spirob_interfaces__rosidl_generator_py
[0.417s] [ 92%] Built target spirob_interfaces_s__rosidl_typesupport_fastrtps_c
[0.417s] [ 96%] Built target spirob_interfaces_s__rosidl_typesupport_c
[0.418s] [100%] Built target spirob_interfaces_s__rosidl_typesupport_introspection_c
[0.542s] running egg_info
[0.587s] writing spirob_interfaces.egg-info/PKG-INFO
[0.588s] writing dependency_links to spirob_interfaces.egg-info/dependency_links.txt
[0.588s] writing top-level names to spirob_interfaces.egg-info/top_level.txt
[0.692s] reading manifest file 'spirob_interfaces.egg-info/SOURCES.txt'
[0.693s] writing manifest file 'spirob_interfaces.egg-info/SOURCES.txt'
[0.739s] [100%] Built target ament_cmake_python_build_spirob_interfaces_egg
[0.761s] Invoked command in '/home/zach/huy/tendon_clf/ros/build/spirob_interfaces' returned '0': CMAKE_PREFIX_PATH=${CMAKE_PREFIX_PATH}:/home/zach/huy/tendon_clf/ros/install/spirob_ros:/home/zach/drl-turtle/ros2_ws/install/turtle_rl:/home/zach/drl-turtle/ros2_ws/install/turtle_hardware:/home/zach/drl-turtle/ros2_ws/install/opencv_tests:/opt/ros/jazzy DEBUGINFOD_URLS=https://debuginfod.ubuntu.com /usr/bin/cmake --build /home/zach/huy/tendon_clf/ros/build/spirob_interfaces -- -j16 -l16
[0.777s] Invoking command in '/home/zach/huy/tendon_clf/ros/build/spirob_interfaces': CMAKE_PREFIX_PATH=${CMAKE_PREFIX_PATH}:/home/zach/huy/tendon_clf/ros/install/spirob_ros:/home/zach/drl-turtle/ros2_ws/install/turtle_rl:/home/zach/drl-turtle/ros2_ws/install/turtle_hardware:/home/zach/drl-turtle/ros2_ws/install/opencv_tests:/opt/ros/jazzy DEBUGINFOD_URLS=https://debuginfod.ubuntu.com /usr/bin/cmake --install /home/zach/huy/tendon_clf/ros/build/spirob_interfaces
[0.791s] -- Install configuration: ""
[0.791s] -- Execute custom install script
[0.792s] -- Up-to-date symlink: /home/zach/huy/tendon_clf/ros/install/spirob_interfaces/share/ament_index/resource_index/rosidl_interfaces/spirob_interfaces
[0.792s] -- Up-to-date symlink: /home/zach/huy/tendon_clf/ros/install/spirob_interfaces/share/spirob_interfaces/msg/MotorState.json
[0.792s] -- Up-to-date symlink: /home/zach/huy/tendon_clf/ros/install/spirob_interfaces/share/spirob_interfaces/msg/MotorCommand.json
[0.793s] -- Up-to-date symlink: /home/zach/huy/tendon_clf/ros/install/spirob_interfaces/share/spirob_interfaces/msg/RobotState.json
[0.793s] -- Up-to-date symlink: /home/zach/huy/tendon_clf/ros/install/spirob_interfaces/include/spirob_interfaces/spirob_interfaces/msg/detail/motor_command__functions.h
[0.794s] -- Up-to-date symlink: /home/zach/huy/tendon_clf/ros/install/spirob_interfaces/include/spirob_interfaces/spirob_interfaces/msg/detail/motor_command__struct.h
[0.794s] -- Up-to-date symlink: /home/zach/huy/tendon_clf/ros/install/spirob_interfaces/include/spirob_interfaces/spirob_interfaces/msg/detail/motor_command__type_support.h
[0.794s] -- Up-to-date symlink: /home/zach/huy/tendon_clf/ros/install/spirob_interfaces/include/spirob_interfaces/spirob_interfaces/msg/detail/motor_state__functions.h
[0.794s] -- Up-to-date symlink: /home/zach/huy/tendon_clf/ros/install/spirob_interfaces/include/spirob_interfaces/spirob_interfaces/msg/detail/motor_state__struct.h
[0.794s] -- Up-to-date symlink: /home/zach/huy/tendon_clf/ros/install/spirob_interfaces/include/spirob_interfaces/spirob_interfaces/msg/detail/motor_state__type_support.h
[0.795s] -- Up-to-date symlink: /home/zach/huy/tendon_clf/ros/install/spirob_interfaces/include/spirob_interfaces/spirob_interfaces/msg/detail/robot_state__functions.h
[0.795s] -- Up-to-date symlink: /home/zach/huy/tendon_clf/ros/install/spirob_interfaces/include/spirob_interfaces/spirob_interfaces/msg/detail/robot_state__struct.h
[0.795s] -- Up-to-date symlink: /home/zach/huy/tendon_clf/ros/install/spirob_interfaces/include/spirob_interfaces/spirob_interfaces/msg/detail/robot_state__type_support.h
[0.795s] -- Up-to-date symlink: /home/zach/huy/tendon_clf/ros/install/spirob_interfaces/include/spirob_interfaces/spirob_interfaces/msg/motor_command.h
[0.795s] -- Up-to-date symlink: /home/zach/huy/tendon_clf/ros/install/spirob_interfaces/include/spirob_interfaces/spirob_interfaces/msg/motor_state.h
[0.796s] -- Up-to-date symlink: /home/zach/huy/tendon_clf/ros/install/spirob_interfaces/include/spirob_interfaces/spirob_interfaces/msg/robot_state.h
[0.796s] -- Up-to-date symlink: /home/zach/huy/tendon_clf/ros/install/spirob_interfaces/include/spirob_interfaces/spirob_interfaces/msg/rosidl_generator_c__visibility_control.h
[0.796s] -- Up-to-date symlink: /home/zach/huy/tendon_clf/ros/install/spirob_interfaces/share/spirob_interfaces/environment/library_path.sh
[0.796s] -- Up-to-date symlink: /home/zach/huy/tendon_clf/ros/install/spirob_interfaces/share/spirob_interfaces/environment/library_path.dsv
[0.797s] -- Up-to-date symlink: /home/zach/huy/tendon_clf/ros/install/spirob_interfaces/include/spirob_interfaces/spirob_interfaces/msg/detail/motor_command__rosidl_typesupport_fastrtps_c.h
[0.797s] -- Up-to-date symlink: /home/zach/huy/tendon_clf/ros/install/spirob_interfaces/include/spirob_interfaces/spirob_interfaces/msg/detail/motor_state__rosidl_typesupport_fastrtps_c.h
[0.797s] -- Up-to-date symlink: /home/zach/huy/tendon_clf/ros/install/spirob_interfaces/include/spirob_interfaces/spirob_interfaces/msg/detail/robot_state__rosidl_typesupport_fastrtps_c.h
[0.798s] -- Up-to-date symlink: /home/zach/huy/tendon_clf/ros/install/spirob_interfaces/include/spirob_interfaces/spirob_interfaces/msg/rosidl_typesupport_fastrtps_c__visibility_control.h
[0.798s] -- Up-to-date symlink: /home/zach/huy/tendon_clf/ros/install/spirob_interfaces/include/spirob_interfaces/spirob_interfaces/msg/detail/motor_command__rosidl_typesupport_introspection_c.h
[0.799s] -- Up-to-date symlink: /home/zach/huy/tendon_clf/ros/install/spirob_interfaces/include/spirob_interfaces/spirob_interfaces/msg/detail/motor_state__rosidl_typesupport_introspection_c.h
[0.799s] -- Up-to-date symlink: /home/zach/huy/tendon_clf/ros/install/spirob_interfaces/include/spirob_interfaces/spirob_interfaces/msg/detail/robot_state__rosidl_typesupport_introspection_c.h
[0.799s] -- Up-to-date symlink: /home/zach/huy/tendon_clf/ros/install/spirob_interfaces/include/spirob_interfaces/spirob_interfaces/msg/rosidl_typesupport_introspection_c__visibility_control.h
[0.800s] -- Up-to-date symlink: /home/zach/huy/tendon_clf/ros/install/spirob_interfaces/include/spirob_interfaces/spirob_interfaces/msg/detail/motor_command__builder.hpp
[0.800s] -- Up-to-date symlink: /home/zach/huy/tendon_clf/ros/install/spirob_interfaces/include/spirob_interfaces/spirob_interfaces/msg/detail/motor_command__struct.hpp
[0.800s] -- Up-to-date symlink: /home/zach/huy/tendon_clf/ros/install/spirob_interfaces/include/spirob_interfaces/spirob_interfaces/msg/detail/motor_command__traits.hpp
[0.800s] -- Up-to-date symlink: /home/zach/huy/tendon_clf/ros/install/spirob_interfaces/include/spirob_interfaces/spirob_interfaces/msg/detail/motor_command__type_support.hpp
[0.800s] -- Up-to-date symlink: /home/zach/huy/tendon_clf/ros/install/spirob_interfaces/include/spirob_interfaces/spirob_interfaces/msg/detail/motor_state__builder.hpp
[0.800s] -- Up-to-date symlink: /home/zach/huy/tendon_clf/ros/install/spirob_interfaces/include/spirob_interfaces/spirob_interfaces/msg/detail/motor_state__struct.hpp
[0.801s] -- Up-to-date symlink: /home/zach/huy/tendon_clf/ros/install/spirob_interfaces/include/spirob_interfaces/spirob_interfaces/msg/detail/motor_state__traits.hpp
[0.801s] -- Up-to-date symlink: /home/zach/huy/tendon_clf/ros/install/spirob_interfaces/include/spirob_interfaces/spirob_interfaces/msg/detail/motor_state__type_support.hpp
[0.801s] -- Up-to-date symlink: /home/zach/huy/tendon_clf/ros/install/spirob_interfaces/include/spirob_interfaces/spirob_interfaces/msg/detail/robot_state__builder.hpp
[0.801s] -- Up-to-date symlink: /home/zach/huy/tendon_clf/ros/install/spirob_interfaces/include/spirob_interfaces/spirob_interfaces/msg/detail/robot_state__struct.hpp
[0.801s] -- Up-to-date symlink: /home/zach/huy/tendon_clf/ros/install/spirob_interfaces/include/spirob_interfaces/spirob_interfaces/msg/detail/robot_state__traits.hpp
[0.802s] -- Up-to-date symlink: /home/zach/huy/tendon_clf/ros/install/spirob_interfaces/include/spirob_interfaces/spirob_interfaces/msg/detail/robot_state__type_support.hpp
[0.802s] -- Up-to-date symlink: /home/zach/huy/tendon_clf/ros/install/spirob_interfaces/include/spirob_interfaces/spirob_interfaces/msg/motor_command.hpp
[0.802s] -- Up-to-date symlink: /home/zach/huy/tendon_clf/ros/install/spirob_interfaces/include/spirob_interfaces/spirob_interfaces/msg/motor_state.hpp
[0.802s] -- Up-to-date symlink: /home/zach/huy/tendon_clf/ros/install/spirob_interfaces/include/spirob_interfaces/spirob_interfaces/msg/robot_state.hpp
[0.802s] -- Up-to-date symlink: /home/zach/huy/tendon_clf/ros/install/spirob_interfaces/include/spirob_interfaces/spirob_interfaces/msg/rosidl_generator_cpp__visibility_control.hpp
[0.803s] -- Up-to-date symlink: /home/zach/huy/tendon_clf/ros/install/spirob_interfaces/include/spirob_interfaces/spirob_interfaces/msg/detail/motor_command__rosidl_typesupport_fastrtps_cpp.hpp
[0.803s] -- Up-to-date symlink: /home/zach/huy/tendon_clf/ros/install/spirob_interfaces/include/spirob_interfaces/spirob_interfaces/msg/detail/motor_state__rosidl_typesupport_fastrtps_cpp.hpp
[0.804s] -- Up-to-date symlink: /home/zach/huy/tendon_clf/ros/install/spirob_interfaces/include/spirob_interfaces/spirob_interfaces/msg/detail/robot_state__rosidl_typesupport_fastrtps_cpp.hpp
[0.804s] -- Up-to-date symlink: /home/zach/huy/tendon_clf/ros/install/spirob_interfaces/include/spirob_interfaces/spirob_interfaces/msg/rosidl_typesupport_fastrtps_cpp__visibility_control.h
[0.805s] -- Up-to-date symlink: /home/zach/huy/tendon_clf/ros/install/spirob_interfaces/include/spirob_interfaces/spirob_interfaces/msg/detail/motor_command__rosidl_typesupport_introspection_cpp.hpp
[0.805s] -- Up-to-date symlink: /home/zach/huy/tendon_clf/ros/install/spirob_interfaces/include/spirob_interfaces/spirob_interfaces/msg/detail/motor_state__rosidl_typesupport_introspection_cpp.hpp
[0.805s] -- Up-to-date symlink: /home/zach/huy/tendon_clf/ros/install/spirob_interfaces/include/spirob_interfaces/spirob_interfaces/msg/detail/robot_state__rosidl_typesupport_introspection_cpp.hpp
[0.805s] -- Up-to-date symlink: /home/zach/huy/tendon_clf/ros/install/spirob_interfaces/share/spirob_interfaces/environment/pythonpath.sh
[0.806s] -- Up-to-date symlink: /home/zach/huy/tendon_clf/ros/install/spirob_interfaces/share/spirob_interfaces/environment/pythonpath.dsv
[0.806s] -- Up-to-date symlink: /home/zach/huy/tendon_clf/ros/install/spirob_interfaces/lib/python3.12/site-packages/spirob_interfaces-0.0.1-py3.12.egg-info/PKG-INFO
[0.806s] -- Up-to-date symlink: /home/zach/huy/tendon_clf/ros/install/spirob_interfaces/lib/python3.12/site-packages/spirob_interfaces-0.0.1-py3.12.egg-info/SOURCES.txt
[0.807s] -- Up-to-date symlink: /home/zach/huy/tendon_clf/ros/install/spirob_interfaces/lib/python3.12/site-packages/spirob_interfaces-0.0.1-py3.12.egg-info/dependency_links.txt
[0.807s] -- Up-to-date symlink: /home/zach/huy/tendon_clf/ros/install/spirob_interfaces/lib/python3.12/site-packages/spirob_interfaces-0.0.1-py3.12.egg-info/top_level.txt
[0.808s] -- Up-to-date symlink: /home/zach/huy/tendon_clf/ros/install/spirob_interfaces/lib/python3.12/site-packages/spirob_interfaces/__init__.py
[0.808s] -- Up-to-date symlink: /home/zach/huy/tendon_clf/ros/install/spirob_interfaces/lib/python3.12/site-packages/spirob_interfaces/_spirob_interfaces_s.ep.rosidl_typesupport_c.c
[0.808s] -- Up-to-date symlink: /home/zach/huy/tendon_clf/ros/install/spirob_interfaces/lib/python3.12/site-packages/spirob_interfaces/_spirob_interfaces_s.ep.rosidl_typesupport_fastrtps_c.c
[0.809s] -- Up-to-date symlink: /home/zach/huy/tendon_clf/ros/install/spirob_interfaces/lib/python3.12/site-packages/spirob_interfaces/_spirob_interfaces_s.ep.rosidl_typesupport_introspection_c.c
[0.809s] -- Up-to-date symlink: /home/zach/huy/tendon_clf/ros/install/spirob_interfaces/lib/python3.12/site-packages/spirob_interfaces/msg/__init__.py
[0.809s] -- Up-to-date symlink: /home/zach/huy/tendon_clf/ros/install/spirob_interfaces/lib/python3.12/site-packages/spirob_interfaces/msg/_motor_command.py
[0.809s] -- Up-to-date symlink: /home/zach/huy/tendon_clf/ros/install/spirob_interfaces/lib/python3.12/site-packages/spirob_interfaces/msg/_motor_command_s.c
[0.810s] -- Up-to-date symlink: /home/zach/huy/tendon_clf/ros/install/spirob_interfaces/lib/python3.12/site-packages/spirob_interfaces/msg/_motor_state.py
[0.810s] -- Up-to-date symlink: /home/zach/huy/tendon_clf/ros/install/spirob_interfaces/lib/python3.12/site-packages/spirob_interfaces/msg/_motor_state_s.c
[0.810s] -- Up-to-date symlink: /home/zach/huy/tendon_clf/ros/install/spirob_interfaces/lib/python3.12/site-packages/spirob_interfaces/msg/_robot_state.py
[0.810s] -- Up-to-date symlink: /home/zach/huy/tendon_clf/ros/install/spirob_interfaces/lib/python3.12/site-packages/spirob_interfaces/msg/_robot_state_s.c
[0.810s] -- Up-to-date symlink: /home/zach/huy/tendon_clf/ros/install/spirob_interfaces/lib/python3.12/site-packages/spirob_interfaces/spirob_interfaces_s__rosidl_typesupport_c.so
[0.811s] -- Up-to-date symlink: /home/zach/huy/tendon_clf/ros/install/spirob_interfaces/lib/python3.12/site-packages/spirob_interfaces/spirob_interfaces_s__rosidl_typesupport_fastrtps_c.so
[0.811s] -- Up-to-date symlink: /home/zach/huy/tendon_clf/ros/install/spirob_interfaces/lib/python3.12/site-packages/spirob_interfaces/spirob_interfaces_s__rosidl_typesupport_introspection_c.so
[0.811s] -- Up-to-date symlink: /home/zach/huy/tendon_clf/ros/install/spirob_interfaces/lib/python3.12/site-packages/spirob_interfaces/spirob_interfaces_s__rosidl_typesupport_fastrtps_c.so
[0.812s] -- Up-to-date symlink: /home/zach/huy/tendon_clf/ros/install/spirob_interfaces/lib/python3.12/site-packages/spirob_interfaces/spirob_interfaces_s__rosidl_typesupport_introspection_c.so
[0.812s] -- Up-to-date symlink: /home/zach/huy/tendon_clf/ros/install/spirob_interfaces/lib/python3.12/site-packages/spirob_interfaces/spirob_interfaces_s__rosidl_typesupport_c.so
[0.812s] -- Up-to-date symlink: /home/zach/huy/tendon_clf/ros/install/spirob_interfaces/share/spirob_interfaces/msg/MotorState.idl
[0.812s] -- Up-to-date symlink: /home/zach/huy/tendon_clf/ros/install/spirob_interfaces/share/spirob_interfaces/msg/MotorCommand.idl
[0.813s] -- Up-to-date symlink: /home/zach/huy/tendon_clf/ros/install/spirob_interfaces/share/spirob_interfaces/msg/RobotState.idl
[0.813s] -- Up-to-date symlink: /home/zach/huy/tendon_clf/ros/install/spirob_interfaces/share/spirob_interfaces/msg/MotorState.msg
[0.813s] -- Up-to-date symlink: /home/zach/huy/tendon_clf/ros/install/spirob_interfaces/share/spirob_interfaces/msg/MotorCommand.msg
[0.813s] -- Up-to-date symlink: /home/zach/huy/tendon_clf/ros/install/spirob_interfaces/share/spirob_interfaces/msg/RobotState.msg
[0.814s] -- Up-to-date symlink: /home/zach/huy/tendon_clf/ros/install/spirob_interfaces/share/ament_index/resource_index/package_run_dependencies/spirob_interfaces
[0.814s] -- Up-to-date symlink: /home/zach/huy/tendon_clf/ros/install/spirob_interfaces/share/ament_index/resource_index/parent_prefix_path/spirob_interfaces
[0.814s] -- Up-to-date symlink: /home/zach/huy/tendon_clf/ros/install/spirob_interfaces/share/spirob_interfaces/environment/ament_prefix_path.sh
[0.814s] -- Up-to-date symlink: /home/zach/huy/tendon_clf/ros/install/spirob_interfaces/share/spirob_interfaces/environment/ament_prefix_path.dsv
[0.814s] -- Up-to-date symlink: /home/zach/huy/tendon_clf/ros/install/spirob_interfaces/share/spirob_interfaces/environment/path.sh
[0.815s] -- Up-to-date symlink: /home/zach/huy/tendon_clf/ros/install/spirob_interfaces/share/spirob_interfaces/environment/path.dsv
[0.815s] -- Up-to-date symlink: /home/zach/huy/tendon_clf/ros/install/spirob_interfaces/share/spirob_interfaces/local_setup.bash
[0.815s] -- Up-to-date symlink: /home/zach/huy/tendon_clf/ros/install/spirob_interfaces/share/spirob_interfaces/local_setup.sh
[0.815s] -- Up-to-date symlink: /home/zach/huy/tendon_clf/ros/install/spirob_interfaces/share/spirob_interfaces/local_setup.zsh
[0.815s] -- Up-to-date symlink: /home/zach/huy/tendon_clf/ros/install/spirob_interfaces/share/spirob_interfaces/local_setup.dsv
[0.816s] -- Symlinking: /home/zach/huy/tendon_clf/ros/install/spirob_interfaces/share/spirob_interfaces/package.dsv
[0.834s] -- Up-to-date symlink: /home/zach/huy/tendon_clf/ros/install/spirob_interfaces/share/ament_index/resource_index/packages/spirob_interfaces
[0.834s] -- Up-to-date symlink: /home/zach/huy/tendon_clf/ros/install/spirob_interfaces/share/spirob_interfaces/cmake/rosidl_cmake-extras.cmake
[0.834s] -- Up-to-date symlink: /home/zach/huy/tendon_clf/ros/install/spirob_interfaces/share/spirob_interfaces/cmake/ament_cmake_export_dependencies-extras.cmake
[0.834s] -- Up-to-date symlink: /home/zach/huy/tendon_clf/ros/install/spirob_interfaces/share/spirob_interfaces/cmake/ament_cmake_export_include_directories-extras.cmake
[0.835s] -- Up-to-date symlink: /home/zach/huy/tendon_clf/ros/install/spirob_interfaces/share/spirob_interfaces/cmake/ament_cmake_export_libraries-extras.cmake
[0.835s] -- Up-to-date symlink: /home/zach/huy/tendon_clf/ros/install/spirob_interfaces/share/spirob_interfaces/cmake/ament_cmake_export_targets-extras.cmake
[0.835s] -- Up-to-date symlink: /home/zach/huy/tendon_clf/ros/install/spirob_interfaces/share/spirob_interfaces/cmake/rosidl_cmake_export_typesupport_targets-extras.cmake
[0.835s] -- Up-to-date symlink: /home/zach/huy/tendon_clf/ros/install/spirob_interfaces/share/spirob_interfaces/cmake/rosidl_cmake_export_typesupport_libraries-extras.cmake
[0.836s] -- Up-to-date symlink: /home/zach/huy/tendon_clf/ros/install/spirob_interfaces/share/spirob_interfaces/cmake/spirob_interfacesConfig.cmake
[0.836s] -- Up-to-date symlink: /home/zach/huy/tendon_clf/ros/install/spirob_interfaces/share/spirob_interfaces/cmake/spirob_interfacesConfig-version.cmake
[0.836s] -- Up-to-date symlink: /home/zach/huy/tendon_clf/ros/install/spirob_interfaces/share/spirob_interfaces/package.xml
[0.837s] -- Up-to-date: /home/zach/huy/tendon_clf/ros/install/spirob_interfaces/lib/libspirob_interfaces__rosidl_generator_c.so
[0.837s] -- Up-to-date: /home/zach/huy/tendon_clf/ros/install/spirob_interfaces/lib/libspirob_interfaces__rosidl_typesupport_fastrtps_c.so
[0.838s] -- Up-to-date: /home/zach/huy/tendon_clf/ros/install/spirob_interfaces/lib/libspirob_interfaces__rosidl_typesupport_introspection_c.so
[0.839s] -- Up-to-date: /home/zach/huy/tendon_clf/ros/install/spirob_interfaces/lib/libspirob_interfaces__rosidl_typesupport_c.so
[0.839s] -- Up-to-date: /home/zach/huy/tendon_clf/ros/install/spirob_interfaces/lib/libspirob_interfaces__rosidl_typesupport_fastrtps_cpp.so
[0.840s] -- Up-to-date: /home/zach/huy/tendon_clf/ros/install/spirob_interfaces/lib/libspirob_interfaces__rosidl_typesupport_introspection_cpp.so
[0.841s] -- Up-to-date: /home/zach/huy/tendon_clf/ros/install/spirob_interfaces/lib/libspirob_interfaces__rosidl_typesupport_cpp.so
[0.901s] Listing '/home/zach/huy/tendon_clf/ros/install/spirob_interfaces/lib/python3.12/site-packages/spirob_interfaces'...
[0.901s] Listing '/home/zach/huy/tendon_clf/ros/install/spirob_interfaces/lib/python3.12/site-packages/spirob_interfaces/msg'...
[0.910s] -- Up-to-date: /home/zach/huy/tendon_clf/ros/install/spirob_interfaces/lib/libspirob_interfaces__rosidl_generator_py.so
[0.910s] -- Up-to-date: /home/zach/huy/tendon_clf/ros/install/spirob_interfaces/share/spirob_interfaces/cmake/export_spirob_interfaces__rosidl_generator_cExport.cmake
[0.911s] -- Up-to-date: /home/zach/huy/tendon_clf/ros/install/spirob_interfaces/share/spirob_interfaces/cmake/export_spirob_interfaces__rosidl_generator_cExport-noconfig.cmake
[0.911s] -- Up-to-date: /home/zach/huy/tendon_clf/ros/install/spirob_interfaces/share/spirob_interfaces/cmake/export_spirob_interfaces__rosidl_typesupport_fastrtps_cExport.cmake
[0.911s] -- Up-to-date: /home/zach/huy/tendon_clf/ros/install/spirob_interfaces/share/spirob_interfaces/cmake/export_spirob_interfaces__rosidl_typesupport_fastrtps_cExport-noconfig.cmake
[0.911s] -- Up-to-date: /home/zach/huy/tendon_clf/ros/install/spirob_interfaces/share/spirob_interfaces/cmake/spirob_interfaces__rosidl_typesupport_introspection_cExport.cmake
[0.911s] -- Up-to-date: /home/zach/huy/tendon_clf/ros/install/spirob_interfaces/share/spirob_interfaces/cmake/spirob_interfaces__rosidl_typesupport_introspection_cExport-noconfig.cmake
[0.911s] -- Up-to-date: /home/zach/huy/tendon_clf/ros/install/spirob_interfaces/share/spirob_interfaces/cmake/spirob_interfaces__rosidl_typesupport_cExport.cmake
[0.912s] -- Up-to-date: /home/zach/huy/tendon_clf/ros/install/spirob_interfaces/share/spirob_interfaces/cmake/spirob_interfaces__rosidl_typesupport_cExport-noconfig.cmake
[0.912s] -- Up-to-date: /home/zach/huy/tendon_clf/ros/install/spirob_interfaces/share/spirob_interfaces/cmake/export_spirob_interfaces__rosidl_generator_cppExport.cmake
[0.912s] -- Up-to-date: /home/zach/huy/tendon_clf/ros/install/spirob_interfaces/share/spirob_interfaces/cmake/export_spirob_interfaces__rosidl_typesupport_fastrtps_cppExport.cmake
[0.912s] -- Up-to-date: /home/zach/huy/tendon_clf/ros/install/spirob_interfaces/share/spirob_interfaces/cmake/export_spirob_interfaces__rosidl_typesupport_fastrtps_cppExport-noconfig.cmake
[0.912s] -- Up-to-date: /home/zach/huy/tendon_clf/ros/install/spirob_interfaces/share/spirob_interfaces/cmake/spirob_interfaces__rosidl_typesupport_introspection_cppExport.cmake
[0.912s] -- Up-to-date: /home/zach/huy/tendon_clf/ros/install/spirob_interfaces/share/spirob_interfaces/cmake/spirob_interfaces__rosidl_typesupport_introspection_cppExport-noconfig.cmake
[0.912s] -- Up-to-date: /home/zach/huy/tendon_clf/ros/install/spirob_interfaces/share/spirob_interfaces/cmake/spirob_interfaces__rosidl_typesupport_cppExport.cmake
[0.913s] -- Up-to-date: /home/zach/huy/tendon_clf/ros/install/spirob_interfaces/share/spirob_interfaces/cmake/spirob_interfaces__rosidl_typesupport_cppExport-noconfig.cmake
[0.913s] -- Up-to-date: /home/zach/huy/tendon_clf/ros/install/spirob_interfaces/share/spirob_interfaces/cmake/export_spirob_interfaces__rosidl_generator_pyExport.cmake
[0.913s] -- Up-to-date: /home/zach/huy/tendon_clf/ros/install/spirob_interfaces/share/spirob_interfaces/cmake/export_spirob_interfaces__rosidl_generator_pyExport-noconfig.cmake
[0.917s] Invoked command in '/home/zach/huy/tendon_clf/ros/build/spirob_interfaces' returned '0': CMAKE_PREFIX_PATH=${CMAKE_PREFIX_PATH}:/home/zach/huy/tendon_clf/ros/install/spirob_ros:/home/zach/drl-turtle/ros2_ws/install/turtle_rl:/home/zach/drl-turtle/ros2_ws/install/turtle_hardware:/home/zach/drl-turtle/ros2_ws/install/opencv_tests:/opt/ros/jazzy DEBUGINFOD_URLS=https://debuginfod.ubuntu.com /usr/bin/cmake --install /home/zach/huy/tendon_clf/ros/build/spirob_interfaces
